<?xml version="1.0" encoding="utf-8"?><testsuites name="pytest tests"><testsuite name="pytest" errors="62" failures="0" skipped="0" tests="66" time="258.036" timestamp="2026-06-26T20:13:12.470298+00:00" hostname="ubuntu1"><testcase classname="apps.api.tests.test_views.TestProtectedView" name="test_protected_view_unauthenticated" time="0.626"><error message="failed on setup with &quot;django.db.utils.OperationalError: connection failed: connection to server at &quot;127.0.0.1&quot;, port 5432 failed: FATAL:  password authentication failed for user &quot;postgres&quot;&#10;Multiple connection attempts failed. All failures were:&#10;- host: 'localhost', port: 5432, hostaddr: '::1': connection failed: connection to server at &quot;::1&quot;, port 5432 failed: FATAL:  password authentication failed for user &quot;postgres&quot;&#10;- host: 'localhost', port: 5432, hostaddr: '127.0.0.1': connection failed: connection to server at &quot;127.0.0.1&quot;, port 5432 failed: FATAL:  password authentication failed for user &quot;postgres&quot;&quot;">venv/lib/python3.12/site-packages/django/db/backends/base/base.py:279: in ensure_connection
    self.connect()
venv/lib/python3.12/site-packages/django/utils/asyncio.py:26: in inner
    return func(*args, **kwargs)
           ^^^^^^^^^^^^^^^^^^^^^
venv/lib/python3.12/site-packages/django/db/backends/base/base.py:256: in connect
    self.connection = self.get_new_connection(conn_params)
                      ^^^^^^^^^^^^^^^^^^^^^^^^^^^^^^^^^^^^
venv/lib/python3.12/site-packages/django/utils/asyncio.py:26: in inner
    return func(*args, **kwargs)
           ^^^^^^^^^^^^^^^^^^^^^
venv/lib/python3.12/site-packages/django/db/backends/postgresql/base.py:333: in get_new_connection
    connection = self.Database.connect(**conn_params)
                 ^^^^^^^^^^^^^^^^^^^^^^^^^^^^^^^^^^^^
venv/lib/python3.12/site-packages/psycopg/connection.py:130: in connect
    raise new_ex.with_traceback(None)
E   psycopg.OperationalError: connection failed: connection to server at "127.0.0.1", port 5432 failed: FATAL:  password authentication failed for user "postgres"
E   Multiple connection attempts failed. All failures were:
E   - host: 'localhost', port: 5432, hostaddr: '::1': connection failed: connection to server at "::1", port 5432 failed: FATAL:  password authentication failed for user "postgres"
E   - host: 'localhost', port: 5432, hostaddr: '127.0.0.1': connection failed: connection to server at "127.0.0.1", port 5432 failed: FATAL:  password authentication failed for user "postgres"

The above exception was the direct cause of the following exception:
venv/lib/python3.12/site-packages/pytest_asyncio/plugin.py:728: in pytest_fixture_setup
    return (yield)
            ^^^^^
venv/lib/python3.12/site-packages/pytest_django/plugin.py:566: in _django_db_marker
    request.getfixturevalue("_django_db_helper")
venv/lib/python3.12/site-packages/pytest_asyncio/plugin.py:728: in pytest_fixture_setup
    return (yield)
            ^^^^^
conftest.py:53: in django_db_setup
    tenant, _ = TenantModel.objects.get_or_create(
venv/lib/python3.12/site-packages/django/db/models/manager.py:87: in manager_method
    return getattr(self.get_queryset(), name)(*args, **kwargs)
           ^^^^^^^^^^^^^^^^^^^^^^^^^^^^^^^^^^^^^^^^^^^^^^^^^^^
venv/lib/python3.12/site-packages/django/db/models/query.py:987: in get_or_create
    return self.get(**kwargs), False
           ^^^^^^^^^^^^^^^^^^
venv/lib/python3.12/site-packages/django/db/models/query.py:635: in get
    num = len(clone)
          ^^^^^^^^^^
venv/lib/python3.12/site-packages/django/db/models/query.py:372: in __len__
    self._fetch_all()
venv/lib/python3.12/site-packages/django/db/models/query.py:2000: in _fetch_all
    self._result_cache = list(self._iterable_class(self))
                         ^^^^^^^^^^^^^^^^^^^^^^^^^^^^^^^^
venv/lib/python3.12/site-packages/django/db/models/query.py:95: in __iter__
    results = compiler.execute_sql(
venv/lib/python3.12/site-packages/django/db/models/sql/compiler.py:1622: in execute_sql
    cursor = self.connection.cursor()
             ^^^^^^^^^^^^^^^^^^^^^^^^
venv/lib/python3.12/site-packages/django/utils/asyncio.py:26: in inner
    return func(*args, **kwargs)
           ^^^^^^^^^^^^^^^^^^^^^
venv/lib/python3.12/site-packages/django/db/backends/base/base.py:320: in cursor
    return self._cursor()
           ^^^^^^^^^^^^^^
venv/lib/python3.12/site-packages/django_tenants/postgresql_backend/base.py:144: in _cursor
    cursor = super()._cursor()
             ^^^^^^^^^^^^^^^^^
venv/lib/python3.12/site-packages/django/db/backends/base/base.py:296: in _cursor
    self.ensure_connection()
venv/lib/python3.12/site-packages/django/utils/asyncio.py:26: in inner
    return func(*args, **kwargs)
           ^^^^^^^^^^^^^^^^^^^^^
venv/lib/python3.12/site-packages/django/db/backends/base/base.py:278: in ensure_connection
    with self.wrap_database_errors:
venv/lib/python3.12/site-packages/django/db/utils.py:94: in __exit__
    raise dj_exc_value.with_traceback(traceback) from exc_value
venv/lib/python3.12/site-packages/django/db/backends/base/base.py:279: in ensure_connection
    self.connect()
venv/lib/python3.12/site-packages/django/utils/asyncio.py:26: in inner
    return func(*args, **kwargs)
           ^^^^^^^^^^^^^^^^^^^^^
venv/lib/python3.12/site-packages/django/db/backends/base/base.py:256: in connect
    self.connection = self.get_new_connection(conn_params)
                      ^^^^^^^^^^^^^^^^^^^^^^^^^^^^^^^^^^^^
venv/lib/python3.12/site-packages/django/utils/asyncio.py:26: in inner
    return func(*args, **kwargs)
           ^^^^^^^^^^^^^^^^^^^^^
venv/lib/python3.12/site-packages/django/db/backends/postgresql/base.py:333: in get_new_connection
    connection = self.Database.connect(**conn_params)
                 ^^^^^^^^^^^^^^^^^^^^^^^^^^^^^^^^^^^^
venv/lib/python3.12/site-packages/psycopg/connection.py:130: in connect
    raise new_ex.with_traceback(None)
E   django.db.utils.OperationalError: connection failed: connection to server at "127.0.0.1", port 5432 failed: FATAL:  password authentication failed for user "postgres"
E   Multiple connection attempts failed. All failures were:
E   - host: 'localhost', port: 5432, hostaddr: '::1': connection failed: connection to server at "::1", port 5432 failed: FATAL:  password authentication failed for user "postgres"
E   - host: 'localhost', port: 5432, hostaddr: '127.0.0.1': connection failed: connection to server at "127.0.0.1", port 5432 failed: FATAL:  password authentication failed for user "postgres"</error></testcase><testcase classname="apps.api.tests.test_views.TestProtectedView" name="test_protected_view_authenticated" time="0.008"><error message="failed on setup with &quot;django.db.utils.OperationalError: connection failed: connection to server at &quot;127.0.0.1&quot;, port 5432 failed: FATAL:  password authentication failed for user &quot;postgres&quot;&#10;Multiple connection attempts failed. All failures were:&#10;- host: 'localhost', port: 5432, hostaddr: '::1': connection failed: connection to server at &quot;::1&quot;, port 5432 failed: FATAL:  password authentication failed for user &quot;postgres&quot;&#10;- host: 'localhost', port: 5432, hostaddr: '127.0.0.1': connection failed: connection to server at &quot;127.0.0.1&quot;, port 5432 failed: FATAL:  password authentication failed for user &quot;postgres&quot;&quot;">venv/lib/python3.12/site-packages/django/db/backends/base/base.py:279: in ensure_connection
    self.connect()
venv/lib/python3.12/site-packages/django/utils/asyncio.py:26: in inner
    return func(*args, **kwargs)
           ^^^^^^^^^^^^^^^^^^^^^
venv/lib/python3.12/site-packages/django/db/backends/base/base.py:256: in connect
    self.connection = self.get_new_connection(conn_params)
                      ^^^^^^^^^^^^^^^^^^^^^^^^^^^^^^^^^^^^
venv/lib/python3.12/site-packages/django/utils/asyncio.py:26: in inner
    return func(*args, **kwargs)
           ^^^^^^^^^^^^^^^^^^^^^
venv/lib/python3.12/site-packages/django/db/backends/postgresql/base.py:333: in get_new_connection
    connection = self.Database.connect(**conn_params)
                 ^^^^^^^^^^^^^^^^^^^^^^^^^^^^^^^^^^^^
venv/lib/python3.12/site-packages/psycopg/connection.py:130: in connect
    raise new_ex.with_traceback(None)
E   psycopg.OperationalError: connection failed: connection to server at "127.0.0.1", port 5432 failed: FATAL:  password authentication failed for user "postgres"
E   Multiple connection attempts failed. All failures were:
E   - host: 'localhost', port: 5432, hostaddr: '::1': connection failed: connection to server at "::1", port 5432 failed: FATAL:  password authentication failed for user "postgres"
E   - host: 'localhost', port: 5432, hostaddr: '127.0.0.1': connection failed: connection to server at "127.0.0.1", port 5432 failed: FATAL:  password authentication failed for user "postgres"

The above exception was the direct cause of the following exception:
conftest.py:53: in django_db_setup
    tenant, _ = TenantModel.objects.get_or_create(
venv/lib/python3.12/site-packages/django/db/models/manager.py:87: in manager_method
    return getattr(self.get_queryset(), name)(*args, **kwargs)
           ^^^^^^^^^^^^^^^^^^^^^^^^^^^^^^^^^^^^^^^^^^^^^^^^^^^
venv/lib/python3.12/site-packages/django/db/models/query.py:987: in get_or_create
    return self.get(**kwargs), False
           ^^^^^^^^^^^^^^^^^^
venv/lib/python3.12/site-packages/django/db/models/query.py:635: in get
    num = len(clone)
          ^^^^^^^^^^
venv/lib/python3.12/site-packages/django/db/models/query.py:372: in __len__
    self._fetch_all()
venv/lib/python3.12/site-packages/django/db/models/query.py:2000: in _fetch_all
    self._result_cache = list(self._iterable_class(self))
                         ^^^^^^^^^^^^^^^^^^^^^^^^^^^^^^^^
venv/lib/python3.12/site-packages/django/db/models/query.py:95: in __iter__
    results = compiler.execute_sql(
venv/lib/python3.12/site-packages/django/db/models/sql/compiler.py:1622: in execute_sql
    cursor = self.connection.cursor()
             ^^^^^^^^^^^^^^^^^^^^^^^^
venv/lib/python3.12/site-packages/django/utils/asyncio.py:26: in inner
    return func(*args, **kwargs)
           ^^^^^^^^^^^^^^^^^^^^^
venv/lib/python3.12/site-packages/django/db/backends/base/base.py:320: in cursor
    return self._cursor()
           ^^^^^^^^^^^^^^
venv/lib/python3.12/site-packages/django_tenants/postgresql_backend/base.py:144: in _cursor
    cursor = super()._cursor()
             ^^^^^^^^^^^^^^^^^
venv/lib/python3.12/site-packages/django/db/backends/base/base.py:296: in _cursor
    self.ensure_connection()
venv/lib/python3.12/site-packages/django/utils/asyncio.py:26: in inner
    return func(*args, **kwargs)
           ^^^^^^^^^^^^^^^^^^^^^
venv/lib/python3.12/site-packages/django/db/backends/base/base.py:278: in ensure_connection
    with self.wrap_database_errors:
venv/lib/python3.12/site-packages/django/db/utils.py:94: in __exit__
    raise dj_exc_value.with_traceback(traceback) from exc_value
venv/lib/python3.12/site-packages/django/db/backends/base/base.py:279: in ensure_connection
    self.connect()
venv/lib/python3.12/site-packages/django/utils/asyncio.py:26: in inner
    return func(*args, **kwargs)
           ^^^^^^^^^^^^^^^^^^^^^
venv/lib/python3.12/site-packages/django/db/backends/base/base.py:256: in connect
    self.connection = self.get_new_connection(conn_params)
                      ^^^^^^^^^^^^^^^^^^^^^^^^^^^^^^^^^^^^
venv/lib/python3.12/site-packages/django/utils/asyncio.py:26: in inner
    return func(*args, **kwargs)
           ^^^^^^^^^^^^^^^^^^^^^
venv/lib/python3.12/site-packages/django/db/backends/postgresql/base.py:333: in get_new_connection
    connection = self.Database.connect(**conn_params)
                 ^^^^^^^^^^^^^^^^^^^^^^^^^^^^^^^^^^^^
venv/lib/python3.12/site-packages/psycopg/connection.py:130: in connect
    raise new_ex.with_traceback(None)
E   django.db.utils.OperationalError: connection failed: connection to server at "127.0.0.1", port 5432 failed: FATAL:  password authentication failed for user "postgres"
E   Multiple connection attempts failed. All failures were:
E   - host: 'localhost', port: 5432, hostaddr: '::1': connection failed: connection to server at "::1", port 5432 failed: FATAL:  password authentication failed for user "postgres"
E   - host: 'localhost', port: 5432, hostaddr: '127.0.0.1': connection failed: connection to server at "127.0.0.1", port 5432 failed: FATAL:  password authentication failed for user "postgres"</error></testcase><testcase classname="apps.api.tests.ProtectedViewUnauthenticatedTest" name="test_post_unauthenticated_returns_401_or_405" time="0.007"><error message="failed on setup with &quot;django.db.utils.OperationalError: connection failed: connection to server at &quot;127.0.0.1&quot;, port 5432 failed: FATAL:  password authentication failed for user &quot;postgres&quot;&#10;Multiple connection attempts failed. All failures were:&#10;- host: 'localhost', port: 5432, hostaddr: '::1': connection failed: connection to server at &quot;::1&quot;, port 5432 failed: FATAL:  password authentication failed for user &quot;postgres&quot;&#10;- host: 'localhost', port: 5432, hostaddr: '127.0.0.1': connection failed: connection to server at &quot;127.0.0.1&quot;, port 5432 failed: FATAL:  password authentication failed for user &quot;postgres&quot;&quot;">venv/lib/python3.12/site-packages/django/db/backends/base/base.py:279: in ensure_connection
    self.connect()
venv/lib/python3.12/site-packages/django/utils/asyncio.py:26: in inner
    return func(*args, **kwargs)
           ^^^^^^^^^^^^^^^^^^^^^
venv/lib/python3.12/site-packages/django/db/backends/base/base.py:256: in connect
    self.connection = self.get_new_connection(conn_params)
                      ^^^^^^^^^^^^^^^^^^^^^^^^^^^^^^^^^^^^
venv/lib/python3.12/site-packages/django/utils/asyncio.py:26: in inner
    return func(*args, **kwargs)
           ^^^^^^^^^^^^^^^^^^^^^
venv/lib/python3.12/site-packages/django/db/backends/postgresql/base.py:333: in get_new_connection
    connection = self.Database.connect(**conn_params)
                 ^^^^^^^^^^^^^^^^^^^^^^^^^^^^^^^^^^^^
venv/lib/python3.12/site-packages/psycopg/connection.py:130: in connect
    raise new_ex.with_traceback(None)
E   psycopg.OperationalError: connection failed: connection to server at "127.0.0.1", port 5432 failed: FATAL:  password authentication failed for user "postgres"
E   Multiple connection attempts failed. All failures were:
E   - host: 'localhost', port: 5432, hostaddr: '::1': connection failed: connection to server at "::1", port 5432 failed: FATAL:  password authentication failed for user "postgres"
E   - host: 'localhost', port: 5432, hostaddr: '127.0.0.1': connection failed: connection to server at "127.0.0.1", port 5432 failed: FATAL:  password authentication failed for user "postgres"

The above exception was the direct cause of the following exception:
venv/lib/python3.12/site-packages/pytest_asyncio/plugin.py:728: in pytest_fixture_setup
    return (yield)
            ^^^^^
venv/lib/python3.12/site-packages/pytest_django/plugin.py:598: in _django_setup_unittest
    request.getfixturevalue("django_db_setup")
conftest.py:53: in django_db_setup
    tenant, _ = TenantModel.objects.get_or_create(
venv/lib/python3.12/site-packages/django/db/models/manager.py:87: in manager_method
    return getattr(self.get_queryset(), name)(*args, **kwargs)
           ^^^^^^^^^^^^^^^^^^^^^^^^^^^^^^^^^^^^^^^^^^^^^^^^^^^
venv/lib/python3.12/site-packages/django/db/models/query.py:987: in get_or_create
    return self.get(**kwargs), False
           ^^^^^^^^^^^^^^^^^^
venv/lib/python3.12/site-packages/django/db/models/query.py:635: in get
    num = len(clone)
          ^^^^^^^^^^
venv/lib/python3.12/site-packages/django/db/models/query.py:372: in __len__
    self._fetch_all()
venv/lib/python3.12/site-packages/django/db/models/query.py:2000: in _fetch_all
    self._result_cache = list(self._iterable_class(self))
                         ^^^^^^^^^^^^^^^^^^^^^^^^^^^^^^^^
venv/lib/python3.12/site-packages/django/db/models/query.py:95: in __iter__
    results = compiler.execute_sql(
venv/lib/python3.12/site-packages/django/db/models/sql/compiler.py:1622: in execute_sql
    cursor = self.connection.cursor()
             ^^^^^^^^^^^^^^^^^^^^^^^^
venv/lib/python3.12/site-packages/django/utils/asyncio.py:26: in inner
    return func(*args, **kwargs)
           ^^^^^^^^^^^^^^^^^^^^^
venv/lib/python3.12/site-packages/django/db/backends/base/base.py:320: in cursor
    return self._cursor()
           ^^^^^^^^^^^^^^
venv/lib/python3.12/site-packages/django_tenants/postgresql_backend/base.py:144: in _cursor
    cursor = super()._cursor()
             ^^^^^^^^^^^^^^^^^
venv/lib/python3.12/site-packages/django/db/backends/base/base.py:296: in _cursor
    self.ensure_connection()
venv/lib/python3.12/site-packages/django/utils/asyncio.py:26: in inner
    return func(*args, **kwargs)
           ^^^^^^^^^^^^^^^^^^^^^
venv/lib/python3.12/site-packages/django/db/backends/base/base.py:278: in ensure_connection
    with self.wrap_database_errors:
venv/lib/python3.12/site-packages/django/db/utils.py:94: in __exit__
    raise dj_exc_value.with_traceback(traceback) from exc_value
venv/lib/python3.12/site-packages/django/db/backends/base/base.py:279: in ensure_connection
    self.connect()
venv/lib/python3.12/site-packages/django/utils/asyncio.py:26: in inner
    return func(*args, **kwargs)
           ^^^^^^^^^^^^^^^^^^^^^
venv/lib/python3.12/site-packages/django/db/backends/base/base.py:256: in connect
    self.connection = self.get_new_connection(conn_params)
                      ^^^^^^^^^^^^^^^^^^^^^^^^^^^^^^^^^^^^
venv/lib/python3.12/site-packages/django/utils/asyncio.py:26: in inner
    return func(*args, **kwargs)
           ^^^^^^^^^^^^^^^^^^^^^
venv/lib/python3.12/site-packages/django/db/backends/postgresql/base.py:333: in get_new_connection
    connection = self.Database.connect(**conn_params)
                 ^^^^^^^^^^^^^^^^^^^^^^^^^^^^^^^^^^^^
venv/lib/python3.12/site-packages/psycopg/connection.py:130: in connect
    raise new_ex.with_traceback(None)
E   django.db.utils.OperationalError: connection failed: connection to server at "127.0.0.1", port 5432 failed: FATAL:  password authentication failed for user "postgres"
E   Multiple connection attempts failed. All failures were:
E   - host: 'localhost', port: 5432, hostaddr: '::1': connection failed: connection to server at "::1", port 5432 failed: FATAL:  password authentication failed for user "postgres"
E   - host: 'localhost', port: 5432, hostaddr: '127.0.0.1': connection failed: connection to server at "127.0.0.1", port 5432 failed: FATAL:  password authentication failed for user "postgres"</error></testcase><testcase classname="apps.api.tests.ProtectedViewUnauthenticatedTest" name="test_unauthenticated_returns_401" time="0.005"><error message="failed on setup with &quot;django.db.utils.OperationalError: connection failed: connection to server at &quot;127.0.0.1&quot;, port 5432 failed: FATAL:  password authentication failed for user &quot;postgres&quot;&#10;Multiple connection attempts failed. All failures were:&#10;- host: 'localhost', port: 5432, hostaddr: '::1': connection failed: connection to server at &quot;::1&quot;, port 5432 failed: FATAL:  password authentication failed for user &quot;postgres&quot;&#10;- host: 'localhost', port: 5432, hostaddr: '127.0.0.1': connection failed: connection to server at &quot;127.0.0.1&quot;, port 5432 failed: FATAL:  password authentication failed for user &quot;postgres&quot;&quot;">venv/lib/python3.12/site-packages/django/db/backends/base/base.py:279: in ensure_connection
    self.connect()
venv/lib/python3.12/site-packages/django/utils/asyncio.py:26: in inner
    return func(*args, **kwargs)
           ^^^^^^^^^^^^^^^^^^^^^
venv/lib/python3.12/site-packages/django/db/backends/base/base.py:256: in connect
    self.connection = self.get_new_connection(conn_params)
                      ^^^^^^^^^^^^^^^^^^^^^^^^^^^^^^^^^^^^
venv/lib/python3.12/site-packages/django/utils/asyncio.py:26: in inner
    return func(*args, **kwargs)
           ^^^^^^^^^^^^^^^^^^^^^
venv/lib/python3.12/site-packages/django/db/backends/postgresql/base.py:333: in get_new_connection
    connection = self.Database.connect(**conn_params)
                 ^^^^^^^^^^^^^^^^^^^^^^^^^^^^^^^^^^^^
venv/lib/python3.12/site-packages/psycopg/connection.py:130: in connect
    raise new_ex.with_traceback(None)
E   psycopg.OperationalError: connection failed: connection to server at "127.0.0.1", port 5432 failed: FATAL:  password authentication failed for user "postgres"
E   Multiple connection attempts failed. All failures were:
E   - host: 'localhost', port: 5432, hostaddr: '::1': connection failed: connection to server at "::1", port 5432 failed: FATAL:  password authentication failed for user "postgres"
E   - host: 'localhost', port: 5432, hostaddr: '127.0.0.1': connection failed: connection to server at "127.0.0.1", port 5432 failed: FATAL:  password authentication failed for user "postgres"

The above exception was the direct cause of the following exception:
venv/lib/python3.12/site-packages/pytest_django/plugin.py:598: in _django_setup_unittest
    request.getfixturevalue("django_db_setup")
conftest.py:53: in django_db_setup
    tenant, _ = TenantModel.objects.get_or_create(
venv/lib/python3.12/site-packages/django/db/models/manager.py:87: in manager_method
    return getattr(self.get_queryset(), name)(*args, **kwargs)
           ^^^^^^^^^^^^^^^^^^^^^^^^^^^^^^^^^^^^^^^^^^^^^^^^^^^
venv/lib/python3.12/site-packages/django/db/models/query.py:987: in get_or_create
    return self.get(**kwargs), False
           ^^^^^^^^^^^^^^^^^^
venv/lib/python3.12/site-packages/django/db/models/query.py:635: in get
    num = len(clone)
          ^^^^^^^^^^
venv/lib/python3.12/site-packages/django/db/models/query.py:372: in __len__
    self._fetch_all()
venv/lib/python3.12/site-packages/django/db/models/query.py:2000: in _fetch_all
    self._result_cache = list(self._iterable_class(self))
                         ^^^^^^^^^^^^^^^^^^^^^^^^^^^^^^^^
venv/lib/python3.12/site-packages/django/db/models/query.py:95: in __iter__
    results = compiler.execute_sql(
venv/lib/python3.12/site-packages/django/db/models/sql/compiler.py:1622: in execute_sql
    cursor = self.connection.cursor()
             ^^^^^^^^^^^^^^^^^^^^^^^^
venv/lib/python3.12/site-packages/django/utils/asyncio.py:26: in inner
    return func(*args, **kwargs)
           ^^^^^^^^^^^^^^^^^^^^^
venv/lib/python3.12/site-packages/django/db/backends/base/base.py:320: in cursor
    return self._cursor()
           ^^^^^^^^^^^^^^
venv/lib/python3.12/site-packages/django_tenants/postgresql_backend/base.py:144: in _cursor
    cursor = super()._cursor()
             ^^^^^^^^^^^^^^^^^
venv/lib/python3.12/site-packages/django/db/backends/base/base.py:296: in _cursor
    self.ensure_connection()
venv/lib/python3.12/site-packages/django/utils/asyncio.py:26: in inner
    return func(*args, **kwargs)
           ^^^^^^^^^^^^^^^^^^^^^
venv/lib/python3.12/site-packages/django/db/backends/base/base.py:278: in ensure_connection
    with self.wrap_database_errors:
venv/lib/python3.12/site-packages/django/db/utils.py:94: in __exit__
    raise dj_exc_value.with_traceback(traceback) from exc_value
venv/lib/python3.12/site-packages/django/db/backends/base/base.py:279: in ensure_connection
    self.connect()
venv/lib/python3.12/site-packages/django/utils/asyncio.py:26: in inner
    return func(*args, **kwargs)
           ^^^^^^^^^^^^^^^^^^^^^
venv/lib/python3.12/site-packages/django/db/backends/base/base.py:256: in connect
    self.connection = self.get_new_connection(conn_params)
                      ^^^^^^^^^^^^^^^^^^^^^^^^^^^^^^^^^^^^
venv/lib/python3.12/site-packages/django/utils/asyncio.py:26: in inner
    return func(*args, **kwargs)
           ^^^^^^^^^^^^^^^^^^^^^
venv/lib/python3.12/site-packages/django/db/backends/postgresql/base.py:333: in get_new_connection
    connection = self.Database.connect(**conn_params)
                 ^^^^^^^^^^^^^^^^^^^^^^^^^^^^^^^^^^^^
venv/lib/python3.12/site-packages/psycopg/connection.py:130: in connect
    raise new_ex.with_traceback(None)
E   django.db.utils.OperationalError: connection failed: connection to server at "127.0.0.1", port 5432 failed: FATAL:  password authentication failed for user "postgres"
E   Multiple connection attempts failed. All failures were:
E   - host: 'localhost', port: 5432, hostaddr: '::1': connection failed: connection to server at "::1", port 5432 failed: FATAL:  password authentication failed for user "postgres"
E   - host: 'localhost', port: 5432, hostaddr: '127.0.0.1': connection failed: connection to server at "127.0.0.1", port 5432 failed: FATAL:  password authentication failed for user "postgres"</error></testcase><testcase classname="apps.api.tests.ProtectedViewAuthenticatedTest" name="test_authenticated_returns_200" time="0.006"><error message="failed on setup with &quot;django.db.utils.OperationalError: connection failed: connection to server at &quot;127.0.0.1&quot;, port 5432 failed: FATAL:  password authentication failed for user &quot;postgres&quot;&#10;Multiple connection attempts failed. All failures were:&#10;- host: 'localhost', port: 5432, hostaddr: '::1': connection failed: connection to server at &quot;::1&quot;, port 5432 failed: FATAL:  password authentication failed for user &quot;postgres&quot;&#10;- host: 'localhost', port: 5432, hostaddr: '127.0.0.1': connection failed: connection to server at &quot;127.0.0.1&quot;, port 5432 failed: FATAL:  password authentication failed for user &quot;postgres&quot;&quot;">venv/lib/python3.12/site-packages/django/db/backends/base/base.py:279: in ensure_connection
    self.connect()
venv/lib/python3.12/site-packages/django/utils/asyncio.py:26: in inner
    return func(*args, **kwargs)
           ^^^^^^^^^^^^^^^^^^^^^
venv/lib/python3.12/site-packages/django/db/backends/base/base.py:256: in connect
    self.connection = self.get_new_connection(conn_params)
                      ^^^^^^^^^^^^^^^^^^^^^^^^^^^^^^^^^^^^
venv/lib/python3.12/site-packages/django/utils/asyncio.py:26: in inner
    return func(*args, **kwargs)
           ^^^^^^^^^^^^^^^^^^^^^
venv/lib/python3.12/site-packages/django/db/backends/postgresql/base.py:333: in get_new_connection
    connection = self.Database.connect(**conn_params)
                 ^^^^^^^^^^^^^^^^^^^^^^^^^^^^^^^^^^^^
venv/lib/python3.12/site-packages/psycopg/connection.py:130: in connect
    raise new_ex.with_traceback(None)
E   psycopg.OperationalError: connection failed: connection to server at "127.0.0.1", port 5432 failed: FATAL:  password authentication failed for user "postgres"
E   Multiple connection attempts failed. All failures were:
E   - host: 'localhost', port: 5432, hostaddr: '::1': connection failed: connection to server at "::1", port 5432 failed: FATAL:  password authentication failed for user "postgres"
E   - host: 'localhost', port: 5432, hostaddr: '127.0.0.1': connection failed: connection to server at "127.0.0.1", port 5432 failed: FATAL:  password authentication failed for user "postgres"

The above exception was the direct cause of the following exception:
venv/lib/python3.12/site-packages/pytest_asyncio/plugin.py:728: in pytest_fixture_setup
    return (yield)
            ^^^^^
venv/lib/python3.12/site-packages/pytest_django/plugin.py:598: in _django_setup_unittest
    request.getfixturevalue("django_db_setup")
conftest.py:53: in django_db_setup
    tenant, _ = TenantModel.objects.get_or_create(
venv/lib/python3.12/site-packages/django/db/models/manager.py:87: in manager_method
    return getattr(self.get_queryset(), name)(*args, **kwargs)
           ^^^^^^^^^^^^^^^^^^^^^^^^^^^^^^^^^^^^^^^^^^^^^^^^^^^
venv/lib/python3.12/site-packages/django/db/models/query.py:987: in get_or_create
    return self.get(**kwargs), False
           ^^^^^^^^^^^^^^^^^^
venv/lib/python3.12/site-packages/django/db/models/query.py:635: in get
    num = len(clone)
          ^^^^^^^^^^
venv/lib/python3.12/site-packages/django/db/models/query.py:372: in __len__
    self._fetch_all()
venv/lib/python3.12/site-packages/django/db/models/query.py:2000: in _fetch_all
    self._result_cache = list(self._iterable_class(self))
                         ^^^^^^^^^^^^^^^^^^^^^^^^^^^^^^^^
venv/lib/python3.12/site-packages/django/db/models/query.py:95: in __iter__
    results = compiler.execute_sql(
venv/lib/python3.12/site-packages/django/db/models/sql/compiler.py:1622: in execute_sql
    cursor = self.connection.cursor()
             ^^^^^^^^^^^^^^^^^^^^^^^^
venv/lib/python3.12/site-packages/django/utils/asyncio.py:26: in inner
    return func(*args, **kwargs)
           ^^^^^^^^^^^^^^^^^^^^^
venv/lib/python3.12/site-packages/django/db/backends/base/base.py:320: in cursor
    return self._cursor()
           ^^^^^^^^^^^^^^
venv/lib/python3.12/site-packages/django_tenants/postgresql_backend/base.py:144: in _cursor
    cursor = super()._cursor()
             ^^^^^^^^^^^^^^^^^
venv/lib/python3.12/site-packages/django/db/backends/base/base.py:296: in _cursor
    self.ensure_connection()
venv/lib/python3.12/site-packages/django/utils/asyncio.py:26: in inner
    return func(*args, **kwargs)
           ^^^^^^^^^^^^^^^^^^^^^
venv/lib/python3.12/site-packages/django/db/backends/base/base.py:278: in ensure_connection
    with self.wrap_database_errors:
venv/lib/python3.12/site-packages/django/db/utils.py:94: in __exit__
    raise dj_exc_value.with_traceback(traceback) from exc_value
venv/lib/python3.12/site-packages/django/db/backends/base/base.py:279: in ensure_connection
    self.connect()
venv/lib/python3.12/site-packages/django/utils/asyncio.py:26: in inner
    return func(*args, **kwargs)
           ^^^^^^^^^^^^^^^^^^^^^
venv/lib/python3.12/site-packages/django/db/backends/base/base.py:256: in connect
    self.connection = self.get_new_connection(conn_params)
                      ^^^^^^^^^^^^^^^^^^^^^^^^^^^^^^^^^^^^
venv/lib/python3.12/site-packages/django/utils/asyncio.py:26: in inner
    return func(*args, **kwargs)
           ^^^^^^^^^^^^^^^^^^^^^
venv/lib/python3.12/site-packages/django/db/backends/postgresql/base.py:333: in get_new_connection
    connection = self.Database.connect(**conn_params)
                 ^^^^^^^^^^^^^^^^^^^^^^^^^^^^^^^^^^^^
venv/lib/python3.12/site-packages/psycopg/connection.py:130: in connect
    raise new_ex.with_traceback(None)
E   django.db.utils.OperationalError: connection failed: connection to server at "127.0.0.1", port 5432 failed: FATAL:  password authentication failed for user "postgres"
E   Multiple connection attempts failed. All failures were:
E   - host: 'localhost', port: 5432, hostaddr: '::1': connection failed: connection to server at "::1", port 5432 failed: FATAL:  password authentication failed for user "postgres"
E   - host: 'localhost', port: 5432, hostaddr: '127.0.0.1': connection failed: connection to server at "127.0.0.1", port 5432 failed: FATAL:  password authentication failed for user "postgres"</error></testcase><testcase classname="apps.api.tests.ProtectedViewAuthenticatedTest" name="test_delete_method_not_allowed" time="0.004"><error message="failed on setup with &quot;django.db.utils.OperationalError: connection failed: connection to server at &quot;127.0.0.1&quot;, port 5432 failed: FATAL:  password authentication failed for user &quot;postgres&quot;&#10;Multiple connection attempts failed. All failures were:&#10;- host: 'localhost', port: 5432, hostaddr: '::1': connection failed: connection to server at &quot;::1&quot;, port 5432 failed: FATAL:  password authentication failed for user &quot;postgres&quot;&#10;- host: 'localhost', port: 5432, hostaddr: '127.0.0.1': connection failed: connection to server at &quot;127.0.0.1&quot;, port 5432 failed: FATAL:  password authentication failed for user &quot;postgres&quot;&quot;">venv/lib/python3.12/site-packages/django/db/backends/base/base.py:279: in ensure_connection
    self.connect()
venv/lib/python3.12/site-packages/django/utils/asyncio.py:26: in inner
    return func(*args, **kwargs)
           ^^^^^^^^^^^^^^^^^^^^^
venv/lib/python3.12/site-packages/django/db/backends/base/base.py:256: in connect
    self.connection = self.get_new_connection(conn_params)
                      ^^^^^^^^^^^^^^^^^^^^^^^^^^^^^^^^^^^^
venv/lib/python3.12/site-packages/django/utils/asyncio.py:26: in inner
    return func(*args, **kwargs)
           ^^^^^^^^^^^^^^^^^^^^^
venv/lib/python3.12/site-packages/django/db/backends/postgresql/base.py:333: in get_new_connection
    connection = self.Database.connect(**conn_params)
                 ^^^^^^^^^^^^^^^^^^^^^^^^^^^^^^^^^^^^
venv/lib/python3.12/site-packages/psycopg/connection.py:130: in connect
    raise new_ex.with_traceback(None)
E   psycopg.OperationalError: connection failed: connection to server at "127.0.0.1", port 5432 failed: FATAL:  password authentication failed for user "postgres"
E   Multiple connection attempts failed. All failures were:
E   - host: 'localhost', port: 5432, hostaddr: '::1': connection failed: connection to server at "::1", port 5432 failed: FATAL:  password authentication failed for user "postgres"
E   - host: 'localhost', port: 5432, hostaddr: '127.0.0.1': connection failed: connection to server at "127.0.0.1", port 5432 failed: FATAL:  password authentication failed for user "postgres"

The above exception was the direct cause of the following exception:
venv/lib/python3.12/site-packages/pytest_django/plugin.py:598: in _django_setup_unittest
    request.getfixturevalue("django_db_setup")
conftest.py:53: in django_db_setup
    tenant, _ = TenantModel.objects.get_or_create(
venv/lib/python3.12/site-packages/django/db/models/manager.py:87: in manager_method
    return getattr(self.get_queryset(), name)(*args, **kwargs)
           ^^^^^^^^^^^^^^^^^^^^^^^^^^^^^^^^^^^^^^^^^^^^^^^^^^^
venv/lib/python3.12/site-packages/django/db/models/query.py:987: in get_or_create
    return self.get(**kwargs), False
           ^^^^^^^^^^^^^^^^^^
venv/lib/python3.12/site-packages/django/db/models/query.py:635: in get
    num = len(clone)
          ^^^^^^^^^^
venv/lib/python3.12/site-packages/django/db/models/query.py:372: in __len__
    self._fetch_all()
venv/lib/python3.12/site-packages/django/db/models/query.py:2000: in _fetch_all
    self._result_cache = list(self._iterable_class(self))
                         ^^^^^^^^^^^^^^^^^^^^^^^^^^^^^^^^
venv/lib/python3.12/site-packages/django/db/models/query.py:95: in __iter__
    results = compiler.execute_sql(
venv/lib/python3.12/site-packages/django/db/models/sql/compiler.py:1622: in execute_sql
    cursor = self.connection.cursor()
             ^^^^^^^^^^^^^^^^^^^^^^^^
venv/lib/python3.12/site-packages/django/utils/asyncio.py:26: in inner
    return func(*args, **kwargs)
           ^^^^^^^^^^^^^^^^^^^^^
venv/lib/python3.12/site-packages/django/db/backends/base/base.py:320: in cursor
    return self._cursor()
           ^^^^^^^^^^^^^^
venv/lib/python3.12/site-packages/django_tenants/postgresql_backend/base.py:144: in _cursor
    cursor = super()._cursor()
             ^^^^^^^^^^^^^^^^^
venv/lib/python3.12/site-packages/django/db/backends/base/base.py:296: in _cursor
    self.ensure_connection()
venv/lib/python3.12/site-packages/django/utils/asyncio.py:26: in inner
    return func(*args, **kwargs)
           ^^^^^^^^^^^^^^^^^^^^^
venv/lib/python3.12/site-packages/django/db/backends/base/base.py:278: in ensure_connection
    with self.wrap_database_errors:
venv/lib/python3.12/site-packages/django/db/utils.py:94: in __exit__
    raise dj_exc_value.with_traceback(traceback) from exc_value
venv/lib/python3.12/site-packages/django/db/backends/base/base.py:279: in ensure_connection
    self.connect()
venv/lib/python3.12/site-packages/django/utils/asyncio.py:26: in inner
    return func(*args, **kwargs)
           ^^^^^^^^^^^^^^^^^^^^^
venv/lib/python3.12/site-packages/django/db/backends/base/base.py:256: in connect
    self.connection = self.get_new_connection(conn_params)
                      ^^^^^^^^^^^^^^^^^^^^^^^^^^^^^^^^^^^^
venv/lib/python3.12/site-packages/django/utils/asyncio.py:26: in inner
    return func(*args, **kwargs)
           ^^^^^^^^^^^^^^^^^^^^^
venv/lib/python3.12/site-packages/django/db/backends/postgresql/base.py:333: in get_new_connection
    connection = self.Database.connect(**conn_params)
                 ^^^^^^^^^^^^^^^^^^^^^^^^^^^^^^^^^^^^
venv/lib/python3.12/site-packages/psycopg/connection.py:130: in connect
    raise new_ex.with_traceback(None)
E   django.db.utils.OperationalError: connection failed: connection to server at "127.0.0.1", port 5432 failed: FATAL:  password authentication failed for user "postgres"
E   Multiple connection attempts failed. All failures were:
E   - host: 'localhost', port: 5432, hostaddr: '::1': connection failed: connection to server at "::1", port 5432 failed: FATAL:  password authentication failed for user "postgres"
E   - host: 'localhost', port: 5432, hostaddr: '127.0.0.1': connection failed: connection to server at "127.0.0.1", port 5432 failed: FATAL:  password authentication failed for user "postgres"</error></testcase><testcase classname="apps.api.tests.ProtectedViewAuthenticatedTest" name="test_only_get_method_allowed" time="0.005"><error message="failed on setup with &quot;django.db.utils.OperationalError: connection failed: connection to server at &quot;127.0.0.1&quot;, port 5432 failed: FATAL:  password authentication failed for user &quot;postgres&quot;&#10;Multiple connection attempts failed. All failures were:&#10;- host: 'localhost', port: 5432, hostaddr: '::1': connection failed: connection to server at &quot;::1&quot;, port 5432 failed: FATAL:  password authentication failed for user &quot;postgres&quot;&#10;- host: 'localhost', port: 5432, hostaddr: '127.0.0.1': connection failed: connection to server at &quot;127.0.0.1&quot;, port 5432 failed: FATAL:  password authentication failed for user &quot;postgres&quot;&quot;">venv/lib/python3.12/site-packages/django/db/backends/base/base.py:279: in ensure_connection
    self.connect()
venv/lib/python3.12/site-packages/django/utils/asyncio.py:26: in inner
    return func(*args, **kwargs)
           ^^^^^^^^^^^^^^^^^^^^^
venv/lib/python3.12/site-packages/django/db/backends/base/base.py:256: in connect
    self.connection = self.get_new_connection(conn_params)
                      ^^^^^^^^^^^^^^^^^^^^^^^^^^^^^^^^^^^^
venv/lib/python3.12/site-packages/django/utils/asyncio.py:26: in inner
    return func(*args, **kwargs)
           ^^^^^^^^^^^^^^^^^^^^^
venv/lib/python3.12/site-packages/django/db/backends/postgresql/base.py:333: in get_new_connection
    connection = self.Database.connect(**conn_params)
                 ^^^^^^^^^^^^^^^^^^^^^^^^^^^^^^^^^^^^
venv/lib/python3.12/site-packages/psycopg/connection.py:130: in connect
    raise new_ex.with_traceback(None)
E   psycopg.OperationalError: connection failed: connection to server at "127.0.0.1", port 5432 failed: FATAL:  password authentication failed for user "postgres"
E   Multiple connection attempts failed. All failures were:
E   - host: 'localhost', port: 5432, hostaddr: '::1': connection failed: connection to server at "::1", port 5432 failed: FATAL:  password authentication failed for user "postgres"
E   - host: 'localhost', port: 5432, hostaddr: '127.0.0.1': connection failed: connection to server at "127.0.0.1", port 5432 failed: FATAL:  password authentication failed for user "postgres"

The above exception was the direct cause of the following exception:
venv/lib/python3.12/site-packages/pytest_django/plugin.py:598: in _django_setup_unittest
    request.getfixturevalue("django_db_setup")
conftest.py:53: in django_db_setup
    tenant, _ = TenantModel.objects.get_or_create(
venv/lib/python3.12/site-packages/django/db/models/manager.py:87: in manager_method
    return getattr(self.get_queryset(), name)(*args, **kwargs)
           ^^^^^^^^^^^^^^^^^^^^^^^^^^^^^^^^^^^^^^^^^^^^^^^^^^^
venv/lib/python3.12/site-packages/django/db/models/query.py:987: in get_or_create
    return self.get(**kwargs), False
           ^^^^^^^^^^^^^^^^^^
venv/lib/python3.12/site-packages/django/db/models/query.py:635: in get
    num = len(clone)
          ^^^^^^^^^^
venv/lib/python3.12/site-packages/django/db/models/query.py:372: in __len__
    self._fetch_all()
venv/lib/python3.12/site-packages/django/db/models/query.py:2000: in _fetch_all
    self._result_cache = list(self._iterable_class(self))
                         ^^^^^^^^^^^^^^^^^^^^^^^^^^^^^^^^
venv/lib/python3.12/site-packages/django/db/models/query.py:95: in __iter__
    results = compiler.execute_sql(
venv/lib/python3.12/site-packages/django/db/models/sql/compiler.py:1622: in execute_sql
    cursor = self.connection.cursor()
             ^^^^^^^^^^^^^^^^^^^^^^^^
venv/lib/python3.12/site-packages/django/utils/asyncio.py:26: in inner
    return func(*args, **kwargs)
           ^^^^^^^^^^^^^^^^^^^^^
venv/lib/python3.12/site-packages/django/db/backends/base/base.py:320: in cursor
    return self._cursor()
           ^^^^^^^^^^^^^^
venv/lib/python3.12/site-packages/django_tenants/postgresql_backend/base.py:144: in _cursor
    cursor = super()._cursor()
             ^^^^^^^^^^^^^^^^^
venv/lib/python3.12/site-packages/django/db/backends/base/base.py:296: in _cursor
    self.ensure_connection()
venv/lib/python3.12/site-packages/django/utils/asyncio.py:26: in inner
    return func(*args, **kwargs)
           ^^^^^^^^^^^^^^^^^^^^^
venv/lib/python3.12/site-packages/django/db/backends/base/base.py:278: in ensure_connection
    with self.wrap_database_errors:
venv/lib/python3.12/site-packages/django/db/utils.py:94: in __exit__
    raise dj_exc_value.with_traceback(traceback) from exc_value
venv/lib/python3.12/site-packages/django/db/backends/base/base.py:279: in ensure_connection
    self.connect()
venv/lib/python3.12/site-packages/django/utils/asyncio.py:26: in inner
    return func(*args, **kwargs)
           ^^^^^^^^^^^^^^^^^^^^^
venv/lib/python3.12/site-packages/django/db/backends/base/base.py:256: in connect
    self.connection = self.get_new_connection(conn_params)
                      ^^^^^^^^^^^^^^^^^^^^^^^^^^^^^^^^^^^^
venv/lib/python3.12/site-packages/django/utils/asyncio.py:26: in inner
    return func(*args, **kwargs)
           ^^^^^^^^^^^^^^^^^^^^^
venv/lib/python3.12/site-packages/django/db/backends/postgresql/base.py:333: in get_new_connection
    connection = self.Database.connect(**conn_params)
                 ^^^^^^^^^^^^^^^^^^^^^^^^^^^^^^^^^^^^
venv/lib/python3.12/site-packages/psycopg/connection.py:130: in connect
    raise new_ex.with_traceback(None)
E   django.db.utils.OperationalError: connection failed: connection to server at "127.0.0.1", port 5432 failed: FATAL:  password authentication failed for user "postgres"
E   Multiple connection attempts failed. All failures were:
E   - host: 'localhost', port: 5432, hostaddr: '::1': connection failed: connection to server at "::1", port 5432 failed: FATAL:  password authentication failed for user "postgres"
E   - host: 'localhost', port: 5432, hostaddr: '127.0.0.1': connection failed: connection to server at "127.0.0.1", port 5432 failed: FATAL:  password authentication failed for user "postgres"</error></testcase><testcase classname="apps.api.tests.ProtectedViewAuthenticatedTest" name="test_put_method_not_allowed" time="0.005"><error message="failed on setup with &quot;django.db.utils.OperationalError: connection failed: connection to server at &quot;127.0.0.1&quot;, port 5432 failed: FATAL:  password authentication failed for user &quot;postgres&quot;&#10;Multiple connection attempts failed. All failures were:&#10;- host: 'localhost', port: 5432, hostaddr: '::1': connection failed: connection to server at &quot;::1&quot;, port 5432 failed: FATAL:  password authentication failed for user &quot;postgres&quot;&#10;- host: 'localhost', port: 5432, hostaddr: '127.0.0.1': connection failed: connection to server at &quot;127.0.0.1&quot;, port 5432 failed: FATAL:  password authentication failed for user &quot;postgres&quot;&quot;">venv/lib/python3.12/site-packages/django/db/backends/base/base.py:279: in ensure_connection
    self.connect()
venv/lib/python3.12/site-packages/django/utils/asyncio.py:26: in inner
    return func(*args, **kwargs)
           ^^^^^^^^^^^^^^^^^^^^^
venv/lib/python3.12/site-packages/django/db/backends/base/base.py:256: in connect
    self.connection = self.get_new_connection(conn_params)
                      ^^^^^^^^^^^^^^^^^^^^^^^^^^^^^^^^^^^^
venv/lib/python3.12/site-packages/django/utils/asyncio.py:26: in inner
    return func(*args, **kwargs)
           ^^^^^^^^^^^^^^^^^^^^^
venv/lib/python3.12/site-packages/django/db/backends/postgresql/base.py:333: in get_new_connection
    connection = self.Database.connect(**conn_params)
                 ^^^^^^^^^^^^^^^^^^^^^^^^^^^^^^^^^^^^
venv/lib/python3.12/site-packages/psycopg/connection.py:130: in connect
    raise new_ex.with_traceback(None)
E   psycopg.OperationalError: connection failed: connection to server at "127.0.0.1", port 5432 failed: FATAL:  password authentication failed for user "postgres"
E   Multiple connection attempts failed. All failures were:
E   - host: 'localhost', port: 5432, hostaddr: '::1': connection failed: connection to server at "::1", port 5432 failed: FATAL:  password authentication failed for user "postgres"
E   - host: 'localhost', port: 5432, hostaddr: '127.0.0.1': connection failed: connection to server at "127.0.0.1", port 5432 failed: FATAL:  password authentication failed for user "postgres"

The above exception was the direct cause of the following exception:
venv/lib/python3.12/site-packages/pytest_django/plugin.py:598: in _django_setup_unittest
    request.getfixturevalue("django_db_setup")
conftest.py:53: in django_db_setup
    tenant, _ = TenantModel.objects.get_or_create(
venv/lib/python3.12/site-packages/django/db/models/manager.py:87: in manager_method
    return getattr(self.get_queryset(), name)(*args, **kwargs)
           ^^^^^^^^^^^^^^^^^^^^^^^^^^^^^^^^^^^^^^^^^^^^^^^^^^^
venv/lib/python3.12/site-packages/django/db/models/query.py:987: in get_or_create
    return self.get(**kwargs), False
           ^^^^^^^^^^^^^^^^^^
venv/lib/python3.12/site-packages/django/db/models/query.py:635: in get
    num = len(clone)
          ^^^^^^^^^^
venv/lib/python3.12/site-packages/django/db/models/query.py:372: in __len__
    self._fetch_all()
venv/lib/python3.12/site-packages/django/db/models/query.py:2000: in _fetch_all
    self._result_cache = list(self._iterable_class(self))
                         ^^^^^^^^^^^^^^^^^^^^^^^^^^^^^^^^
venv/lib/python3.12/site-packages/django/db/models/query.py:95: in __iter__
    results = compiler.execute_sql(
venv/lib/python3.12/site-packages/django/db/models/sql/compiler.py:1622: in execute_sql
    cursor = self.connection.cursor()
             ^^^^^^^^^^^^^^^^^^^^^^^^
venv/lib/python3.12/site-packages/django/utils/asyncio.py:26: in inner
    return func(*args, **kwargs)
           ^^^^^^^^^^^^^^^^^^^^^
venv/lib/python3.12/site-packages/django/db/backends/base/base.py:320: in cursor
    return self._cursor()
           ^^^^^^^^^^^^^^
venv/lib/python3.12/site-packages/django_tenants/postgresql_backend/base.py:144: in _cursor
    cursor = super()._cursor()
             ^^^^^^^^^^^^^^^^^
venv/lib/python3.12/site-packages/django/db/backends/base/base.py:296: in _cursor
    self.ensure_connection()
venv/lib/python3.12/site-packages/django/utils/asyncio.py:26: in inner
    return func(*args, **kwargs)
           ^^^^^^^^^^^^^^^^^^^^^
venv/lib/python3.12/site-packages/django/db/backends/base/base.py:278: in ensure_connection
    with self.wrap_database_errors:
venv/lib/python3.12/site-packages/django/db/utils.py:94: in __exit__
    raise dj_exc_value.with_traceback(traceback) from exc_value
venv/lib/python3.12/site-packages/django/db/backends/base/base.py:279: in ensure_connection
    self.connect()
venv/lib/python3.12/site-packages/django/utils/asyncio.py:26: in inner
    return func(*args, **kwargs)
           ^^^^^^^^^^^^^^^^^^^^^
venv/lib/python3.12/site-packages/django/db/backends/base/base.py:256: in connect
    self.connection = self.get_new_connection(conn_params)
                      ^^^^^^^^^^^^^^^^^^^^^^^^^^^^^^^^^^^^
venv/lib/python3.12/site-packages/django/utils/asyncio.py:26: in inner
    return func(*args, **kwargs)
           ^^^^^^^^^^^^^^^^^^^^^
venv/lib/python3.12/site-packages/django/db/backends/postgresql/base.py:333: in get_new_connection
    connection = self.Database.connect(**conn_params)
                 ^^^^^^^^^^^^^^^^^^^^^^^^^^^^^^^^^^^^
venv/lib/python3.12/site-packages/psycopg/connection.py:130: in connect
    raise new_ex.with_traceback(None)
E   django.db.utils.OperationalError: connection failed: connection to server at "127.0.0.1", port 5432 failed: FATAL:  password authentication failed for user "postgres"
E   Multiple connection attempts failed. All failures were:
E   - host: 'localhost', port: 5432, hostaddr: '::1': connection failed: connection to server at "::1", port 5432 failed: FATAL:  password authentication failed for user "postgres"
E   - host: 'localhost', port: 5432, hostaddr: '127.0.0.1': connection failed: connection to server at "127.0.0.1", port 5432 failed: FATAL:  password authentication failed for user "postgres"</error></testcase><testcase classname="apps.api.tests.ProtectedViewAuthenticatedTest" name="test_response_contains_message_key" time="0.005"><error message="failed on setup with &quot;django.db.utils.OperationalError: connection failed: connection to server at &quot;127.0.0.1&quot;, port 5432 failed: FATAL:  password authentication failed for user &quot;postgres&quot;&#10;Multiple connection attempts failed. All failures were:&#10;- host: 'localhost', port: 5432, hostaddr: '::1': connection failed: connection to server at &quot;::1&quot;, port 5432 failed: FATAL:  password authentication failed for user &quot;postgres&quot;&#10;- host: 'localhost', port: 5432, hostaddr: '127.0.0.1': connection failed: connection to server at &quot;127.0.0.1&quot;, port 5432 failed: FATAL:  password authentication failed for user &quot;postgres&quot;&quot;">venv/lib/python3.12/site-packages/django/db/backends/base/base.py:279: in ensure_connection
    self.connect()
venv/lib/python3.12/site-packages/django/utils/asyncio.py:26: in inner
    return func(*args, **kwargs)
           ^^^^^^^^^^^^^^^^^^^^^
venv/lib/python3.12/site-packages/django/db/backends/base/base.py:256: in connect
    self.connection = self.get_new_connection(conn_params)
                      ^^^^^^^^^^^^^^^^^^^^^^^^^^^^^^^^^^^^
venv/lib/python3.12/site-packages/django/utils/asyncio.py:26: in inner
    return func(*args, **kwargs)
           ^^^^^^^^^^^^^^^^^^^^^
venv/lib/python3.12/site-packages/django/db/backends/postgresql/base.py:333: in get_new_connection
    connection = self.Database.connect(**conn_params)
                 ^^^^^^^^^^^^^^^^^^^^^^^^^^^^^^^^^^^^
venv/lib/python3.12/site-packages/psycopg/connection.py:130: in connect
    raise new_ex.with_traceback(None)
E   psycopg.OperationalError: connection failed: connection to server at "127.0.0.1", port 5432 failed: FATAL:  password authentication failed for user "postgres"
E   Multiple connection attempts failed. All failures were:
E   - host: 'localhost', port: 5432, hostaddr: '::1': connection failed: connection to server at "::1", port 5432 failed: FATAL:  password authentication failed for user "postgres"
E   - host: 'localhost', port: 5432, hostaddr: '127.0.0.1': connection failed: connection to server at "127.0.0.1", port 5432 failed: FATAL:  password authentication failed for user "postgres"

The above exception was the direct cause of the following exception:
venv/lib/python3.12/site-packages/pytest_django/plugin.py:598: in _django_setup_unittest
    request.getfixturevalue("django_db_setup")
conftest.py:53: in django_db_setup
    tenant, _ = TenantModel.objects.get_or_create(
venv/lib/python3.12/site-packages/django/db/models/manager.py:87: in manager_method
    return getattr(self.get_queryset(), name)(*args, **kwargs)
           ^^^^^^^^^^^^^^^^^^^^^^^^^^^^^^^^^^^^^^^^^^^^^^^^^^^
venv/lib/python3.12/site-packages/django/db/models/query.py:987: in get_or_create
    return self.get(**kwargs), False
           ^^^^^^^^^^^^^^^^^^
venv/lib/python3.12/site-packages/django/db/models/query.py:635: in get
    num = len(clone)
          ^^^^^^^^^^
venv/lib/python3.12/site-packages/django/db/models/query.py:372: in __len__
    self._fetch_all()
venv/lib/python3.12/site-packages/django/db/models/query.py:2000: in _fetch_all
    self._result_cache = list(self._iterable_class(self))
                         ^^^^^^^^^^^^^^^^^^^^^^^^^^^^^^^^
venv/lib/python3.12/site-packages/django/db/models/query.py:95: in __iter__
    results = compiler.execute_sql(
venv/lib/python3.12/site-packages/django/db/models/sql/compiler.py:1622: in execute_sql
    cursor = self.connection.cursor()
             ^^^^^^^^^^^^^^^^^^^^^^^^
venv/lib/python3.12/site-packages/django/utils/asyncio.py:26: in inner
    return func(*args, **kwargs)
           ^^^^^^^^^^^^^^^^^^^^^
venv/lib/python3.12/site-packages/django/db/backends/base/base.py:320: in cursor
    return self._cursor()
           ^^^^^^^^^^^^^^
venv/lib/python3.12/site-packages/django_tenants/postgresql_backend/base.py:144: in _cursor
    cursor = super()._cursor()
             ^^^^^^^^^^^^^^^^^
venv/lib/python3.12/site-packages/django/db/backends/base/base.py:296: in _cursor
    self.ensure_connection()
venv/lib/python3.12/site-packages/django/utils/asyncio.py:26: in inner
    return func(*args, **kwargs)
           ^^^^^^^^^^^^^^^^^^^^^
venv/lib/python3.12/site-packages/django/db/backends/base/base.py:278: in ensure_connection
    with self.wrap_database_errors:
venv/lib/python3.12/site-packages/django/db/utils.py:94: in __exit__
    raise dj_exc_value.with_traceback(traceback) from exc_value
venv/lib/python3.12/site-packages/django/db/backends/base/base.py:279: in ensure_connection
    self.connect()
venv/lib/python3.12/site-packages/django/utils/asyncio.py:26: in inner
    return func(*args, **kwargs)
           ^^^^^^^^^^^^^^^^^^^^^
venv/lib/python3.12/site-packages/django/db/backends/base/base.py:256: in connect
    self.connection = self.get_new_connection(conn_params)
                      ^^^^^^^^^^^^^^^^^^^^^^^^^^^^^^^^^^^^
venv/lib/python3.12/site-packages/django/utils/asyncio.py:26: in inner
    return func(*args, **kwargs)
           ^^^^^^^^^^^^^^^^^^^^^
venv/lib/python3.12/site-packages/django/db/backends/postgresql/base.py:333: in get_new_connection
    connection = self.Database.connect(**conn_params)
                 ^^^^^^^^^^^^^^^^^^^^^^^^^^^^^^^^^^^^
venv/lib/python3.12/site-packages/psycopg/connection.py:130: in connect
    raise new_ex.with_traceback(None)
E   django.db.utils.OperationalError: connection failed: connection to server at "127.0.0.1", port 5432 failed: FATAL:  password authentication failed for user "postgres"
E   Multiple connection attempts failed. All failures were:
E   - host: 'localhost', port: 5432, hostaddr: '::1': connection failed: connection to server at "::1", port 5432 failed: FATAL:  password authentication failed for user "postgres"
E   - host: 'localhost', port: 5432, hostaddr: '127.0.0.1': connection failed: connection to server at "127.0.0.1", port 5432 failed: FATAL:  password authentication failed for user "postgres"</error></testcase><testcase classname="apps.api.tests.ProtectedViewAuthenticatedTest" name="test_response_contains_user_key" time="0.004"><error message="failed on setup with &quot;django.db.utils.OperationalError: connection failed: connection to server at &quot;127.0.0.1&quot;, port 5432 failed: FATAL:  password authentication failed for user &quot;postgres&quot;&#10;Multiple connection attempts failed. All failures were:&#10;- host: 'localhost', port: 5432, hostaddr: '::1': connection failed: connection to server at &quot;::1&quot;, port 5432 failed: FATAL:  password authentication failed for user &quot;postgres&quot;&#10;- host: 'localhost', port: 5432, hostaddr: '127.0.0.1': connection failed: connection to server at &quot;127.0.0.1&quot;, port 5432 failed: FATAL:  password authentication failed for user &quot;postgres&quot;&quot;">venv/lib/python3.12/site-packages/django/db/backends/base/base.py:279: in ensure_connection
    self.connect()
venv/lib/python3.12/site-packages/django/utils/asyncio.py:26: in inner
    return func(*args, **kwargs)
           ^^^^^^^^^^^^^^^^^^^^^
venv/lib/python3.12/site-packages/django/db/backends/base/base.py:256: in connect
    self.connection = self.get_new_connection(conn_params)
                      ^^^^^^^^^^^^^^^^^^^^^^^^^^^^^^^^^^^^
venv/lib/python3.12/site-packages/django/utils/asyncio.py:26: in inner
    return func(*args, **kwargs)
           ^^^^^^^^^^^^^^^^^^^^^
venv/lib/python3.12/site-packages/django/db/backends/postgresql/base.py:333: in get_new_connection
    connection = self.Database.connect(**conn_params)
                 ^^^^^^^^^^^^^^^^^^^^^^^^^^^^^^^^^^^^
venv/lib/python3.12/site-packages/psycopg/connection.py:130: in connect
    raise new_ex.with_traceback(None)
E   psycopg.OperationalError: connection failed: connection to server at "127.0.0.1", port 5432 failed: FATAL:  password authentication failed for user "postgres"
E   Multiple connection attempts failed. All failures were:
E   - host: 'localhost', port: 5432, hostaddr: '::1': connection failed: connection to server at "::1", port 5432 failed: FATAL:  password authentication failed for user "postgres"
E   - host: 'localhost', port: 5432, hostaddr: '127.0.0.1': connection failed: connection to server at "127.0.0.1", port 5432 failed: FATAL:  password authentication failed for user "postgres"

The above exception was the direct cause of the following exception:
venv/lib/python3.12/site-packages/pytest_django/plugin.py:598: in _django_setup_unittest
    request.getfixturevalue("django_db_setup")
conftest.py:53: in django_db_setup
    tenant, _ = TenantModel.objects.get_or_create(
venv/lib/python3.12/site-packages/django/db/models/manager.py:87: in manager_method
    return getattr(self.get_queryset(), name)(*args, **kwargs)
           ^^^^^^^^^^^^^^^^^^^^^^^^^^^^^^^^^^^^^^^^^^^^^^^^^^^
venv/lib/python3.12/site-packages/django/db/models/query.py:987: in get_or_create
    return self.get(**kwargs), False
           ^^^^^^^^^^^^^^^^^^
venv/lib/python3.12/site-packages/django/db/models/query.py:635: in get
    num = len(clone)
          ^^^^^^^^^^
venv/lib/python3.12/site-packages/django/db/models/query.py:372: in __len__
    self._fetch_all()
venv/lib/python3.12/site-packages/django/db/models/query.py:2000: in _fetch_all
    self._result_cache = list(self._iterable_class(self))
                         ^^^^^^^^^^^^^^^^^^^^^^^^^^^^^^^^
venv/lib/python3.12/site-packages/django/db/models/query.py:95: in __iter__
    results = compiler.execute_sql(
venv/lib/python3.12/site-packages/django/db/models/sql/compiler.py:1622: in execute_sql
    cursor = self.connection.cursor()
             ^^^^^^^^^^^^^^^^^^^^^^^^
venv/lib/python3.12/site-packages/django/utils/asyncio.py:26: in inner
    return func(*args, **kwargs)
           ^^^^^^^^^^^^^^^^^^^^^
venv/lib/python3.12/site-packages/django/db/backends/base/base.py:320: in cursor
    return self._cursor()
           ^^^^^^^^^^^^^^
venv/lib/python3.12/site-packages/django_tenants/postgresql_backend/base.py:144: in _cursor
    cursor = super()._cursor()
             ^^^^^^^^^^^^^^^^^
venv/lib/python3.12/site-packages/django/db/backends/base/base.py:296: in _cursor
    self.ensure_connection()
venv/lib/python3.12/site-packages/django/utils/asyncio.py:26: in inner
    return func(*args, **kwargs)
           ^^^^^^^^^^^^^^^^^^^^^
venv/lib/python3.12/site-packages/django/db/backends/base/base.py:278: in ensure_connection
    with self.wrap_database_errors:
venv/lib/python3.12/site-packages/django/db/utils.py:94: in __exit__
    raise dj_exc_value.with_traceback(traceback) from exc_value
venv/lib/python3.12/site-packages/django/db/backends/base/base.py:279: in ensure_connection
    self.connect()
venv/lib/python3.12/site-packages/django/utils/asyncio.py:26: in inner
    return func(*args, **kwargs)
           ^^^^^^^^^^^^^^^^^^^^^
venv/lib/python3.12/site-packages/django/db/backends/base/base.py:256: in connect
    self.connection = self.get_new_connection(conn_params)
                      ^^^^^^^^^^^^^^^^^^^^^^^^^^^^^^^^^^^^
venv/lib/python3.12/site-packages/django/utils/asyncio.py:26: in inner
    return func(*args, **kwargs)
           ^^^^^^^^^^^^^^^^^^^^^
venv/lib/python3.12/site-packages/django/db/backends/postgresql/base.py:333: in get_new_connection
    connection = self.Database.connect(**conn_params)
                 ^^^^^^^^^^^^^^^^^^^^^^^^^^^^^^^^^^^^
venv/lib/python3.12/site-packages/psycopg/connection.py:130: in connect
    raise new_ex.with_traceback(None)
E   django.db.utils.OperationalError: connection failed: connection to server at "127.0.0.1", port 5432 failed: FATAL:  password authentication failed for user "postgres"
E   Multiple connection attempts failed. All failures were:
E   - host: 'localhost', port: 5432, hostaddr: '::1': connection failed: connection to server at "::1", port 5432 failed: FATAL:  password authentication failed for user "postgres"
E   - host: 'localhost', port: 5432, hostaddr: '127.0.0.1': connection failed: connection to server at "127.0.0.1", port 5432 failed: FATAL:  password authentication failed for user "postgres"</error></testcase><testcase classname="apps.api.tests.ProtectedViewAuthenticatedTest" name="test_response_message_is_authenticated" time="0.004"><error message="failed on setup with &quot;django.db.utils.OperationalError: connection failed: connection to server at &quot;127.0.0.1&quot;, port 5432 failed: FATAL:  password authentication failed for user &quot;postgres&quot;&#10;Multiple connection attempts failed. All failures were:&#10;- host: 'localhost', port: 5432, hostaddr: '::1': connection failed: connection to server at &quot;::1&quot;, port 5432 failed: FATAL:  password authentication failed for user &quot;postgres&quot;&#10;- host: 'localhost', port: 5432, hostaddr: '127.0.0.1': connection failed: connection to server at &quot;127.0.0.1&quot;, port 5432 failed: FATAL:  password authentication failed for user &quot;postgres&quot;&quot;">venv/lib/python3.12/site-packages/django/db/backends/base/base.py:279: in ensure_connection
    self.connect()
venv/lib/python3.12/site-packages/django/utils/asyncio.py:26: in inner
    return func(*args, **kwargs)
           ^^^^^^^^^^^^^^^^^^^^^
venv/lib/python3.12/site-packages/django/db/backends/base/base.py:256: in connect
    self.connection = self.get_new_connection(conn_params)
                      ^^^^^^^^^^^^^^^^^^^^^^^^^^^^^^^^^^^^
venv/lib/python3.12/site-packages/django/utils/asyncio.py:26: in inner
    return func(*args, **kwargs)
           ^^^^^^^^^^^^^^^^^^^^^
venv/lib/python3.12/site-packages/django/db/backends/postgresql/base.py:333: in get_new_connection
    connection = self.Database.connect(**conn_params)
                 ^^^^^^^^^^^^^^^^^^^^^^^^^^^^^^^^^^^^
venv/lib/python3.12/site-packages/psycopg/connection.py:130: in connect
    raise new_ex.with_traceback(None)
E   psycopg.OperationalError: connection failed: connection to server at "127.0.0.1", port 5432 failed: FATAL:  password authentication failed for user "postgres"
E   Multiple connection attempts failed. All failures were:
E   - host: 'localhost', port: 5432, hostaddr: '::1': connection failed: connection to server at "::1", port 5432 failed: FATAL:  password authentication failed for user "postgres"
E   - host: 'localhost', port: 5432, hostaddr: '127.0.0.1': connection failed: connection to server at "127.0.0.1", port 5432 failed: FATAL:  password authentication failed for user "postgres"

The above exception was the direct cause of the following exception:
venv/lib/python3.12/site-packages/pytest_django/plugin.py:598: in _django_setup_unittest
    request.getfixturevalue("django_db_setup")
conftest.py:53: in django_db_setup
    tenant, _ = TenantModel.objects.get_or_create(
venv/lib/python3.12/site-packages/django/db/models/manager.py:87: in manager_method
    return getattr(self.get_queryset(), name)(*args, **kwargs)
           ^^^^^^^^^^^^^^^^^^^^^^^^^^^^^^^^^^^^^^^^^^^^^^^^^^^
venv/lib/python3.12/site-packages/django/db/models/query.py:987: in get_or_create
    return self.get(**kwargs), False
           ^^^^^^^^^^^^^^^^^^
venv/lib/python3.12/site-packages/django/db/models/query.py:635: in get
    num = len(clone)
          ^^^^^^^^^^
venv/lib/python3.12/site-packages/django/db/models/query.py:372: in __len__
    self._fetch_all()
venv/lib/python3.12/site-packages/django/db/models/query.py:2000: in _fetch_all
    self._result_cache = list(self._iterable_class(self))
                         ^^^^^^^^^^^^^^^^^^^^^^^^^^^^^^^^
venv/lib/python3.12/site-packages/django/db/models/query.py:95: in __iter__
    results = compiler.execute_sql(
venv/lib/python3.12/site-packages/django/db/models/sql/compiler.py:1622: in execute_sql
    cursor = self.connection.cursor()
             ^^^^^^^^^^^^^^^^^^^^^^^^
venv/lib/python3.12/site-packages/django/utils/asyncio.py:26: in inner
    return func(*args, **kwargs)
           ^^^^^^^^^^^^^^^^^^^^^
venv/lib/python3.12/site-packages/django/db/backends/base/base.py:320: in cursor
    return self._cursor()
           ^^^^^^^^^^^^^^
venv/lib/python3.12/site-packages/django_tenants/postgresql_backend/base.py:144: in _cursor
    cursor = super()._cursor()
             ^^^^^^^^^^^^^^^^^
venv/lib/python3.12/site-packages/django/db/backends/base/base.py:296: in _cursor
    self.ensure_connection()
venv/lib/python3.12/site-packages/django/utils/asyncio.py:26: in inner
    return func(*args, **kwargs)
           ^^^^^^^^^^^^^^^^^^^^^
venv/lib/python3.12/site-packages/django/db/backends/base/base.py:278: in ensure_connection
    with self.wrap_database_errors:
venv/lib/python3.12/site-packages/django/db/utils.py:94: in __exit__
    raise dj_exc_value.with_traceback(traceback) from exc_value
venv/lib/python3.12/site-packages/django/db/backends/base/base.py:279: in ensure_connection
    self.connect()
venv/lib/python3.12/site-packages/django/utils/asyncio.py:26: in inner
    return func(*args, **kwargs)
           ^^^^^^^^^^^^^^^^^^^^^
venv/lib/python3.12/site-packages/django/db/backends/base/base.py:256: in connect
    self.connection = self.get_new_connection(conn_params)
                      ^^^^^^^^^^^^^^^^^^^^^^^^^^^^^^^^^^^^
venv/lib/python3.12/site-packages/django/utils/asyncio.py:26: in inner
    return func(*args, **kwargs)
           ^^^^^^^^^^^^^^^^^^^^^
venv/lib/python3.12/site-packages/django/db/backends/postgresql/base.py:333: in get_new_connection
    connection = self.Database.connect(**conn_params)
                 ^^^^^^^^^^^^^^^^^^^^^^^^^^^^^^^^^^^^
venv/lib/python3.12/site-packages/psycopg/connection.py:130: in connect
    raise new_ex.with_traceback(None)
E   django.db.utils.OperationalError: connection failed: connection to server at "127.0.0.1", port 5432 failed: FATAL:  password authentication failed for user "postgres"
E   Multiple connection attempts failed. All failures were:
E   - host: 'localhost', port: 5432, hostaddr: '::1': connection failed: connection to server at "::1", port 5432 failed: FATAL:  password authentication failed for user "postgres"
E   - host: 'localhost', port: 5432, hostaddr: '127.0.0.1': connection failed: connection to server at "127.0.0.1", port 5432 failed: FATAL:  password authentication failed for user "postgres"</error></testcase><testcase classname="apps.api.tests.ProtectedViewAuthenticatedTest" name="test_response_user_matches_logged_in_user" time="0.006"><error message="failed on setup with &quot;django.db.utils.OperationalError: connection failed: connection to server at &quot;127.0.0.1&quot;, port 5432 failed: FATAL:  password authentication failed for user &quot;postgres&quot;&#10;Multiple connection attempts failed. All failures were:&#10;- host: 'localhost', port: 5432, hostaddr: '::1': connection failed: connection to server at &quot;::1&quot;, port 5432 failed: FATAL:  password authentication failed for user &quot;postgres&quot;&#10;- host: 'localhost', port: 5432, hostaddr: '127.0.0.1': connection failed: connection to server at &quot;127.0.0.1&quot;, port 5432 failed: FATAL:  password authentication failed for user &quot;postgres&quot;&quot;">venv/lib/python3.12/site-packages/django/db/backends/base/base.py:279: in ensure_connection
    self.connect()
venv/lib/python3.12/site-packages/django/utils/asyncio.py:26: in inner
    return func(*args, **kwargs)
           ^^^^^^^^^^^^^^^^^^^^^
venv/lib/python3.12/site-packages/django/db/backends/base/base.py:256: in connect
    self.connection = self.get_new_connection(conn_params)
                      ^^^^^^^^^^^^^^^^^^^^^^^^^^^^^^^^^^^^
venv/lib/python3.12/site-packages/django/utils/asyncio.py:26: in inner
    return func(*args, **kwargs)
           ^^^^^^^^^^^^^^^^^^^^^
venv/lib/python3.12/site-packages/django/db/backends/postgresql/base.py:333: in get_new_connection
    connection = self.Database.connect(**conn_params)
                 ^^^^^^^^^^^^^^^^^^^^^^^^^^^^^^^^^^^^
venv/lib/python3.12/site-packages/psycopg/connection.py:130: in connect
    raise new_ex.with_traceback(None)
E   psycopg.OperationalError: connection failed: connection to server at "127.0.0.1", port 5432 failed: FATAL:  password authentication failed for user "postgres"
E   Multiple connection attempts failed. All failures were:
E   - host: 'localhost', port: 5432, hostaddr: '::1': connection failed: connection to server at "::1", port 5432 failed: FATAL:  password authentication failed for user "postgres"
E   - host: 'localhost', port: 5432, hostaddr: '127.0.0.1': connection failed: connection to server at "127.0.0.1", port 5432 failed: FATAL:  password authentication failed for user "postgres"

The above exception was the direct cause of the following exception:
venv/lib/python3.12/site-packages/pytest_django/plugin.py:598: in _django_setup_unittest
    request.getfixturevalue("django_db_setup")
conftest.py:53: in django_db_setup
    tenant, _ = TenantModel.objects.get_or_create(
venv/lib/python3.12/site-packages/django/db/models/manager.py:87: in manager_method
    return getattr(self.get_queryset(), name)(*args, **kwargs)
           ^^^^^^^^^^^^^^^^^^^^^^^^^^^^^^^^^^^^^^^^^^^^^^^^^^^
venv/lib/python3.12/site-packages/django/db/models/query.py:987: in get_or_create
    return self.get(**kwargs), False
           ^^^^^^^^^^^^^^^^^^
venv/lib/python3.12/site-packages/django/db/models/query.py:635: in get
    num = len(clone)
          ^^^^^^^^^^
venv/lib/python3.12/site-packages/django/db/models/query.py:372: in __len__
    self._fetch_all()
venv/lib/python3.12/site-packages/django/db/models/query.py:2000: in _fetch_all
    self._result_cache = list(self._iterable_class(self))
                         ^^^^^^^^^^^^^^^^^^^^^^^^^^^^^^^^
venv/lib/python3.12/site-packages/django/db/models/query.py:95: in __iter__
    results = compiler.execute_sql(
venv/lib/python3.12/site-packages/django/db/models/sql/compiler.py:1622: in execute_sql
    cursor = self.connection.cursor()
             ^^^^^^^^^^^^^^^^^^^^^^^^
venv/lib/python3.12/site-packages/django/utils/asyncio.py:26: in inner
    return func(*args, **kwargs)
           ^^^^^^^^^^^^^^^^^^^^^
venv/lib/python3.12/site-packages/django/db/backends/base/base.py:320: in cursor
    return self._cursor()
           ^^^^^^^^^^^^^^
venv/lib/python3.12/site-packages/django_tenants/postgresql_backend/base.py:144: in _cursor
    cursor = super()._cursor()
             ^^^^^^^^^^^^^^^^^
venv/lib/python3.12/site-packages/django/db/backends/base/base.py:296: in _cursor
    self.ensure_connection()
venv/lib/python3.12/site-packages/django/utils/asyncio.py:26: in inner
    return func(*args, **kwargs)
           ^^^^^^^^^^^^^^^^^^^^^
venv/lib/python3.12/site-packages/django/db/backends/base/base.py:278: in ensure_connection
    with self.wrap_database_errors:
venv/lib/python3.12/site-packages/django/db/utils.py:94: in __exit__
    raise dj_exc_value.with_traceback(traceback) from exc_value
venv/lib/python3.12/site-packages/django/db/backends/base/base.py:279: in ensure_connection
    self.connect()
venv/lib/python3.12/site-packages/django/utils/asyncio.py:26: in inner
    return func(*args, **kwargs)
           ^^^^^^^^^^^^^^^^^^^^^
venv/lib/python3.12/site-packages/django/db/backends/base/base.py:256: in connect
    self.connection = self.get_new_connection(conn_params)
                      ^^^^^^^^^^^^^^^^^^^^^^^^^^^^^^^^^^^^
venv/lib/python3.12/site-packages/django/utils/asyncio.py:26: in inner
    return func(*args, **kwargs)
           ^^^^^^^^^^^^^^^^^^^^^
venv/lib/python3.12/site-packages/django/db/backends/postgresql/base.py:333: in get_new_connection
    connection = self.Database.connect(**conn_params)
                 ^^^^^^^^^^^^^^^^^^^^^^^^^^^^^^^^^^^^
venv/lib/python3.12/site-packages/psycopg/connection.py:130: in connect
    raise new_ex.with_traceback(None)
E   django.db.utils.OperationalError: connection failed: connection to server at "127.0.0.1", port 5432 failed: FATAL:  password authentication failed for user "postgres"
E   Multiple connection attempts failed. All failures were:
E   - host: 'localhost', port: 5432, hostaddr: '::1': connection failed: connection to server at "::1", port 5432 failed: FATAL:  password authentication failed for user "postgres"
E   - host: 'localhost', port: 5432, hostaddr: '127.0.0.1': connection failed: connection to server at "127.0.0.1", port 5432 failed: FATAL:  password authentication failed for user "postgres"</error></testcase><testcase classname="apps.api.tests.ProtectedViewAdminUserTest" name="test_admin_authenticated_returns_200" time="0.010"><error message="failed on setup with &quot;django.db.utils.OperationalError: connection failed: connection to server at &quot;127.0.0.1&quot;, port 5432 failed: FATAL:  password authentication failed for user &quot;postgres&quot;&#10;Multiple connection attempts failed. All failures were:&#10;- host: 'localhost', port: 5432, hostaddr: '::1': connection failed: connection to server at &quot;::1&quot;, port 5432 failed: FATAL:  password authentication failed for user &quot;postgres&quot;&#10;- host: 'localhost', port: 5432, hostaddr: '127.0.0.1': connection failed: connection to server at &quot;127.0.0.1&quot;, port 5432 failed: FATAL:  password authentication failed for user &quot;postgres&quot;&quot;">venv/lib/python3.12/site-packages/django/db/backends/base/base.py:279: in ensure_connection
    self.connect()
venv/lib/python3.12/site-packages/django/utils/asyncio.py:26: in inner
    return func(*args, **kwargs)
           ^^^^^^^^^^^^^^^^^^^^^
venv/lib/python3.12/site-packages/django/db/backends/base/base.py:256: in connect
    self.connection = self.get_new_connection(conn_params)
                      ^^^^^^^^^^^^^^^^^^^^^^^^^^^^^^^^^^^^
venv/lib/python3.12/site-packages/django/utils/asyncio.py:26: in inner
    return func(*args, **kwargs)
           ^^^^^^^^^^^^^^^^^^^^^
venv/lib/python3.12/site-packages/django/db/backends/postgresql/base.py:333: in get_new_connection
    connection = self.Database.connect(**conn_params)
                 ^^^^^^^^^^^^^^^^^^^^^^^^^^^^^^^^^^^^
venv/lib/python3.12/site-packages/psycopg/connection.py:130: in connect
    raise new_ex.with_traceback(None)
E   psycopg.OperationalError: connection failed: connection to server at "127.0.0.1", port 5432 failed: FATAL:  password authentication failed for user "postgres"
E   Multiple connection attempts failed. All failures were:
E   - host: 'localhost', port: 5432, hostaddr: '::1': connection failed: connection to server at "::1", port 5432 failed: FATAL:  password authentication failed for user "postgres"
E   - host: 'localhost', port: 5432, hostaddr: '127.0.0.1': connection failed: connection to server at "127.0.0.1", port 5432 failed: FATAL:  password authentication failed for user "postgres"

The above exception was the direct cause of the following exception:
venv/lib/python3.12/site-packages/pytest_asyncio/plugin.py:728: in pytest_fixture_setup
    return (yield)
            ^^^^^
venv/lib/python3.12/site-packages/pytest_django/plugin.py:598: in _django_setup_unittest
    request.getfixturevalue("django_db_setup")
conftest.py:53: in django_db_setup
    tenant, _ = TenantModel.objects.get_or_create(
venv/lib/python3.12/site-packages/django/db/models/manager.py:87: in manager_method
    return getattr(self.get_queryset(), name)(*args, **kwargs)
           ^^^^^^^^^^^^^^^^^^^^^^^^^^^^^^^^^^^^^^^^^^^^^^^^^^^
venv/lib/python3.12/site-packages/django/db/models/query.py:987: in get_or_create
    return self.get(**kwargs), False
           ^^^^^^^^^^^^^^^^^^
venv/lib/python3.12/site-packages/django/db/models/query.py:635: in get
    num = len(clone)
          ^^^^^^^^^^
venv/lib/python3.12/site-packages/django/db/models/query.py:372: in __len__
    self._fetch_all()
venv/lib/python3.12/site-packages/django/db/models/query.py:2000: in _fetch_all
    self._result_cache = list(self._iterable_class(self))
                         ^^^^^^^^^^^^^^^^^^^^^^^^^^^^^^^^
venv/lib/python3.12/site-packages/django/db/models/query.py:95: in __iter__
    results = compiler.execute_sql(
venv/lib/python3.12/site-packages/django/db/models/sql/compiler.py:1622: in execute_sql
    cursor = self.connection.cursor()
             ^^^^^^^^^^^^^^^^^^^^^^^^
venv/lib/python3.12/site-packages/django/utils/asyncio.py:26: in inner
    return func(*args, **kwargs)
           ^^^^^^^^^^^^^^^^^^^^^
venv/lib/python3.12/site-packages/django/db/backends/base/base.py:320: in cursor
    return self._cursor()
           ^^^^^^^^^^^^^^
venv/lib/python3.12/site-packages/django_tenants/postgresql_backend/base.py:144: in _cursor
    cursor = super()._cursor()
             ^^^^^^^^^^^^^^^^^
venv/lib/python3.12/site-packages/django/db/backends/base/base.py:296: in _cursor
    self.ensure_connection()
venv/lib/python3.12/site-packages/django/utils/asyncio.py:26: in inner
    return func(*args, **kwargs)
           ^^^^^^^^^^^^^^^^^^^^^
venv/lib/python3.12/site-packages/django/db/backends/base/base.py:278: in ensure_connection
    with self.wrap_database_errors:
venv/lib/python3.12/site-packages/django/db/utils.py:94: in __exit__
    raise dj_exc_value.with_traceback(traceback) from exc_value
venv/lib/python3.12/site-packages/django/db/backends/base/base.py:279: in ensure_connection
    self.connect()
venv/lib/python3.12/site-packages/django/utils/asyncio.py:26: in inner
    return func(*args, **kwargs)
           ^^^^^^^^^^^^^^^^^^^^^
venv/lib/python3.12/site-packages/django/db/backends/base/base.py:256: in connect
    self.connection = self.get_new_connection(conn_params)
                      ^^^^^^^^^^^^^^^^^^^^^^^^^^^^^^^^^^^^
venv/lib/python3.12/site-packages/django/utils/asyncio.py:26: in inner
    return func(*args, **kwargs)
           ^^^^^^^^^^^^^^^^^^^^^
venv/lib/python3.12/site-packages/django/db/backends/postgresql/base.py:333: in get_new_connection
    connection = self.Database.connect(**conn_params)
                 ^^^^^^^^^^^^^^^^^^^^^^^^^^^^^^^^^^^^
venv/lib/python3.12/site-packages/psycopg/connection.py:130: in connect
    raise new_ex.with_traceback(None)
E   django.db.utils.OperationalError: connection failed: connection to server at "127.0.0.1", port 5432 failed: FATAL:  password authentication failed for user "postgres"
E   Multiple connection attempts failed. All failures were:
E   - host: 'localhost', port: 5432, hostaddr: '::1': connection failed: connection to server at "::1", port 5432 failed: FATAL:  password authentication failed for user "postgres"
E   - host: 'localhost', port: 5432, hostaddr: '127.0.0.1': connection failed: connection to server at "127.0.0.1", port 5432 failed: FATAL:  password authentication failed for user "postgres"</error></testcase><testcase classname="apps.api.tests.ProtectedViewAdminUserTest" name="test_admin_response_user_matches" time="0.005"><error message="failed on setup with &quot;django.db.utils.OperationalError: connection failed: connection to server at &quot;127.0.0.1&quot;, port 5432 failed: FATAL:  password authentication failed for user &quot;postgres&quot;&#10;Multiple connection attempts failed. All failures were:&#10;- host: 'localhost', port: 5432, hostaddr: '::1': connection failed: connection to server at &quot;::1&quot;, port 5432 failed: FATAL:  password authentication failed for user &quot;postgres&quot;&#10;- host: 'localhost', port: 5432, hostaddr: '127.0.0.1': connection failed: connection to server at &quot;127.0.0.1&quot;, port 5432 failed: FATAL:  password authentication failed for user &quot;postgres&quot;&quot;">venv/lib/python3.12/site-packages/django/db/backends/base/base.py:279: in ensure_connection
    self.connect()
venv/lib/python3.12/site-packages/django/utils/asyncio.py:26: in inner
    return func(*args, **kwargs)
           ^^^^^^^^^^^^^^^^^^^^^
venv/lib/python3.12/site-packages/django/db/backends/base/base.py:256: in connect
    self.connection = self.get_new_connection(conn_params)
                      ^^^^^^^^^^^^^^^^^^^^^^^^^^^^^^^^^^^^
venv/lib/python3.12/site-packages/django/utils/asyncio.py:26: in inner
    return func(*args, **kwargs)
           ^^^^^^^^^^^^^^^^^^^^^
venv/lib/python3.12/site-packages/django/db/backends/postgresql/base.py:333: in get_new_connection
    connection = self.Database.connect(**conn_params)
                 ^^^^^^^^^^^^^^^^^^^^^^^^^^^^^^^^^^^^
venv/lib/python3.12/site-packages/psycopg/connection.py:130: in connect
    raise new_ex.with_traceback(None)
E   psycopg.OperationalError: connection failed: connection to server at "127.0.0.1", port 5432 failed: FATAL:  password authentication failed for user "postgres"
E   Multiple connection attempts failed. All failures were:
E   - host: 'localhost', port: 5432, hostaddr: '::1': connection failed: connection to server at "::1", port 5432 failed: FATAL:  password authentication failed for user "postgres"
E   - host: 'localhost', port: 5432, hostaddr: '127.0.0.1': connection failed: connection to server at "127.0.0.1", port 5432 failed: FATAL:  password authentication failed for user "postgres"

The above exception was the direct cause of the following exception:
venv/lib/python3.12/site-packages/pytest_django/plugin.py:598: in _django_setup_unittest
    request.getfixturevalue("django_db_setup")
conftest.py:53: in django_db_setup
    tenant, _ = TenantModel.objects.get_or_create(
venv/lib/python3.12/site-packages/django/db/models/manager.py:87: in manager_method
    return getattr(self.get_queryset(), name)(*args, **kwargs)
           ^^^^^^^^^^^^^^^^^^^^^^^^^^^^^^^^^^^^^^^^^^^^^^^^^^^
venv/lib/python3.12/site-packages/django/db/models/query.py:987: in get_or_create
    return self.get(**kwargs), False
           ^^^^^^^^^^^^^^^^^^
venv/lib/python3.12/site-packages/django/db/models/query.py:635: in get
    num = len(clone)
          ^^^^^^^^^^
venv/lib/python3.12/site-packages/django/db/models/query.py:372: in __len__
    self._fetch_all()
venv/lib/python3.12/site-packages/django/db/models/query.py:2000: in _fetch_all
    self._result_cache = list(self._iterable_class(self))
                         ^^^^^^^^^^^^^^^^^^^^^^^^^^^^^^^^
venv/lib/python3.12/site-packages/django/db/models/query.py:95: in __iter__
    results = compiler.execute_sql(
venv/lib/python3.12/site-packages/django/db/models/sql/compiler.py:1622: in execute_sql
    cursor = self.connection.cursor()
             ^^^^^^^^^^^^^^^^^^^^^^^^
venv/lib/python3.12/site-packages/django/utils/asyncio.py:26: in inner
    return func(*args, **kwargs)
           ^^^^^^^^^^^^^^^^^^^^^
venv/lib/python3.12/site-packages/django/db/backends/base/base.py:320: in cursor
    return self._cursor()
           ^^^^^^^^^^^^^^
venv/lib/python3.12/site-packages/django_tenants/postgresql_backend/base.py:144: in _cursor
    cursor = super()._cursor()
             ^^^^^^^^^^^^^^^^^
venv/lib/python3.12/site-packages/django/db/backends/base/base.py:296: in _cursor
    self.ensure_connection()
venv/lib/python3.12/site-packages/django/utils/asyncio.py:26: in inner
    return func(*args, **kwargs)
           ^^^^^^^^^^^^^^^^^^^^^
venv/lib/python3.12/site-packages/django/db/backends/base/base.py:278: in ensure_connection
    with self.wrap_database_errors:
venv/lib/python3.12/site-packages/django/db/utils.py:94: in __exit__
    raise dj_exc_value.with_traceback(traceback) from exc_value
venv/lib/python3.12/site-packages/django/db/backends/base/base.py:279: in ensure_connection
    self.connect()
venv/lib/python3.12/site-packages/django/utils/asyncio.py:26: in inner
    return func(*args, **kwargs)
           ^^^^^^^^^^^^^^^^^^^^^
venv/lib/python3.12/site-packages/django/db/backends/base/base.py:256: in connect
    self.connection = self.get_new_connection(conn_params)
                      ^^^^^^^^^^^^^^^^^^^^^^^^^^^^^^^^^^^^
venv/lib/python3.12/site-packages/django/utils/asyncio.py:26: in inner
    return func(*args, **kwargs)
           ^^^^^^^^^^^^^^^^^^^^^
venv/lib/python3.12/site-packages/django/db/backends/postgresql/base.py:333: in get_new_connection
    connection = self.Database.connect(**conn_params)
                 ^^^^^^^^^^^^^^^^^^^^^^^^^^^^^^^^^^^^
venv/lib/python3.12/site-packages/psycopg/connection.py:130: in connect
    raise new_ex.with_traceback(None)
E   django.db.utils.OperationalError: connection failed: connection to server at "127.0.0.1", port 5432 failed: FATAL:  password authentication failed for user "postgres"
E   Multiple connection attempts failed. All failures were:
E   - host: 'localhost', port: 5432, hostaddr: '::1': connection failed: connection to server at "::1", port 5432 failed: FATAL:  password authentication failed for user "postgres"
E   - host: 'localhost', port: 5432, hostaddr: '127.0.0.1': connection failed: connection to server at "127.0.0.1", port 5432 failed: FATAL:  password authentication failed for user "postgres"</error></testcase><testcase classname="apps.core.tests.test_models.HomeViewTest" name="test_home_contains_api_link" time="0.012"><error message="failed on setup with &quot;django.db.utils.OperationalError: connection failed: connection to server at &quot;127.0.0.1&quot;, port 5432 failed: FATAL:  password authentication failed for user &quot;postgres&quot;&#10;Multiple connection attempts failed. All failures were:&#10;- host: 'localhost', port: 5432, hostaddr: '::1': connection failed: connection to server at &quot;::1&quot;, port 5432 failed: FATAL:  password authentication failed for user &quot;postgres&quot;&#10;- host: 'localhost', port: 5432, hostaddr: '127.0.0.1': connection failed: connection to server at &quot;127.0.0.1&quot;, port 5432 failed: FATAL:  password authentication failed for user &quot;postgres&quot;&quot;">venv/lib/python3.12/site-packages/django/db/backends/base/base.py:279: in ensure_connection
    self.connect()
venv/lib/python3.12/site-packages/django/utils/asyncio.py:26: in inner
    return func(*args, **kwargs)
           ^^^^^^^^^^^^^^^^^^^^^
venv/lib/python3.12/site-packages/django/db/backends/base/base.py:256: in connect
    self.connection = self.get_new_connection(conn_params)
                      ^^^^^^^^^^^^^^^^^^^^^^^^^^^^^^^^^^^^
venv/lib/python3.12/site-packages/django/utils/asyncio.py:26: in inner
    return func(*args, **kwargs)
           ^^^^^^^^^^^^^^^^^^^^^
venv/lib/python3.12/site-packages/django/db/backends/postgresql/base.py:333: in get_new_connection
    connection = self.Database.connect(**conn_params)
                 ^^^^^^^^^^^^^^^^^^^^^^^^^^^^^^^^^^^^
venv/lib/python3.12/site-packages/psycopg/connection.py:130: in connect
    raise new_ex.with_traceback(None)
E   psycopg.OperationalError: connection failed: connection to server at "127.0.0.1", port 5432 failed: FATAL:  password authentication failed for user "postgres"
E   Multiple connection attempts failed. All failures were:
E   - host: 'localhost', port: 5432, hostaddr: '::1': connection failed: connection to server at "::1", port 5432 failed: FATAL:  password authentication failed for user "postgres"
E   - host: 'localhost', port: 5432, hostaddr: '127.0.0.1': connection failed: connection to server at "127.0.0.1", port 5432 failed: FATAL:  password authentication failed for user "postgres"

The above exception was the direct cause of the following exception:
venv/lib/python3.12/site-packages/pytest_asyncio/plugin.py:728: in pytest_fixture_setup
    return (yield)
            ^^^^^
venv/lib/python3.12/site-packages/pytest_django/plugin.py:598: in _django_setup_unittest
    request.getfixturevalue("django_db_setup")
conftest.py:53: in django_db_setup
    tenant, _ = TenantModel.objects.get_or_create(
venv/lib/python3.12/site-packages/django/db/models/manager.py:87: in manager_method
    return getattr(self.get_queryset(), name)(*args, **kwargs)
           ^^^^^^^^^^^^^^^^^^^^^^^^^^^^^^^^^^^^^^^^^^^^^^^^^^^
venv/lib/python3.12/site-packages/django/db/models/query.py:987: in get_or_create
    return self.get(**kwargs), False
           ^^^^^^^^^^^^^^^^^^
venv/lib/python3.12/site-packages/django/db/models/query.py:635: in get
    num = len(clone)
          ^^^^^^^^^^
venv/lib/python3.12/site-packages/django/db/models/query.py:372: in __len__
    self._fetch_all()
venv/lib/python3.12/site-packages/django/db/models/query.py:2000: in _fetch_all
    self._result_cache = list(self._iterable_class(self))
                         ^^^^^^^^^^^^^^^^^^^^^^^^^^^^^^^^
venv/lib/python3.12/site-packages/django/db/models/query.py:95: in __iter__
    results = compiler.execute_sql(
venv/lib/python3.12/site-packages/django/db/models/sql/compiler.py:1622: in execute_sql
    cursor = self.connection.cursor()
             ^^^^^^^^^^^^^^^^^^^^^^^^
venv/lib/python3.12/site-packages/django/utils/asyncio.py:26: in inner
    return func(*args, **kwargs)
           ^^^^^^^^^^^^^^^^^^^^^
venv/lib/python3.12/site-packages/django/db/backends/base/base.py:320: in cursor
    return self._cursor()
           ^^^^^^^^^^^^^^
venv/lib/python3.12/site-packages/django_tenants/postgresql_backend/base.py:144: in _cursor
    cursor = super()._cursor()
             ^^^^^^^^^^^^^^^^^
venv/lib/python3.12/site-packages/django/db/backends/base/base.py:296: in _cursor
    self.ensure_connection()
venv/lib/python3.12/site-packages/django/utils/asyncio.py:26: in inner
    return func(*args, **kwargs)
           ^^^^^^^^^^^^^^^^^^^^^
venv/lib/python3.12/site-packages/django/db/backends/base/base.py:278: in ensure_connection
    with self.wrap_database_errors:
venv/lib/python3.12/site-packages/django/db/utils.py:94: in __exit__
    raise dj_exc_value.with_traceback(traceback) from exc_value
venv/lib/python3.12/site-packages/django/db/backends/base/base.py:279: in ensure_connection
    self.connect()
venv/lib/python3.12/site-packages/django/utils/asyncio.py:26: in inner
    return func(*args, **kwargs)
           ^^^^^^^^^^^^^^^^^^^^^
venv/lib/python3.12/site-packages/django/db/backends/base/base.py:256: in connect
    self.connection = self.get_new_connection(conn_params)
                      ^^^^^^^^^^^^^^^^^^^^^^^^^^^^^^^^^^^^
venv/lib/python3.12/site-packages/django/utils/asyncio.py:26: in inner
    return func(*args, **kwargs)
           ^^^^^^^^^^^^^^^^^^^^^
venv/lib/python3.12/site-packages/django/db/backends/postgresql/base.py:333: in get_new_connection
    connection = self.Database.connect(**conn_params)
                 ^^^^^^^^^^^^^^^^^^^^^^^^^^^^^^^^^^^^
venv/lib/python3.12/site-packages/psycopg/connection.py:130: in connect
    raise new_ex.with_traceback(None)
E   django.db.utils.OperationalError: connection failed: connection to server at "127.0.0.1", port 5432 failed: FATAL:  password authentication failed for user "postgres"
E   Multiple connection attempts failed. All failures were:
E   - host: 'localhost', port: 5432, hostaddr: '::1': connection failed: connection to server at "::1", port 5432 failed: FATAL:  password authentication failed for user "postgres"
E   - host: 'localhost', port: 5432, hostaddr: '127.0.0.1': connection failed: connection to server at "127.0.0.1", port 5432 failed: FATAL:  password authentication failed for user "postgres"</error></testcase><testcase classname="apps.core.tests.test_models.HomeViewTest" name="test_home_contains_expected_heading" time="0.004"><error message="failed on setup with &quot;django.db.utils.OperationalError: connection failed: connection to server at &quot;127.0.0.1&quot;, port 5432 failed: FATAL:  password authentication failed for user &quot;postgres&quot;&#10;Multiple connection attempts failed. All failures were:&#10;- host: 'localhost', port: 5432, hostaddr: '::1': connection failed: connection to server at &quot;::1&quot;, port 5432 failed: FATAL:  password authentication failed for user &quot;postgres&quot;&#10;- host: 'localhost', port: 5432, hostaddr: '127.0.0.1': connection failed: connection to server at &quot;127.0.0.1&quot;, port 5432 failed: FATAL:  password authentication failed for user &quot;postgres&quot;&quot;">venv/lib/python3.12/site-packages/django/db/backends/base/base.py:279: in ensure_connection
    self.connect()
venv/lib/python3.12/site-packages/django/utils/asyncio.py:26: in inner
    return func(*args, **kwargs)
           ^^^^^^^^^^^^^^^^^^^^^
venv/lib/python3.12/site-packages/django/db/backends/base/base.py:256: in connect
    self.connection = self.get_new_connection(conn_params)
                      ^^^^^^^^^^^^^^^^^^^^^^^^^^^^^^^^^^^^
venv/lib/python3.12/site-packages/django/utils/asyncio.py:26: in inner
    return func(*args, **kwargs)
           ^^^^^^^^^^^^^^^^^^^^^
venv/lib/python3.12/site-packages/django/db/backends/postgresql/base.py:333: in get_new_connection
    connection = self.Database.connect(**conn_params)
                 ^^^^^^^^^^^^^^^^^^^^^^^^^^^^^^^^^^^^
venv/lib/python3.12/site-packages/psycopg/connection.py:130: in connect
    raise new_ex.with_traceback(None)
E   psycopg.OperationalError: connection failed: connection to server at "127.0.0.1", port 5432 failed: FATAL:  password authentication failed for user "postgres"
E   Multiple connection attempts failed. All failures were:
E   - host: 'localhost', port: 5432, hostaddr: '::1': connection failed: connection to server at "::1", port 5432 failed: FATAL:  password authentication failed for user "postgres"
E   - host: 'localhost', port: 5432, hostaddr: '127.0.0.1': connection failed: connection to server at "127.0.0.1", port 5432 failed: FATAL:  password authentication failed for user "postgres"

The above exception was the direct cause of the following exception:
venv/lib/python3.12/site-packages/pytest_django/plugin.py:598: in _django_setup_unittest
    request.getfixturevalue("django_db_setup")
conftest.py:53: in django_db_setup
    tenant, _ = TenantModel.objects.get_or_create(
venv/lib/python3.12/site-packages/django/db/models/manager.py:87: in manager_method
    return getattr(self.get_queryset(), name)(*args, **kwargs)
           ^^^^^^^^^^^^^^^^^^^^^^^^^^^^^^^^^^^^^^^^^^^^^^^^^^^
venv/lib/python3.12/site-packages/django/db/models/query.py:987: in get_or_create
    return self.get(**kwargs), False
           ^^^^^^^^^^^^^^^^^^
venv/lib/python3.12/site-packages/django/db/models/query.py:635: in get
    num = len(clone)
          ^^^^^^^^^^
venv/lib/python3.12/site-packages/django/db/models/query.py:372: in __len__
    self._fetch_all()
venv/lib/python3.12/site-packages/django/db/models/query.py:2000: in _fetch_all
    self._result_cache = list(self._iterable_class(self))
                         ^^^^^^^^^^^^^^^^^^^^^^^^^^^^^^^^
venv/lib/python3.12/site-packages/django/db/models/query.py:95: in __iter__
    results = compiler.execute_sql(
venv/lib/python3.12/site-packages/django/db/models/sql/compiler.py:1622: in execute_sql
    cursor = self.connection.cursor()
             ^^^^^^^^^^^^^^^^^^^^^^^^
venv/lib/python3.12/site-packages/django/utils/asyncio.py:26: in inner
    return func(*args, **kwargs)
           ^^^^^^^^^^^^^^^^^^^^^
venv/lib/python3.12/site-packages/django/db/backends/base/base.py:320: in cursor
    return self._cursor()
           ^^^^^^^^^^^^^^
venv/lib/python3.12/site-packages/django_tenants/postgresql_backend/base.py:144: in _cursor
    cursor = super()._cursor()
             ^^^^^^^^^^^^^^^^^
venv/lib/python3.12/site-packages/django/db/backends/base/base.py:296: in _cursor
    self.ensure_connection()
venv/lib/python3.12/site-packages/django/utils/asyncio.py:26: in inner
    return func(*args, **kwargs)
           ^^^^^^^^^^^^^^^^^^^^^
venv/lib/python3.12/site-packages/django/db/backends/base/base.py:278: in ensure_connection
    with self.wrap_database_errors:
venv/lib/python3.12/site-packages/django/db/utils.py:94: in __exit__
    raise dj_exc_value.with_traceback(traceback) from exc_value
venv/lib/python3.12/site-packages/django/db/backends/base/base.py:279: in ensure_connection
    self.connect()
venv/lib/python3.12/site-packages/django/utils/asyncio.py:26: in inner
    return func(*args, **kwargs)
           ^^^^^^^^^^^^^^^^^^^^^
venv/lib/python3.12/site-packages/django/db/backends/base/base.py:256: in connect
    self.connection = self.get_new_connection(conn_params)
                      ^^^^^^^^^^^^^^^^^^^^^^^^^^^^^^^^^^^^
venv/lib/python3.12/site-packages/django/utils/asyncio.py:26: in inner
    return func(*args, **kwargs)
           ^^^^^^^^^^^^^^^^^^^^^
venv/lib/python3.12/site-packages/django/db/backends/postgresql/base.py:333: in get_new_connection
    connection = self.Database.connect(**conn_params)
                 ^^^^^^^^^^^^^^^^^^^^^^^^^^^^^^^^^^^^
venv/lib/python3.12/site-packages/psycopg/connection.py:130: in connect
    raise new_ex.with_traceback(None)
E   django.db.utils.OperationalError: connection failed: connection to server at "127.0.0.1", port 5432 failed: FATAL:  password authentication failed for user "postgres"
E   Multiple connection attempts failed. All failures were:
E   - host: 'localhost', port: 5432, hostaddr: '::1': connection failed: connection to server at "::1", port 5432 failed: FATAL:  password authentication failed for user "postgres"
E   - host: 'localhost', port: 5432, hostaddr: '127.0.0.1': connection failed: connection to server at "127.0.0.1", port 5432 failed: FATAL:  password authentication failed for user "postgres"</error></testcase><testcase classname="apps.core.tests.test_models.HomeViewTest" name="test_home_contains_health_link" time="0.005"><error message="failed on setup with &quot;django.db.utils.OperationalError: connection failed: connection to server at &quot;127.0.0.1&quot;, port 5432 failed: FATAL:  password authentication failed for user &quot;postgres&quot;&#10;Multiple connection attempts failed. All failures were:&#10;- host: 'localhost', port: 5432, hostaddr: '::1': connection failed: connection to server at &quot;::1&quot;, port 5432 failed: FATAL:  password authentication failed for user &quot;postgres&quot;&#10;- host: 'localhost', port: 5432, hostaddr: '127.0.0.1': connection failed: connection to server at &quot;127.0.0.1&quot;, port 5432 failed: FATAL:  password authentication failed for user &quot;postgres&quot;&quot;">venv/lib/python3.12/site-packages/django/db/backends/base/base.py:279: in ensure_connection
    self.connect()
venv/lib/python3.12/site-packages/django/utils/asyncio.py:26: in inner
    return func(*args, **kwargs)
           ^^^^^^^^^^^^^^^^^^^^^
venv/lib/python3.12/site-packages/django/db/backends/base/base.py:256: in connect
    self.connection = self.get_new_connection(conn_params)
                      ^^^^^^^^^^^^^^^^^^^^^^^^^^^^^^^^^^^^
venv/lib/python3.12/site-packages/django/utils/asyncio.py:26: in inner
    return func(*args, **kwargs)
           ^^^^^^^^^^^^^^^^^^^^^
venv/lib/python3.12/site-packages/django/db/backends/postgresql/base.py:333: in get_new_connection
    connection = self.Database.connect(**conn_params)
                 ^^^^^^^^^^^^^^^^^^^^^^^^^^^^^^^^^^^^
venv/lib/python3.12/site-packages/psycopg/connection.py:130: in connect
    raise new_ex.with_traceback(None)
E   psycopg.OperationalError: connection failed: connection to server at "127.0.0.1", port 5432 failed: FATAL:  password authentication failed for user "postgres"
E   Multiple connection attempts failed. All failures were:
E   - host: 'localhost', port: 5432, hostaddr: '::1': connection failed: connection to server at "::1", port 5432 failed: FATAL:  password authentication failed for user "postgres"
E   - host: 'localhost', port: 5432, hostaddr: '127.0.0.1': connection failed: connection to server at "127.0.0.1", port 5432 failed: FATAL:  password authentication failed for user "postgres"

The above exception was the direct cause of the following exception:
venv/lib/python3.12/site-packages/pytest_django/plugin.py:598: in _django_setup_unittest
    request.getfixturevalue("django_db_setup")
conftest.py:53: in django_db_setup
    tenant, _ = TenantModel.objects.get_or_create(
venv/lib/python3.12/site-packages/django/db/models/manager.py:87: in manager_method
    return getattr(self.get_queryset(), name)(*args, **kwargs)
           ^^^^^^^^^^^^^^^^^^^^^^^^^^^^^^^^^^^^^^^^^^^^^^^^^^^
venv/lib/python3.12/site-packages/django/db/models/query.py:987: in get_or_create
    return self.get(**kwargs), False
           ^^^^^^^^^^^^^^^^^^
venv/lib/python3.12/site-packages/django/db/models/query.py:635: in get
    num = len(clone)
          ^^^^^^^^^^
venv/lib/python3.12/site-packages/django/db/models/query.py:372: in __len__
    self._fetch_all()
venv/lib/python3.12/site-packages/django/db/models/query.py:2000: in _fetch_all
    self._result_cache = list(self._iterable_class(self))
                         ^^^^^^^^^^^^^^^^^^^^^^^^^^^^^^^^
venv/lib/python3.12/site-packages/django/db/models/query.py:95: in __iter__
    results = compiler.execute_sql(
venv/lib/python3.12/site-packages/django/db/models/sql/compiler.py:1622: in execute_sql
    cursor = self.connection.cursor()
             ^^^^^^^^^^^^^^^^^^^^^^^^
venv/lib/python3.12/site-packages/django/utils/asyncio.py:26: in inner
    return func(*args, **kwargs)
           ^^^^^^^^^^^^^^^^^^^^^
venv/lib/python3.12/site-packages/django/db/backends/base/base.py:320: in cursor
    return self._cursor()
           ^^^^^^^^^^^^^^
venv/lib/python3.12/site-packages/django_tenants/postgresql_backend/base.py:144: in _cursor
    cursor = super()._cursor()
             ^^^^^^^^^^^^^^^^^
venv/lib/python3.12/site-packages/django/db/backends/base/base.py:296: in _cursor
    self.ensure_connection()
venv/lib/python3.12/site-packages/django/utils/asyncio.py:26: in inner
    return func(*args, **kwargs)
           ^^^^^^^^^^^^^^^^^^^^^
venv/lib/python3.12/site-packages/django/db/backends/base/base.py:278: in ensure_connection
    with self.wrap_database_errors:
venv/lib/python3.12/site-packages/django/db/utils.py:94: in __exit__
    raise dj_exc_value.with_traceback(traceback) from exc_value
venv/lib/python3.12/site-packages/django/db/backends/base/base.py:279: in ensure_connection
    self.connect()
venv/lib/python3.12/site-packages/django/utils/asyncio.py:26: in inner
    return func(*args, **kwargs)
           ^^^^^^^^^^^^^^^^^^^^^
venv/lib/python3.12/site-packages/django/db/backends/base/base.py:256: in connect
    self.connection = self.get_new_connection(conn_params)
                      ^^^^^^^^^^^^^^^^^^^^^^^^^^^^^^^^^^^^
venv/lib/python3.12/site-packages/django/utils/asyncio.py:26: in inner
    return func(*args, **kwargs)
           ^^^^^^^^^^^^^^^^^^^^^
venv/lib/python3.12/site-packages/django/db/backends/postgresql/base.py:333: in get_new_connection
    connection = self.Database.connect(**conn_params)
                 ^^^^^^^^^^^^^^^^^^^^^^^^^^^^^^^^^^^^
venv/lib/python3.12/site-packages/psycopg/connection.py:130: in connect
    raise new_ex.with_traceback(None)
E   django.db.utils.OperationalError: connection failed: connection to server at "127.0.0.1", port 5432 failed: FATAL:  password authentication failed for user "postgres"
E   Multiple connection attempts failed. All failures were:
E   - host: 'localhost', port: 5432, hostaddr: '::1': connection failed: connection to server at "::1", port 5432 failed: FATAL:  password authentication failed for user "postgres"
E   - host: 'localhost', port: 5432, hostaddr: '127.0.0.1': connection failed: connection to server at "127.0.0.1", port 5432 failed: FATAL:  password authentication failed for user "postgres"</error></testcase><testcase classname="apps.core.tests.test_models.HomeViewTest" name="test_home_content_type_is_html" time="0.005"><error message="failed on setup with &quot;django.db.utils.OperationalError: connection failed: connection to server at &quot;127.0.0.1&quot;, port 5432 failed: FATAL:  password authentication failed for user &quot;postgres&quot;&#10;Multiple connection attempts failed. All failures were:&#10;- host: 'localhost', port: 5432, hostaddr: '::1': connection failed: connection to server at &quot;::1&quot;, port 5432 failed: FATAL:  password authentication failed for user &quot;postgres&quot;&#10;- host: 'localhost', port: 5432, hostaddr: '127.0.0.1': connection failed: connection to server at &quot;127.0.0.1&quot;, port 5432 failed: FATAL:  password authentication failed for user &quot;postgres&quot;&quot;">venv/lib/python3.12/site-packages/django/db/backends/base/base.py:279: in ensure_connection
    self.connect()
venv/lib/python3.12/site-packages/django/utils/asyncio.py:26: in inner
    return func(*args, **kwargs)
           ^^^^^^^^^^^^^^^^^^^^^
venv/lib/python3.12/site-packages/django/db/backends/base/base.py:256: in connect
    self.connection = self.get_new_connection(conn_params)
                      ^^^^^^^^^^^^^^^^^^^^^^^^^^^^^^^^^^^^
venv/lib/python3.12/site-packages/django/utils/asyncio.py:26: in inner
    return func(*args, **kwargs)
           ^^^^^^^^^^^^^^^^^^^^^
venv/lib/python3.12/site-packages/django/db/backends/postgresql/base.py:333: in get_new_connection
    connection = self.Database.connect(**conn_params)
                 ^^^^^^^^^^^^^^^^^^^^^^^^^^^^^^^^^^^^
venv/lib/python3.12/site-packages/psycopg/connection.py:130: in connect
    raise new_ex.with_traceback(None)
E   psycopg.OperationalError: connection failed: connection to server at "127.0.0.1", port 5432 failed: FATAL:  password authentication failed for user "postgres"
E   Multiple connection attempts failed. All failures were:
E   - host: 'localhost', port: 5432, hostaddr: '::1': connection failed: connection to server at "::1", port 5432 failed: FATAL:  password authentication failed for user "postgres"
E   - host: 'localhost', port: 5432, hostaddr: '127.0.0.1': connection failed: connection to server at "127.0.0.1", port 5432 failed: FATAL:  password authentication failed for user "postgres"

The above exception was the direct cause of the following exception:
venv/lib/python3.12/site-packages/pytest_django/plugin.py:598: in _django_setup_unittest
    request.getfixturevalue("django_db_setup")
conftest.py:53: in django_db_setup
    tenant, _ = TenantModel.objects.get_or_create(
venv/lib/python3.12/site-packages/django/db/models/manager.py:87: in manager_method
    return getattr(self.get_queryset(), name)(*args, **kwargs)
           ^^^^^^^^^^^^^^^^^^^^^^^^^^^^^^^^^^^^^^^^^^^^^^^^^^^
venv/lib/python3.12/site-packages/django/db/models/query.py:987: in get_or_create
    return self.get(**kwargs), False
           ^^^^^^^^^^^^^^^^^^
venv/lib/python3.12/site-packages/django/db/models/query.py:635: in get
    num = len(clone)
          ^^^^^^^^^^
venv/lib/python3.12/site-packages/django/db/models/query.py:372: in __len__
    self._fetch_all()
venv/lib/python3.12/site-packages/django/db/models/query.py:2000: in _fetch_all
    self._result_cache = list(self._iterable_class(self))
                         ^^^^^^^^^^^^^^^^^^^^^^^^^^^^^^^^
venv/lib/python3.12/site-packages/django/db/models/query.py:95: in __iter__
    results = compiler.execute_sql(
venv/lib/python3.12/site-packages/django/db/models/sql/compiler.py:1622: in execute_sql
    cursor = self.connection.cursor()
             ^^^^^^^^^^^^^^^^^^^^^^^^
venv/lib/python3.12/site-packages/django/utils/asyncio.py:26: in inner
    return func(*args, **kwargs)
           ^^^^^^^^^^^^^^^^^^^^^
venv/lib/python3.12/site-packages/django/db/backends/base/base.py:320: in cursor
    return self._cursor()
           ^^^^^^^^^^^^^^
venv/lib/python3.12/site-packages/django_tenants/postgresql_backend/base.py:144: in _cursor
    cursor = super()._cursor()
             ^^^^^^^^^^^^^^^^^
venv/lib/python3.12/site-packages/django/db/backends/base/base.py:296: in _cursor
    self.ensure_connection()
venv/lib/python3.12/site-packages/django/utils/asyncio.py:26: in inner
    return func(*args, **kwargs)
           ^^^^^^^^^^^^^^^^^^^^^
venv/lib/python3.12/site-packages/django/db/backends/base/base.py:278: in ensure_connection
    with self.wrap_database_errors:
venv/lib/python3.12/site-packages/django/db/utils.py:94: in __exit__
    raise dj_exc_value.with_traceback(traceback) from exc_value
venv/lib/python3.12/site-packages/django/db/backends/base/base.py:279: in ensure_connection
    self.connect()
venv/lib/python3.12/site-packages/django/utils/asyncio.py:26: in inner
    return func(*args, **kwargs)
           ^^^^^^^^^^^^^^^^^^^^^
venv/lib/python3.12/site-packages/django/db/backends/base/base.py:256: in connect
    self.connection = self.get_new_connection(conn_params)
                      ^^^^^^^^^^^^^^^^^^^^^^^^^^^^^^^^^^^^
venv/lib/python3.12/site-packages/django/utils/asyncio.py:26: in inner
    return func(*args, **kwargs)
           ^^^^^^^^^^^^^^^^^^^^^
venv/lib/python3.12/site-packages/django/db/backends/postgresql/base.py:333: in get_new_connection
    connection = self.Database.connect(**conn_params)
                 ^^^^^^^^^^^^^^^^^^^^^^^^^^^^^^^^^^^^
venv/lib/python3.12/site-packages/psycopg/connection.py:130: in connect
    raise new_ex.with_traceback(None)
E   django.db.utils.OperationalError: connection failed: connection to server at "127.0.0.1", port 5432 failed: FATAL:  password authentication failed for user "postgres"
E   Multiple connection attempts failed. All failures were:
E   - host: 'localhost', port: 5432, hostaddr: '::1': connection failed: connection to server at "::1", port 5432 failed: FATAL:  password authentication failed for user "postgres"
E   - host: 'localhost', port: 5432, hostaddr: '127.0.0.1': connection failed: connection to server at "127.0.0.1", port 5432 failed: FATAL:  password authentication failed for user "postgres"</error></testcase><testcase classname="apps.core.tests.test_models.HomeViewTest" name="test_home_html_structure" time="0.005"><error message="failed on setup with &quot;django.db.utils.OperationalError: connection failed: connection to server at &quot;127.0.0.1&quot;, port 5432 failed: FATAL:  password authentication failed for user &quot;postgres&quot;&#10;Multiple connection attempts failed. All failures were:&#10;- host: 'localhost', port: 5432, hostaddr: '::1': connection failed: connection to server at &quot;::1&quot;, port 5432 failed: FATAL:  password authentication failed for user &quot;postgres&quot;&#10;- host: 'localhost', port: 5432, hostaddr: '127.0.0.1': connection failed: connection to server at &quot;127.0.0.1&quot;, port 5432 failed: FATAL:  password authentication failed for user &quot;postgres&quot;&quot;">venv/lib/python3.12/site-packages/django/db/backends/base/base.py:279: in ensure_connection
    self.connect()
venv/lib/python3.12/site-packages/django/utils/asyncio.py:26: in inner
    return func(*args, **kwargs)
           ^^^^^^^^^^^^^^^^^^^^^
venv/lib/python3.12/site-packages/django/db/backends/base/base.py:256: in connect
    self.connection = self.get_new_connection(conn_params)
                      ^^^^^^^^^^^^^^^^^^^^^^^^^^^^^^^^^^^^
venv/lib/python3.12/site-packages/django/utils/asyncio.py:26: in inner
    return func(*args, **kwargs)
           ^^^^^^^^^^^^^^^^^^^^^
venv/lib/python3.12/site-packages/django/db/backends/postgresql/base.py:333: in get_new_connection
    connection = self.Database.connect(**conn_params)
                 ^^^^^^^^^^^^^^^^^^^^^^^^^^^^^^^^^^^^
venv/lib/python3.12/site-packages/psycopg/connection.py:130: in connect
    raise new_ex.with_traceback(None)
E   psycopg.OperationalError: connection failed: connection to server at "127.0.0.1", port 5432 failed: FATAL:  password authentication failed for user "postgres"
E   Multiple connection attempts failed. All failures were:
E   - host: 'localhost', port: 5432, hostaddr: '::1': connection failed: connection to server at "::1", port 5432 failed: FATAL:  password authentication failed for user "postgres"
E   - host: 'localhost', port: 5432, hostaddr: '127.0.0.1': connection failed: connection to server at "127.0.0.1", port 5432 failed: FATAL:  password authentication failed for user "postgres"

The above exception was the direct cause of the following exception:
venv/lib/python3.12/site-packages/pytest_django/plugin.py:598: in _django_setup_unittest
    request.getfixturevalue("django_db_setup")
conftest.py:53: in django_db_setup
    tenant, _ = TenantModel.objects.get_or_create(
venv/lib/python3.12/site-packages/django/db/models/manager.py:87: in manager_method
    return getattr(self.get_queryset(), name)(*args, **kwargs)
           ^^^^^^^^^^^^^^^^^^^^^^^^^^^^^^^^^^^^^^^^^^^^^^^^^^^
venv/lib/python3.12/site-packages/django/db/models/query.py:987: in get_or_create
    return self.get(**kwargs), False
           ^^^^^^^^^^^^^^^^^^
venv/lib/python3.12/site-packages/django/db/models/query.py:635: in get
    num = len(clone)
          ^^^^^^^^^^
venv/lib/python3.12/site-packages/django/db/models/query.py:372: in __len__
    self._fetch_all()
venv/lib/python3.12/site-packages/django/db/models/query.py:2000: in _fetch_all
    self._result_cache = list(self._iterable_class(self))
                         ^^^^^^^^^^^^^^^^^^^^^^^^^^^^^^^^
venv/lib/python3.12/site-packages/django/db/models/query.py:95: in __iter__
    results = compiler.execute_sql(
venv/lib/python3.12/site-packages/django/db/models/sql/compiler.py:1622: in execute_sql
    cursor = self.connection.cursor()
             ^^^^^^^^^^^^^^^^^^^^^^^^
venv/lib/python3.12/site-packages/django/utils/asyncio.py:26: in inner
    return func(*args, **kwargs)
           ^^^^^^^^^^^^^^^^^^^^^
venv/lib/python3.12/site-packages/django/db/backends/base/base.py:320: in cursor
    return self._cursor()
           ^^^^^^^^^^^^^^
venv/lib/python3.12/site-packages/django_tenants/postgresql_backend/base.py:144: in _cursor
    cursor = super()._cursor()
             ^^^^^^^^^^^^^^^^^
venv/lib/python3.12/site-packages/django/db/backends/base/base.py:296: in _cursor
    self.ensure_connection()
venv/lib/python3.12/site-packages/django/utils/asyncio.py:26: in inner
    return func(*args, **kwargs)
           ^^^^^^^^^^^^^^^^^^^^^
venv/lib/python3.12/site-packages/django/db/backends/base/base.py:278: in ensure_connection
    with self.wrap_database_errors:
venv/lib/python3.12/site-packages/django/db/utils.py:94: in __exit__
    raise dj_exc_value.with_traceback(traceback) from exc_value
venv/lib/python3.12/site-packages/django/db/backends/base/base.py:279: in ensure_connection
    self.connect()
venv/lib/python3.12/site-packages/django/utils/asyncio.py:26: in inner
    return func(*args, **kwargs)
           ^^^^^^^^^^^^^^^^^^^^^
venv/lib/python3.12/site-packages/django/db/backends/base/base.py:256: in connect
    self.connection = self.get_new_connection(conn_params)
                      ^^^^^^^^^^^^^^^^^^^^^^^^^^^^^^^^^^^^
venv/lib/python3.12/site-packages/django/utils/asyncio.py:26: in inner
    return func(*args, **kwargs)
           ^^^^^^^^^^^^^^^^^^^^^
venv/lib/python3.12/site-packages/django/db/backends/postgresql/base.py:333: in get_new_connection
    connection = self.Database.connect(**conn_params)
                 ^^^^^^^^^^^^^^^^^^^^^^^^^^^^^^^^^^^^
venv/lib/python3.12/site-packages/psycopg/connection.py:130: in connect
    raise new_ex.with_traceback(None)
E   django.db.utils.OperationalError: connection failed: connection to server at "127.0.0.1", port 5432 failed: FATAL:  password authentication failed for user "postgres"
E   Multiple connection attempts failed. All failures were:
E   - host: 'localhost', port: 5432, hostaddr: '::1': connection failed: connection to server at "::1", port 5432 failed: FATAL:  password authentication failed for user "postgres"
E   - host: 'localhost', port: 5432, hostaddr: '127.0.0.1': connection failed: connection to server at "127.0.0.1", port 5432 failed: FATAL:  password authentication failed for user "postgres"</error></testcase><testcase classname="apps.core.tests.test_models.HomeViewTest" name="test_home_is_accessible_without_auth" time="0.013"><error message="failed on setup with &quot;django.db.utils.OperationalError: connection failed: connection to server at &quot;127.0.0.1&quot;, port 5432 failed: FATAL:  password authentication failed for user &quot;postgres&quot;&#10;Multiple connection attempts failed. All failures were:&#10;- host: 'localhost', port: 5432, hostaddr: '::1': connection failed: connection to server at &quot;::1&quot;, port 5432 failed: FATAL:  password authentication failed for user &quot;postgres&quot;&#10;- host: 'localhost', port: 5432, hostaddr: '127.0.0.1': connection failed: connection to server at &quot;127.0.0.1&quot;, port 5432 failed: FATAL:  password authentication failed for user &quot;postgres&quot;&quot;">venv/lib/python3.12/site-packages/django/db/backends/base/base.py:279: in ensure_connection
    self.connect()
venv/lib/python3.12/site-packages/django/utils/asyncio.py:26: in inner
    return func(*args, **kwargs)
           ^^^^^^^^^^^^^^^^^^^^^
venv/lib/python3.12/site-packages/django/db/backends/base/base.py:256: in connect
    self.connection = self.get_new_connection(conn_params)
                      ^^^^^^^^^^^^^^^^^^^^^^^^^^^^^^^^^^^^
venv/lib/python3.12/site-packages/django/utils/asyncio.py:26: in inner
    return func(*args, **kwargs)
           ^^^^^^^^^^^^^^^^^^^^^
venv/lib/python3.12/site-packages/django/db/backends/postgresql/base.py:333: in get_new_connection
    connection = self.Database.connect(**conn_params)
                 ^^^^^^^^^^^^^^^^^^^^^^^^^^^^^^^^^^^^
venv/lib/python3.12/site-packages/psycopg/connection.py:130: in connect
    raise new_ex.with_traceback(None)
E   psycopg.OperationalError: connection failed: connection to server at "127.0.0.1", port 5432 failed: FATAL:  password authentication failed for user "postgres"
E   Multiple connection attempts failed. All failures were:
E   - host: 'localhost', port: 5432, hostaddr: '::1': connection failed: connection to server at "::1", port 5432 failed: FATAL:  password authentication failed for user "postgres"
E   - host: 'localhost', port: 5432, hostaddr: '127.0.0.1': connection failed: connection to server at "127.0.0.1", port 5432 failed: FATAL:  password authentication failed for user "postgres"

The above exception was the direct cause of the following exception:
venv/lib/python3.12/site-packages/pytest_django/plugin.py:598: in _django_setup_unittest
    request.getfixturevalue("django_db_setup")
conftest.py:53: in django_db_setup
    tenant, _ = TenantModel.objects.get_or_create(
venv/lib/python3.12/site-packages/django/db/models/manager.py:87: in manager_method
    return getattr(self.get_queryset(), name)(*args, **kwargs)
           ^^^^^^^^^^^^^^^^^^^^^^^^^^^^^^^^^^^^^^^^^^^^^^^^^^^
venv/lib/python3.12/site-packages/django/db/models/query.py:987: in get_or_create
    return self.get(**kwargs), False
           ^^^^^^^^^^^^^^^^^^
venv/lib/python3.12/site-packages/django/db/models/query.py:635: in get
    num = len(clone)
          ^^^^^^^^^^
venv/lib/python3.12/site-packages/django/db/models/query.py:372: in __len__
    self._fetch_all()
venv/lib/python3.12/site-packages/django/db/models/query.py:2000: in _fetch_all
    self._result_cache = list(self._iterable_class(self))
                         ^^^^^^^^^^^^^^^^^^^^^^^^^^^^^^^^
venv/lib/python3.12/site-packages/django/db/models/query.py:95: in __iter__
    results = compiler.execute_sql(
venv/lib/python3.12/site-packages/django/db/models/sql/compiler.py:1622: in execute_sql
    cursor = self.connection.cursor()
             ^^^^^^^^^^^^^^^^^^^^^^^^
venv/lib/python3.12/site-packages/django/utils/asyncio.py:26: in inner
    return func(*args, **kwargs)
           ^^^^^^^^^^^^^^^^^^^^^
venv/lib/python3.12/site-packages/django/db/backends/base/base.py:320: in cursor
    return self._cursor()
           ^^^^^^^^^^^^^^
venv/lib/python3.12/site-packages/django_tenants/postgresql_backend/base.py:144: in _cursor
    cursor = super()._cursor()
             ^^^^^^^^^^^^^^^^^
venv/lib/python3.12/site-packages/django/db/backends/base/base.py:296: in _cursor
    self.ensure_connection()
venv/lib/python3.12/site-packages/django/utils/asyncio.py:26: in inner
    return func(*args, **kwargs)
           ^^^^^^^^^^^^^^^^^^^^^
venv/lib/python3.12/site-packages/django/db/backends/base/base.py:278: in ensure_connection
    with self.wrap_database_errors:
venv/lib/python3.12/site-packages/django/db/utils.py:94: in __exit__
    raise dj_exc_value.with_traceback(traceback) from exc_value
venv/lib/python3.12/site-packages/django/db/backends/base/base.py:279: in ensure_connection
    self.connect()
venv/lib/python3.12/site-packages/django/utils/asyncio.py:26: in inner
    return func(*args, **kwargs)
           ^^^^^^^^^^^^^^^^^^^^^
venv/lib/python3.12/site-packages/django/db/backends/base/base.py:256: in connect
    self.connection = self.get_new_connection(conn_params)
                      ^^^^^^^^^^^^^^^^^^^^^^^^^^^^^^^^^^^^
venv/lib/python3.12/site-packages/django/utils/asyncio.py:26: in inner
    return func(*args, **kwargs)
           ^^^^^^^^^^^^^^^^^^^^^
venv/lib/python3.12/site-packages/django/db/backends/postgresql/base.py:333: in get_new_connection
    connection = self.Database.connect(**conn_params)
                 ^^^^^^^^^^^^^^^^^^^^^^^^^^^^^^^^^^^^
venv/lib/python3.12/site-packages/psycopg/connection.py:130: in connect
    raise new_ex.with_traceback(None)
E   django.db.utils.OperationalError: connection failed: connection to server at "127.0.0.1", port 5432 failed: FATAL:  password authentication failed for user "postgres"
E   Multiple connection attempts failed. All failures were:
E   - host: 'localhost', port: 5432, hostaddr: '::1': connection failed: connection to server at "::1", port 5432 failed: FATAL:  password authentication failed for user "postgres"
E   - host: 'localhost', port: 5432, hostaddr: '127.0.0.1': connection failed: connection to server at "127.0.0.1", port 5432 failed: FATAL:  password authentication failed for user "postgres"</error></testcase><testcase classname="apps.core.tests.test_models.HomeViewTest" name="test_home_post_not_allowed" time="0.006"><error message="failed on setup with &quot;django.db.utils.OperationalError: connection failed: connection to server at &quot;127.0.0.1&quot;, port 5432 failed: FATAL:  password authentication failed for user &quot;postgres&quot;&#10;Multiple connection attempts failed. All failures were:&#10;- host: 'localhost', port: 5432, hostaddr: '::1': connection failed: connection to server at &quot;::1&quot;, port 5432 failed: FATAL:  password authentication failed for user &quot;postgres&quot;&#10;- host: 'localhost', port: 5432, hostaddr: '127.0.0.1': connection failed: connection to server at &quot;127.0.0.1&quot;, port 5432 failed: FATAL:  password authentication failed for user &quot;postgres&quot;&quot;">venv/lib/python3.12/site-packages/django/db/backends/base/base.py:279: in ensure_connection
    self.connect()
venv/lib/python3.12/site-packages/django/utils/asyncio.py:26: in inner
    return func(*args, **kwargs)
           ^^^^^^^^^^^^^^^^^^^^^
venv/lib/python3.12/site-packages/django/db/backends/base/base.py:256: in connect
    self.connection = self.get_new_connection(conn_params)
                      ^^^^^^^^^^^^^^^^^^^^^^^^^^^^^^^^^^^^
venv/lib/python3.12/site-packages/django/utils/asyncio.py:26: in inner
    return func(*args, **kwargs)
           ^^^^^^^^^^^^^^^^^^^^^
venv/lib/python3.12/site-packages/django/db/backends/postgresql/base.py:333: in get_new_connection
    connection = self.Database.connect(**conn_params)
                 ^^^^^^^^^^^^^^^^^^^^^^^^^^^^^^^^^^^^
venv/lib/python3.12/site-packages/psycopg/connection.py:130: in connect
    raise new_ex.with_traceback(None)
E   psycopg.OperationalError: connection failed: connection to server at "127.0.0.1", port 5432 failed: FATAL:  password authentication failed for user "postgres"
E   Multiple connection attempts failed. All failures were:
E   - host: 'localhost', port: 5432, hostaddr: '::1': connection failed: connection to server at "::1", port 5432 failed: FATAL:  password authentication failed for user "postgres"
E   - host: 'localhost', port: 5432, hostaddr: '127.0.0.1': connection failed: connection to server at "127.0.0.1", port 5432 failed: FATAL:  password authentication failed for user "postgres"

The above exception was the direct cause of the following exception:
venv/lib/python3.12/site-packages/pytest_django/plugin.py:598: in _django_setup_unittest
    request.getfixturevalue("django_db_setup")
conftest.py:53: in django_db_setup
    tenant, _ = TenantModel.objects.get_or_create(
venv/lib/python3.12/site-packages/django/db/models/manager.py:87: in manager_method
    return getattr(self.get_queryset(), name)(*args, **kwargs)
           ^^^^^^^^^^^^^^^^^^^^^^^^^^^^^^^^^^^^^^^^^^^^^^^^^^^
venv/lib/python3.12/site-packages/django/db/models/query.py:987: in get_or_create
    return self.get(**kwargs), False
           ^^^^^^^^^^^^^^^^^^
venv/lib/python3.12/site-packages/django/db/models/query.py:635: in get
    num = len(clone)
          ^^^^^^^^^^
venv/lib/python3.12/site-packages/django/db/models/query.py:372: in __len__
    self._fetch_all()
venv/lib/python3.12/site-packages/django/db/models/query.py:2000: in _fetch_all
    self._result_cache = list(self._iterable_class(self))
                         ^^^^^^^^^^^^^^^^^^^^^^^^^^^^^^^^
venv/lib/python3.12/site-packages/django/db/models/query.py:95: in __iter__
    results = compiler.execute_sql(
venv/lib/python3.12/site-packages/django/db/models/sql/compiler.py:1622: in execute_sql
    cursor = self.connection.cursor()
             ^^^^^^^^^^^^^^^^^^^^^^^^
venv/lib/python3.12/site-packages/django/utils/asyncio.py:26: in inner
    return func(*args, **kwargs)
           ^^^^^^^^^^^^^^^^^^^^^
venv/lib/python3.12/site-packages/django/db/backends/base/base.py:320: in cursor
    return self._cursor()
           ^^^^^^^^^^^^^^
venv/lib/python3.12/site-packages/django_tenants/postgresql_backend/base.py:144: in _cursor
    cursor = super()._cursor()
             ^^^^^^^^^^^^^^^^^
venv/lib/python3.12/site-packages/django/db/backends/base/base.py:296: in _cursor
    self.ensure_connection()
venv/lib/python3.12/site-packages/django/utils/asyncio.py:26: in inner
    return func(*args, **kwargs)
           ^^^^^^^^^^^^^^^^^^^^^
venv/lib/python3.12/site-packages/django/db/backends/base/base.py:278: in ensure_connection
    with self.wrap_database_errors:
venv/lib/python3.12/site-packages/django/db/utils.py:94: in __exit__
    raise dj_exc_value.with_traceback(traceback) from exc_value
venv/lib/python3.12/site-packages/django/db/backends/base/base.py:279: in ensure_connection
    self.connect()
venv/lib/python3.12/site-packages/django/utils/asyncio.py:26: in inner
    return func(*args, **kwargs)
           ^^^^^^^^^^^^^^^^^^^^^
venv/lib/python3.12/site-packages/django/db/backends/base/base.py:256: in connect
    self.connection = self.get_new_connection(conn_params)
                      ^^^^^^^^^^^^^^^^^^^^^^^^^^^^^^^^^^^^
venv/lib/python3.12/site-packages/django/utils/asyncio.py:26: in inner
    return func(*args, **kwargs)
           ^^^^^^^^^^^^^^^^^^^^^
venv/lib/python3.12/site-packages/django/db/backends/postgresql/base.py:333: in get_new_connection
    connection = self.Database.connect(**conn_params)
                 ^^^^^^^^^^^^^^^^^^^^^^^^^^^^^^^^^^^^
venv/lib/python3.12/site-packages/psycopg/connection.py:130: in connect
    raise new_ex.with_traceback(None)
E   django.db.utils.OperationalError: connection failed: connection to server at "127.0.0.1", port 5432 failed: FATAL:  password authentication failed for user "postgres"
E   Multiple connection attempts failed. All failures were:
E   - host: 'localhost', port: 5432, hostaddr: '::1': connection failed: connection to server at "::1", port 5432 failed: FATAL:  password authentication failed for user "postgres"
E   - host: 'localhost', port: 5432, hostaddr: '127.0.0.1': connection failed: connection to server at "127.0.0.1", port 5432 failed: FATAL:  password authentication failed for user "postgres"</error></testcase><testcase classname="apps.core.tests.test_models.HomeViewTest" name="test_home_returns_200" time="0.005"><error message="failed on setup with &quot;django.db.utils.OperationalError: connection failed: connection to server at &quot;127.0.0.1&quot;, port 5432 failed: FATAL:  password authentication failed for user &quot;postgres&quot;&#10;Multiple connection attempts failed. All failures were:&#10;- host: 'localhost', port: 5432, hostaddr: '::1': connection failed: connection to server at &quot;::1&quot;, port 5432 failed: FATAL:  password authentication failed for user &quot;postgres&quot;&#10;- host: 'localhost', port: 5432, hostaddr: '127.0.0.1': connection failed: connection to server at &quot;127.0.0.1&quot;, port 5432 failed: FATAL:  password authentication failed for user &quot;postgres&quot;&quot;">venv/lib/python3.12/site-packages/django/db/backends/base/base.py:279: in ensure_connection
    self.connect()
venv/lib/python3.12/site-packages/django/utils/asyncio.py:26: in inner
    return func(*args, **kwargs)
           ^^^^^^^^^^^^^^^^^^^^^
venv/lib/python3.12/site-packages/django/db/backends/base/base.py:256: in connect
    self.connection = self.get_new_connection(conn_params)
                      ^^^^^^^^^^^^^^^^^^^^^^^^^^^^^^^^^^^^
venv/lib/python3.12/site-packages/django/utils/asyncio.py:26: in inner
    return func(*args, **kwargs)
           ^^^^^^^^^^^^^^^^^^^^^
venv/lib/python3.12/site-packages/django/db/backends/postgresql/base.py:333: in get_new_connection
    connection = self.Database.connect(**conn_params)
                 ^^^^^^^^^^^^^^^^^^^^^^^^^^^^^^^^^^^^
venv/lib/python3.12/site-packages/psycopg/connection.py:130: in connect
    raise new_ex.with_traceback(None)
E   psycopg.OperationalError: connection failed: connection to server at "127.0.0.1", port 5432 failed: FATAL:  password authentication failed for user "postgres"
E   Multiple connection attempts failed. All failures were:
E   - host: 'localhost', port: 5432, hostaddr: '::1': connection failed: connection to server at "::1", port 5432 failed: FATAL:  password authentication failed for user "postgres"
E   - host: 'localhost', port: 5432, hostaddr: '127.0.0.1': connection failed: connection to server at "127.0.0.1", port 5432 failed: FATAL:  password authentication failed for user "postgres"

The above exception was the direct cause of the following exception:
venv/lib/python3.12/site-packages/pytest_django/plugin.py:598: in _django_setup_unittest
    request.getfixturevalue("django_db_setup")
conftest.py:53: in django_db_setup
    tenant, _ = TenantModel.objects.get_or_create(
venv/lib/python3.12/site-packages/django/db/models/manager.py:87: in manager_method
    return getattr(self.get_queryset(), name)(*args, **kwargs)
           ^^^^^^^^^^^^^^^^^^^^^^^^^^^^^^^^^^^^^^^^^^^^^^^^^^^
venv/lib/python3.12/site-packages/django/db/models/query.py:987: in get_or_create
    return self.get(**kwargs), False
           ^^^^^^^^^^^^^^^^^^
venv/lib/python3.12/site-packages/django/db/models/query.py:635: in get
    num = len(clone)
          ^^^^^^^^^^
venv/lib/python3.12/site-packages/django/db/models/query.py:372: in __len__
    self._fetch_all()
venv/lib/python3.12/site-packages/django/db/models/query.py:2000: in _fetch_all
    self._result_cache = list(self._iterable_class(self))
                         ^^^^^^^^^^^^^^^^^^^^^^^^^^^^^^^^
venv/lib/python3.12/site-packages/django/db/models/query.py:95: in __iter__
    results = compiler.execute_sql(
venv/lib/python3.12/site-packages/django/db/models/sql/compiler.py:1622: in execute_sql
    cursor = self.connection.cursor()
             ^^^^^^^^^^^^^^^^^^^^^^^^
venv/lib/python3.12/site-packages/django/utils/asyncio.py:26: in inner
    return func(*args, **kwargs)
           ^^^^^^^^^^^^^^^^^^^^^
venv/lib/python3.12/site-packages/django/db/backends/base/base.py:320: in cursor
    return self._cursor()
           ^^^^^^^^^^^^^^
venv/lib/python3.12/site-packages/django_tenants/postgresql_backend/base.py:144: in _cursor
    cursor = super()._cursor()
             ^^^^^^^^^^^^^^^^^
venv/lib/python3.12/site-packages/django/db/backends/base/base.py:296: in _cursor
    self.ensure_connection()
venv/lib/python3.12/site-packages/django/utils/asyncio.py:26: in inner
    return func(*args, **kwargs)
           ^^^^^^^^^^^^^^^^^^^^^
venv/lib/python3.12/site-packages/django/db/backends/base/base.py:278: in ensure_connection
    with self.wrap_database_errors:
venv/lib/python3.12/site-packages/django/db/utils.py:94: in __exit__
    raise dj_exc_value.with_traceback(traceback) from exc_value
venv/lib/python3.12/site-packages/django/db/backends/base/base.py:279: in ensure_connection
    self.connect()
venv/lib/python3.12/site-packages/django/utils/asyncio.py:26: in inner
    return func(*args, **kwargs)
           ^^^^^^^^^^^^^^^^^^^^^
venv/lib/python3.12/site-packages/django/db/backends/base/base.py:256: in connect
    self.connection = self.get_new_connection(conn_params)
                      ^^^^^^^^^^^^^^^^^^^^^^^^^^^^^^^^^^^^
venv/lib/python3.12/site-packages/django/utils/asyncio.py:26: in inner
    return func(*args, **kwargs)
           ^^^^^^^^^^^^^^^^^^^^^
venv/lib/python3.12/site-packages/django/db/backends/postgresql/base.py:333: in get_new_connection
    connection = self.Database.connect(**conn_params)
                 ^^^^^^^^^^^^^^^^^^^^^^^^^^^^^^^^^^^^
venv/lib/python3.12/site-packages/psycopg/connection.py:130: in connect
    raise new_ex.with_traceback(None)
E   django.db.utils.OperationalError: connection failed: connection to server at "127.0.0.1", port 5432 failed: FATAL:  password authentication failed for user "postgres"
E   Multiple connection attempts failed. All failures were:
E   - host: 'localhost', port: 5432, hostaddr: '::1': connection failed: connection to server at "::1", port 5432 failed: FATAL:  password authentication failed for user "postgres"
E   - host: 'localhost', port: 5432, hostaddr: '127.0.0.1': connection failed: connection to server at "127.0.0.1", port 5432 failed: FATAL:  password authentication failed for user "postgres"</error></testcase><testcase classname="apps.core.tests.test_models.TenantMiddlewareWithHealthCheckTest" name="test_health_path_returns_none" time="0.005"><error message="failed on setup with &quot;django.db.utils.OperationalError: connection failed: connection to server at &quot;127.0.0.1&quot;, port 5432 failed: FATAL:  password authentication failed for user &quot;postgres&quot;&#10;Multiple connection attempts failed. All failures were:&#10;- host: 'localhost', port: 5432, hostaddr: '::1': connection failed: connection to server at &quot;::1&quot;, port 5432 failed: FATAL:  password authentication failed for user &quot;postgres&quot;&#10;- host: 'localhost', port: 5432, hostaddr: '127.0.0.1': connection failed: connection to server at &quot;127.0.0.1&quot;, port 5432 failed: FATAL:  password authentication failed for user &quot;postgres&quot;&quot;">venv/lib/python3.12/site-packages/django/db/backends/base/base.py:279: in ensure_connection
    self.connect()
venv/lib/python3.12/site-packages/django/utils/asyncio.py:26: in inner
    return func(*args, **kwargs)
           ^^^^^^^^^^^^^^^^^^^^^
venv/lib/python3.12/site-packages/django/db/backends/base/base.py:256: in connect
    self.connection = self.get_new_connection(conn_params)
                      ^^^^^^^^^^^^^^^^^^^^^^^^^^^^^^^^^^^^
venv/lib/python3.12/site-packages/django/utils/asyncio.py:26: in inner
    return func(*args, **kwargs)
           ^^^^^^^^^^^^^^^^^^^^^
venv/lib/python3.12/site-packages/django/db/backends/postgresql/base.py:333: in get_new_connection
    connection = self.Database.connect(**conn_params)
                 ^^^^^^^^^^^^^^^^^^^^^^^^^^^^^^^^^^^^
venv/lib/python3.12/site-packages/psycopg/connection.py:130: in connect
    raise new_ex.with_traceback(None)
E   psycopg.OperationalError: connection failed: connection to server at "127.0.0.1", port 5432 failed: FATAL:  password authentication failed for user "postgres"
E   Multiple connection attempts failed. All failures were:
E   - host: 'localhost', port: 5432, hostaddr: '::1': connection failed: connection to server at "::1", port 5432 failed: FATAL:  password authentication failed for user "postgres"
E   - host: 'localhost', port: 5432, hostaddr: '127.0.0.1': connection failed: connection to server at "127.0.0.1", port 5432 failed: FATAL:  password authentication failed for user "postgres"

The above exception was the direct cause of the following exception:
venv/lib/python3.12/site-packages/pytest_asyncio/plugin.py:728: in pytest_fixture_setup
    return (yield)
            ^^^^^
venv/lib/python3.12/site-packages/pytest_django/plugin.py:598: in _django_setup_unittest
    request.getfixturevalue("django_db_setup")
conftest.py:53: in django_db_setup
    tenant, _ = TenantModel.objects.get_or_create(
venv/lib/python3.12/site-packages/django/db/models/manager.py:87: in manager_method
    return getattr(self.get_queryset(), name)(*args, **kwargs)
           ^^^^^^^^^^^^^^^^^^^^^^^^^^^^^^^^^^^^^^^^^^^^^^^^^^^
venv/lib/python3.12/site-packages/django/db/models/query.py:987: in get_or_create
    return self.get(**kwargs), False
           ^^^^^^^^^^^^^^^^^^
venv/lib/python3.12/site-packages/django/db/models/query.py:635: in get
    num = len(clone)
          ^^^^^^^^^^
venv/lib/python3.12/site-packages/django/db/models/query.py:372: in __len__
    self._fetch_all()
venv/lib/python3.12/site-packages/django/db/models/query.py:2000: in _fetch_all
    self._result_cache = list(self._iterable_class(self))
                         ^^^^^^^^^^^^^^^^^^^^^^^^^^^^^^^^
venv/lib/python3.12/site-packages/django/db/models/query.py:95: in __iter__
    results = compiler.execute_sql(
venv/lib/python3.12/site-packages/django/db/models/sql/compiler.py:1622: in execute_sql
    cursor = self.connection.cursor()
             ^^^^^^^^^^^^^^^^^^^^^^^^
venv/lib/python3.12/site-packages/django/utils/asyncio.py:26: in inner
    return func(*args, **kwargs)
           ^^^^^^^^^^^^^^^^^^^^^
venv/lib/python3.12/site-packages/django/db/backends/base/base.py:320: in cursor
    return self._cursor()
           ^^^^^^^^^^^^^^
venv/lib/python3.12/site-packages/django_tenants/postgresql_backend/base.py:144: in _cursor
    cursor = super()._cursor()
             ^^^^^^^^^^^^^^^^^
venv/lib/python3.12/site-packages/django/db/backends/base/base.py:296: in _cursor
    self.ensure_connection()
venv/lib/python3.12/site-packages/django/utils/asyncio.py:26: in inner
    return func(*args, **kwargs)
           ^^^^^^^^^^^^^^^^^^^^^
venv/lib/python3.12/site-packages/django/db/backends/base/base.py:278: in ensure_connection
    with self.wrap_database_errors:
venv/lib/python3.12/site-packages/django/db/utils.py:94: in __exit__
    raise dj_exc_value.with_traceback(traceback) from exc_value
venv/lib/python3.12/site-packages/django/db/backends/base/base.py:279: in ensure_connection
    self.connect()
venv/lib/python3.12/site-packages/django/utils/asyncio.py:26: in inner
    return func(*args, **kwargs)
           ^^^^^^^^^^^^^^^^^^^^^
venv/lib/python3.12/site-packages/django/db/backends/base/base.py:256: in connect
    self.connection = self.get_new_connection(conn_params)
                      ^^^^^^^^^^^^^^^^^^^^^^^^^^^^^^^^^^^^
venv/lib/python3.12/site-packages/django/utils/asyncio.py:26: in inner
    return func(*args, **kwargs)
           ^^^^^^^^^^^^^^^^^^^^^
venv/lib/python3.12/site-packages/django/db/backends/postgresql/base.py:333: in get_new_connection
    connection = self.Database.connect(**conn_params)
                 ^^^^^^^^^^^^^^^^^^^^^^^^^^^^^^^^^^^^
venv/lib/python3.12/site-packages/psycopg/connection.py:130: in connect
    raise new_ex.with_traceback(None)
E   django.db.utils.OperationalError: connection failed: connection to server at "127.0.0.1", port 5432 failed: FATAL:  password authentication failed for user "postgres"
E   Multiple connection attempts failed. All failures were:
E   - host: 'localhost', port: 5432, hostaddr: '::1': connection failed: connection to server at "::1", port 5432 failed: FATAL:  password authentication failed for user "postgres"
E   - host: 'localhost', port: 5432, hostaddr: '127.0.0.1': connection failed: connection to server at "127.0.0.1", port 5432 failed: FATAL:  password authentication failed for user "postgres"</error></testcase><testcase classname="apps.core.tests.test_models.TenantMiddlewareWithHealthCheckTest" name="test_health_sub_path_returns_none" time="0.005"><error message="failed on setup with &quot;django.db.utils.OperationalError: connection failed: connection to server at &quot;127.0.0.1&quot;, port 5432 failed: FATAL:  password authentication failed for user &quot;postgres&quot;&#10;Multiple connection attempts failed. All failures were:&#10;- host: 'localhost', port: 5432, hostaddr: '::1': connection failed: connection to server at &quot;::1&quot;, port 5432 failed: FATAL:  password authentication failed for user &quot;postgres&quot;&#10;- host: 'localhost', port: 5432, hostaddr: '127.0.0.1': connection failed: connection to server at &quot;127.0.0.1&quot;, port 5432 failed: FATAL:  password authentication failed for user &quot;postgres&quot;&quot;">venv/lib/python3.12/site-packages/django/db/backends/base/base.py:279: in ensure_connection
    self.connect()
venv/lib/python3.12/site-packages/django/utils/asyncio.py:26: in inner
    return func(*args, **kwargs)
           ^^^^^^^^^^^^^^^^^^^^^
venv/lib/python3.12/site-packages/django/db/backends/base/base.py:256: in connect
    self.connection = self.get_new_connection(conn_params)
                      ^^^^^^^^^^^^^^^^^^^^^^^^^^^^^^^^^^^^
venv/lib/python3.12/site-packages/django/utils/asyncio.py:26: in inner
    return func(*args, **kwargs)
           ^^^^^^^^^^^^^^^^^^^^^
venv/lib/python3.12/site-packages/django/db/backends/postgresql/base.py:333: in get_new_connection
    connection = self.Database.connect(**conn_params)
                 ^^^^^^^^^^^^^^^^^^^^^^^^^^^^^^^^^^^^
venv/lib/python3.12/site-packages/psycopg/connection.py:130: in connect
    raise new_ex.with_traceback(None)
E   psycopg.OperationalError: connection failed: connection to server at "127.0.0.1", port 5432 failed: FATAL:  password authentication failed for user "postgres"
E   Multiple connection attempts failed. All failures were:
E   - host: 'localhost', port: 5432, hostaddr: '::1': connection failed: connection to server at "::1", port 5432 failed: FATAL:  password authentication failed for user "postgres"
E   - host: 'localhost', port: 5432, hostaddr: '127.0.0.1': connection failed: connection to server at "127.0.0.1", port 5432 failed: FATAL:  password authentication failed for user "postgres"

The above exception was the direct cause of the following exception:
venv/lib/python3.12/site-packages/pytest_django/plugin.py:598: in _django_setup_unittest
    request.getfixturevalue("django_db_setup")
conftest.py:53: in django_db_setup
    tenant, _ = TenantModel.objects.get_or_create(
venv/lib/python3.12/site-packages/django/db/models/manager.py:87: in manager_method
    return getattr(self.get_queryset(), name)(*args, **kwargs)
           ^^^^^^^^^^^^^^^^^^^^^^^^^^^^^^^^^^^^^^^^^^^^^^^^^^^
venv/lib/python3.12/site-packages/django/db/models/query.py:987: in get_or_create
    return self.get(**kwargs), False
           ^^^^^^^^^^^^^^^^^^
venv/lib/python3.12/site-packages/django/db/models/query.py:635: in get
    num = len(clone)
          ^^^^^^^^^^
venv/lib/python3.12/site-packages/django/db/models/query.py:372: in __len__
    self._fetch_all()
venv/lib/python3.12/site-packages/django/db/models/query.py:2000: in _fetch_all
    self._result_cache = list(self._iterable_class(self))
                         ^^^^^^^^^^^^^^^^^^^^^^^^^^^^^^^^
venv/lib/python3.12/site-packages/django/db/models/query.py:95: in __iter__
    results = compiler.execute_sql(
venv/lib/python3.12/site-packages/django/db/models/sql/compiler.py:1622: in execute_sql
    cursor = self.connection.cursor()
             ^^^^^^^^^^^^^^^^^^^^^^^^
venv/lib/python3.12/site-packages/django/utils/asyncio.py:26: in inner
    return func(*args, **kwargs)
           ^^^^^^^^^^^^^^^^^^^^^
venv/lib/python3.12/site-packages/django/db/backends/base/base.py:320: in cursor
    return self._cursor()
           ^^^^^^^^^^^^^^
venv/lib/python3.12/site-packages/django_tenants/postgresql_backend/base.py:144: in _cursor
    cursor = super()._cursor()
             ^^^^^^^^^^^^^^^^^
venv/lib/python3.12/site-packages/django/db/backends/base/base.py:296: in _cursor
    self.ensure_connection()
venv/lib/python3.12/site-packages/django/utils/asyncio.py:26: in inner
    return func(*args, **kwargs)
           ^^^^^^^^^^^^^^^^^^^^^
venv/lib/python3.12/site-packages/django/db/backends/base/base.py:278: in ensure_connection
    with self.wrap_database_errors:
venv/lib/python3.12/site-packages/django/db/utils.py:94: in __exit__
    raise dj_exc_value.with_traceback(traceback) from exc_value
venv/lib/python3.12/site-packages/django/db/backends/base/base.py:279: in ensure_connection
    self.connect()
venv/lib/python3.12/site-packages/django/utils/asyncio.py:26: in inner
    return func(*args, **kwargs)
           ^^^^^^^^^^^^^^^^^^^^^
venv/lib/python3.12/site-packages/django/db/backends/base/base.py:256: in connect
    self.connection = self.get_new_connection(conn_params)
                      ^^^^^^^^^^^^^^^^^^^^^^^^^^^^^^^^^^^^
venv/lib/python3.12/site-packages/django/utils/asyncio.py:26: in inner
    return func(*args, **kwargs)
           ^^^^^^^^^^^^^^^^^^^^^
venv/lib/python3.12/site-packages/django/db/backends/postgresql/base.py:333: in get_new_connection
    connection = self.Database.connect(**conn_params)
                 ^^^^^^^^^^^^^^^^^^^^^^^^^^^^^^^^^^^^
venv/lib/python3.12/site-packages/psycopg/connection.py:130: in connect
    raise new_ex.with_traceback(None)
E   django.db.utils.OperationalError: connection failed: connection to server at "127.0.0.1", port 5432 failed: FATAL:  password authentication failed for user "postgres"
E   Multiple connection attempts failed. All failures were:
E   - host: 'localhost', port: 5432, hostaddr: '::1': connection failed: connection to server at "::1", port 5432 failed: FATAL:  password authentication failed for user "postgres"
E   - host: 'localhost', port: 5432, hostaddr: '127.0.0.1': connection failed: connection to server at "127.0.0.1", port 5432 failed: FATAL:  password authentication failed for user "postgres"</error></testcase><testcase classname="apps.core.tests.test_views.TestCoreViews" name="test_home_view_returns_200" time="0.010"><error message="failed on setup with &quot;django.db.utils.OperationalError: connection failed: connection to server at &quot;127.0.0.1&quot;, port 5432 failed: FATAL:  password authentication failed for user &quot;postgres&quot;&#10;Multiple connection attempts failed. All failures were:&#10;- host: 'localhost', port: 5432, hostaddr: '::1': connection failed: connection to server at &quot;::1&quot;, port 5432 failed: FATAL:  password authentication failed for user &quot;postgres&quot;&#10;- host: 'localhost', port: 5432, hostaddr: '127.0.0.1': connection failed: connection to server at &quot;127.0.0.1&quot;, port 5432 failed: FATAL:  password authentication failed for user &quot;postgres&quot;&quot;">venv/lib/python3.12/site-packages/django/db/backends/base/base.py:279: in ensure_connection
    self.connect()
venv/lib/python3.12/site-packages/django/utils/asyncio.py:26: in inner
    return func(*args, **kwargs)
           ^^^^^^^^^^^^^^^^^^^^^
venv/lib/python3.12/site-packages/django/db/backends/base/base.py:256: in connect
    self.connection = self.get_new_connection(conn_params)
                      ^^^^^^^^^^^^^^^^^^^^^^^^^^^^^^^^^^^^
venv/lib/python3.12/site-packages/django/utils/asyncio.py:26: in inner
    return func(*args, **kwargs)
           ^^^^^^^^^^^^^^^^^^^^^
venv/lib/python3.12/site-packages/django/db/backends/postgresql/base.py:333: in get_new_connection
    connection = self.Database.connect(**conn_params)
                 ^^^^^^^^^^^^^^^^^^^^^^^^^^^^^^^^^^^^
venv/lib/python3.12/site-packages/psycopg/connection.py:130: in connect
    raise new_ex.with_traceback(None)
E   psycopg.OperationalError: connection failed: connection to server at "127.0.0.1", port 5432 failed: FATAL:  password authentication failed for user "postgres"
E   Multiple connection attempts failed. All failures were:
E   - host: 'localhost', port: 5432, hostaddr: '::1': connection failed: connection to server at "::1", port 5432 failed: FATAL:  password authentication failed for user "postgres"
E   - host: 'localhost', port: 5432, hostaddr: '127.0.0.1': connection failed: connection to server at "127.0.0.1", port 5432 failed: FATAL:  password authentication failed for user "postgres"

The above exception was the direct cause of the following exception:
venv/lib/python3.12/site-packages/pytest_asyncio/plugin.py:728: in pytest_fixture_setup
    return (yield)
            ^^^^^
venv/lib/python3.12/site-packages/pytest_django/plugin.py:566: in _django_db_marker
    request.getfixturevalue("_django_db_helper")
conftest.py:53: in django_db_setup
    tenant, _ = TenantModel.objects.get_or_create(
venv/lib/python3.12/site-packages/django/db/models/manager.py:87: in manager_method
    return getattr(self.get_queryset(), name)(*args, **kwargs)
           ^^^^^^^^^^^^^^^^^^^^^^^^^^^^^^^^^^^^^^^^^^^^^^^^^^^
venv/lib/python3.12/site-packages/django/db/models/query.py:987: in get_or_create
    return self.get(**kwargs), False
           ^^^^^^^^^^^^^^^^^^
venv/lib/python3.12/site-packages/django/db/models/query.py:635: in get
    num = len(clone)
          ^^^^^^^^^^
venv/lib/python3.12/site-packages/django/db/models/query.py:372: in __len__
    self._fetch_all()
venv/lib/python3.12/site-packages/django/db/models/query.py:2000: in _fetch_all
    self._result_cache = list(self._iterable_class(self))
                         ^^^^^^^^^^^^^^^^^^^^^^^^^^^^^^^^
venv/lib/python3.12/site-packages/django/db/models/query.py:95: in __iter__
    results = compiler.execute_sql(
venv/lib/python3.12/site-packages/django/db/models/sql/compiler.py:1622: in execute_sql
    cursor = self.connection.cursor()
             ^^^^^^^^^^^^^^^^^^^^^^^^
venv/lib/python3.12/site-packages/django/utils/asyncio.py:26: in inner
    return func(*args, **kwargs)
           ^^^^^^^^^^^^^^^^^^^^^
venv/lib/python3.12/site-packages/django/db/backends/base/base.py:320: in cursor
    return self._cursor()
           ^^^^^^^^^^^^^^
venv/lib/python3.12/site-packages/django_tenants/postgresql_backend/base.py:144: in _cursor
    cursor = super()._cursor()
             ^^^^^^^^^^^^^^^^^
venv/lib/python3.12/site-packages/django/db/backends/base/base.py:296: in _cursor
    self.ensure_connection()
venv/lib/python3.12/site-packages/django/utils/asyncio.py:26: in inner
    return func(*args, **kwargs)
           ^^^^^^^^^^^^^^^^^^^^^
venv/lib/python3.12/site-packages/django/db/backends/base/base.py:278: in ensure_connection
    with self.wrap_database_errors:
venv/lib/python3.12/site-packages/django/db/utils.py:94: in __exit__
    raise dj_exc_value.with_traceback(traceback) from exc_value
venv/lib/python3.12/site-packages/django/db/backends/base/base.py:279: in ensure_connection
    self.connect()
venv/lib/python3.12/site-packages/django/utils/asyncio.py:26: in inner
    return func(*args, **kwargs)
           ^^^^^^^^^^^^^^^^^^^^^
venv/lib/python3.12/site-packages/django/db/backends/base/base.py:256: in connect
    self.connection = self.get_new_connection(conn_params)
                      ^^^^^^^^^^^^^^^^^^^^^^^^^^^^^^^^^^^^
venv/lib/python3.12/site-packages/django/utils/asyncio.py:26: in inner
    return func(*args, **kwargs)
           ^^^^^^^^^^^^^^^^^^^^^
venv/lib/python3.12/site-packages/django/db/backends/postgresql/base.py:333: in get_new_connection
    connection = self.Database.connect(**conn_params)
                 ^^^^^^^^^^^^^^^^^^^^^^^^^^^^^^^^^^^^
venv/lib/python3.12/site-packages/psycopg/connection.py:130: in connect
    raise new_ex.with_traceback(None)
E   django.db.utils.OperationalError: connection failed: connection to server at "127.0.0.1", port 5432 failed: FATAL:  password authentication failed for user "postgres"
E   Multiple connection attempts failed. All failures were:
E   - host: 'localhost', port: 5432, hostaddr: '::1': connection failed: connection to server at "::1", port 5432 failed: FATAL:  password authentication failed for user "postgres"
E   - host: 'localhost', port: 5432, hostaddr: '127.0.0.1': connection failed: connection to server at "127.0.0.1", port 5432 failed: FATAL:  password authentication failed for user "postgres"</error></testcase><testcase classname="apps.core.tests.test_views.TestCoreViews" name="test_home_view_contains_expected_content" time="0.009"><error message="failed on setup with &quot;django.db.utils.OperationalError: connection failed: connection to server at &quot;127.0.0.1&quot;, port 5432 failed: FATAL:  password authentication failed for user &quot;postgres&quot;&#10;Multiple connection attempts failed. All failures were:&#10;- host: 'localhost', port: 5432, hostaddr: '::1': connection failed: connection to server at &quot;::1&quot;, port 5432 failed: FATAL:  password authentication failed for user &quot;postgres&quot;&#10;- host: 'localhost', port: 5432, hostaddr: '127.0.0.1': connection failed: connection to server at &quot;127.0.0.1&quot;, port 5432 failed: FATAL:  password authentication failed for user &quot;postgres&quot;&quot;">venv/lib/python3.12/site-packages/django/db/backends/base/base.py:279: in ensure_connection
    self.connect()
venv/lib/python3.12/site-packages/django/utils/asyncio.py:26: in inner
    return func(*args, **kwargs)
           ^^^^^^^^^^^^^^^^^^^^^
venv/lib/python3.12/site-packages/django/db/backends/base/base.py:256: in connect
    self.connection = self.get_new_connection(conn_params)
                      ^^^^^^^^^^^^^^^^^^^^^^^^^^^^^^^^^^^^
venv/lib/python3.12/site-packages/django/utils/asyncio.py:26: in inner
    return func(*args, **kwargs)
           ^^^^^^^^^^^^^^^^^^^^^
venv/lib/python3.12/site-packages/django/db/backends/postgresql/base.py:333: in get_new_connection
    connection = self.Database.connect(**conn_params)
                 ^^^^^^^^^^^^^^^^^^^^^^^^^^^^^^^^^^^^
venv/lib/python3.12/site-packages/psycopg/connection.py:130: in connect
    raise new_ex.with_traceback(None)
E   psycopg.OperationalError: connection failed: connection to server at "127.0.0.1", port 5432 failed: FATAL:  password authentication failed for user "postgres"
E   Multiple connection attempts failed. All failures were:
E   - host: 'localhost', port: 5432, hostaddr: '::1': connection failed: connection to server at "::1", port 5432 failed: FATAL:  password authentication failed for user "postgres"
E   - host: 'localhost', port: 5432, hostaddr: '127.0.0.1': connection failed: connection to server at "127.0.0.1", port 5432 failed: FATAL:  password authentication failed for user "postgres"

The above exception was the direct cause of the following exception:
venv/lib/python3.12/site-packages/pytest_asyncio/plugin.py:728: in pytest_fixture_setup
    return (yield)
            ^^^^^
venv/lib/python3.12/site-packages/pytest_django/plugin.py:566: in _django_db_marker
    request.getfixturevalue("_django_db_helper")
conftest.py:53: in django_db_setup
    tenant, _ = TenantModel.objects.get_or_create(
venv/lib/python3.12/site-packages/django/db/models/manager.py:87: in manager_method
    return getattr(self.get_queryset(), name)(*args, **kwargs)
           ^^^^^^^^^^^^^^^^^^^^^^^^^^^^^^^^^^^^^^^^^^^^^^^^^^^
venv/lib/python3.12/site-packages/django/db/models/query.py:987: in get_or_create
    return self.get(**kwargs), False
           ^^^^^^^^^^^^^^^^^^
venv/lib/python3.12/site-packages/django/db/models/query.py:635: in get
    num = len(clone)
          ^^^^^^^^^^
venv/lib/python3.12/site-packages/django/db/models/query.py:372: in __len__
    self._fetch_all()
venv/lib/python3.12/site-packages/django/db/models/query.py:2000: in _fetch_all
    self._result_cache = list(self._iterable_class(self))
                         ^^^^^^^^^^^^^^^^^^^^^^^^^^^^^^^^
venv/lib/python3.12/site-packages/django/db/models/query.py:95: in __iter__
    results = compiler.execute_sql(
venv/lib/python3.12/site-packages/django/db/models/sql/compiler.py:1622: in execute_sql
    cursor = self.connection.cursor()
             ^^^^^^^^^^^^^^^^^^^^^^^^
venv/lib/python3.12/site-packages/django/utils/asyncio.py:26: in inner
    return func(*args, **kwargs)
           ^^^^^^^^^^^^^^^^^^^^^
venv/lib/python3.12/site-packages/django/db/backends/base/base.py:320: in cursor
    return self._cursor()
           ^^^^^^^^^^^^^^
venv/lib/python3.12/site-packages/django_tenants/postgresql_backend/base.py:144: in _cursor
    cursor = super()._cursor()
             ^^^^^^^^^^^^^^^^^
venv/lib/python3.12/site-packages/django/db/backends/base/base.py:296: in _cursor
    self.ensure_connection()
venv/lib/python3.12/site-packages/django/utils/asyncio.py:26: in inner
    return func(*args, **kwargs)
           ^^^^^^^^^^^^^^^^^^^^^
venv/lib/python3.12/site-packages/django/db/backends/base/base.py:278: in ensure_connection
    with self.wrap_database_errors:
venv/lib/python3.12/site-packages/django/db/utils.py:94: in __exit__
    raise dj_exc_value.with_traceback(traceback) from exc_value
venv/lib/python3.12/site-packages/django/db/backends/base/base.py:279: in ensure_connection
    self.connect()
venv/lib/python3.12/site-packages/django/utils/asyncio.py:26: in inner
    return func(*args, **kwargs)
           ^^^^^^^^^^^^^^^^^^^^^
venv/lib/python3.12/site-packages/django/db/backends/base/base.py:256: in connect
    self.connection = self.get_new_connection(conn_params)
                      ^^^^^^^^^^^^^^^^^^^^^^^^^^^^^^^^^^^^
venv/lib/python3.12/site-packages/django/utils/asyncio.py:26: in inner
    return func(*args, **kwargs)
           ^^^^^^^^^^^^^^^^^^^^^
venv/lib/python3.12/site-packages/django/db/backends/postgresql/base.py:333: in get_new_connection
    connection = self.Database.connect(**conn_params)
                 ^^^^^^^^^^^^^^^^^^^^^^^^^^^^^^^^^^^^
venv/lib/python3.12/site-packages/psycopg/connection.py:130: in connect
    raise new_ex.with_traceback(None)
E   django.db.utils.OperationalError: connection failed: connection to server at "127.0.0.1", port 5432 failed: FATAL:  password authentication failed for user "postgres"
E   Multiple connection attempts failed. All failures were:
E   - host: 'localhost', port: 5432, hostaddr: '::1': connection failed: connection to server at "::1", port 5432 failed: FATAL:  password authentication failed for user "postgres"
E   - host: 'localhost', port: 5432, hostaddr: '127.0.0.1': connection failed: connection to server at "127.0.0.1", port 5432 failed: FATAL:  password authentication failed for user "postgres"</error></testcase><testcase classname="apps.monitoring.tests.test_models.HealthCheckViewTest" name="test_cache_check_present" time="0.016"><error message="failed on setup with &quot;django.db.utils.OperationalError: connection failed: connection to server at &quot;127.0.0.1&quot;, port 5432 failed: FATAL:  password authentication failed for user &quot;postgres&quot;&#10;Multiple connection attempts failed. All failures were:&#10;- host: 'localhost', port: 5432, hostaddr: '::1': connection failed: connection to server at &quot;::1&quot;, port 5432 failed: FATAL:  password authentication failed for user &quot;postgres&quot;&#10;- host: 'localhost', port: 5432, hostaddr: '127.0.0.1': connection failed: connection to server at &quot;127.0.0.1&quot;, port 5432 failed: FATAL:  password authentication failed for user &quot;postgres&quot;&quot;">venv/lib/python3.12/site-packages/django/db/backends/base/base.py:279: in ensure_connection
    self.connect()
venv/lib/python3.12/site-packages/django/utils/asyncio.py:26: in inner
    return func(*args, **kwargs)
           ^^^^^^^^^^^^^^^^^^^^^
venv/lib/python3.12/site-packages/django/db/backends/base/base.py:256: in connect
    self.connection = self.get_new_connection(conn_params)
                      ^^^^^^^^^^^^^^^^^^^^^^^^^^^^^^^^^^^^
venv/lib/python3.12/site-packages/django/utils/asyncio.py:26: in inner
    return func(*args, **kwargs)
           ^^^^^^^^^^^^^^^^^^^^^
venv/lib/python3.12/site-packages/django/db/backends/postgresql/base.py:333: in get_new_connection
    connection = self.Database.connect(**conn_params)
                 ^^^^^^^^^^^^^^^^^^^^^^^^^^^^^^^^^^^^
venv/lib/python3.12/site-packages/psycopg/connection.py:130: in connect
    raise new_ex.with_traceback(None)
E   psycopg.OperationalError: connection failed: connection to server at "127.0.0.1", port 5432 failed: FATAL:  password authentication failed for user "postgres"
E   Multiple connection attempts failed. All failures were:
E   - host: 'localhost', port: 5432, hostaddr: '::1': connection failed: connection to server at "::1", port 5432 failed: FATAL:  password authentication failed for user "postgres"
E   - host: 'localhost', port: 5432, hostaddr: '127.0.0.1': connection failed: connection to server at "127.0.0.1", port 5432 failed: FATAL:  password authentication failed for user "postgres"

The above exception was the direct cause of the following exception:
venv/lib/python3.12/site-packages/pytest_asyncio/plugin.py:728: in pytest_fixture_setup
    return (yield)
            ^^^^^
venv/lib/python3.12/site-packages/pytest_django/plugin.py:598: in _django_setup_unittest
    request.getfixturevalue("django_db_setup")
conftest.py:53: in django_db_setup
    tenant, _ = TenantModel.objects.get_or_create(
venv/lib/python3.12/site-packages/django/db/models/manager.py:87: in manager_method
    return getattr(self.get_queryset(), name)(*args, **kwargs)
           ^^^^^^^^^^^^^^^^^^^^^^^^^^^^^^^^^^^^^^^^^^^^^^^^^^^
venv/lib/python3.12/site-packages/django/db/models/query.py:987: in get_or_create
    return self.get(**kwargs), False
           ^^^^^^^^^^^^^^^^^^
venv/lib/python3.12/site-packages/django/db/models/query.py:635: in get
    num = len(clone)
          ^^^^^^^^^^
venv/lib/python3.12/site-packages/django/db/models/query.py:372: in __len__
    self._fetch_all()
venv/lib/python3.12/site-packages/django/db/models/query.py:2000: in _fetch_all
    self._result_cache = list(self._iterable_class(self))
                         ^^^^^^^^^^^^^^^^^^^^^^^^^^^^^^^^
venv/lib/python3.12/site-packages/django/db/models/query.py:95: in __iter__
    results = compiler.execute_sql(
venv/lib/python3.12/site-packages/django/db/models/sql/compiler.py:1622: in execute_sql
    cursor = self.connection.cursor()
             ^^^^^^^^^^^^^^^^^^^^^^^^
venv/lib/python3.12/site-packages/django/utils/asyncio.py:26: in inner
    return func(*args, **kwargs)
           ^^^^^^^^^^^^^^^^^^^^^
venv/lib/python3.12/site-packages/django/db/backends/base/base.py:320: in cursor
    return self._cursor()
           ^^^^^^^^^^^^^^
venv/lib/python3.12/site-packages/django_tenants/postgresql_backend/base.py:144: in _cursor
    cursor = super()._cursor()
             ^^^^^^^^^^^^^^^^^
venv/lib/python3.12/site-packages/django/db/backends/base/base.py:296: in _cursor
    self.ensure_connection()
venv/lib/python3.12/site-packages/django/utils/asyncio.py:26: in inner
    return func(*args, **kwargs)
           ^^^^^^^^^^^^^^^^^^^^^
venv/lib/python3.12/site-packages/django/db/backends/base/base.py:278: in ensure_connection
    with self.wrap_database_errors:
venv/lib/python3.12/site-packages/django/db/utils.py:94: in __exit__
    raise dj_exc_value.with_traceback(traceback) from exc_value
venv/lib/python3.12/site-packages/django/db/backends/base/base.py:279: in ensure_connection
    self.connect()
venv/lib/python3.12/site-packages/django/utils/asyncio.py:26: in inner
    return func(*args, **kwargs)
           ^^^^^^^^^^^^^^^^^^^^^
venv/lib/python3.12/site-packages/django/db/backends/base/base.py:256: in connect
    self.connection = self.get_new_connection(conn_params)
                      ^^^^^^^^^^^^^^^^^^^^^^^^^^^^^^^^^^^^
venv/lib/python3.12/site-packages/django/utils/asyncio.py:26: in inner
    return func(*args, **kwargs)
           ^^^^^^^^^^^^^^^^^^^^^
venv/lib/python3.12/site-packages/django/db/backends/postgresql/base.py:333: in get_new_connection
    connection = self.Database.connect(**conn_params)
                 ^^^^^^^^^^^^^^^^^^^^^^^^^^^^^^^^^^^^
venv/lib/python3.12/site-packages/psycopg/connection.py:130: in connect
    raise new_ex.with_traceback(None)
E   django.db.utils.OperationalError: connection failed: connection to server at "127.0.0.1", port 5432 failed: FATAL:  password authentication failed for user "postgres"
E   Multiple connection attempts failed. All failures were:
E   - host: 'localhost', port: 5432, hostaddr: '::1': connection failed: connection to server at "::1", port 5432 failed: FATAL:  password authentication failed for user "postgres"
E   - host: 'localhost', port: 5432, hostaddr: '127.0.0.1': connection failed: connection to server at "127.0.0.1", port 5432 failed: FATAL:  password authentication failed for user "postgres"</error></testcase><testcase classname="apps.monitoring.tests.test_models.HealthCheckViewTest" name="test_cache_failure_status_degraded" time="0.005"><error message="failed on setup with &quot;django.db.utils.OperationalError: connection failed: connection to server at &quot;127.0.0.1&quot;, port 5432 failed: FATAL:  password authentication failed for user &quot;postgres&quot;&#10;Multiple connection attempts failed. All failures were:&#10;- host: 'localhost', port: 5432, hostaddr: '::1': connection failed: connection to server at &quot;::1&quot;, port 5432 failed: FATAL:  password authentication failed for user &quot;postgres&quot;&#10;- host: 'localhost', port: 5432, hostaddr: '127.0.0.1': connection failed: connection to server at &quot;127.0.0.1&quot;, port 5432 failed: FATAL:  password authentication failed for user &quot;postgres&quot;&quot;">venv/lib/python3.12/site-packages/django/db/backends/base/base.py:279: in ensure_connection
    self.connect()
venv/lib/python3.12/site-packages/django/utils/asyncio.py:26: in inner
    return func(*args, **kwargs)
           ^^^^^^^^^^^^^^^^^^^^^
venv/lib/python3.12/site-packages/django/db/backends/base/base.py:256: in connect
    self.connection = self.get_new_connection(conn_params)
                      ^^^^^^^^^^^^^^^^^^^^^^^^^^^^^^^^^^^^
venv/lib/python3.12/site-packages/django/utils/asyncio.py:26: in inner
    return func(*args, **kwargs)
           ^^^^^^^^^^^^^^^^^^^^^
venv/lib/python3.12/site-packages/django/db/backends/postgresql/base.py:333: in get_new_connection
    connection = self.Database.connect(**conn_params)
                 ^^^^^^^^^^^^^^^^^^^^^^^^^^^^^^^^^^^^
venv/lib/python3.12/site-packages/psycopg/connection.py:130: in connect
    raise new_ex.with_traceback(None)
E   psycopg.OperationalError: connection failed: connection to server at "127.0.0.1", port 5432 failed: FATAL:  password authentication failed for user "postgres"
E   Multiple connection attempts failed. All failures were:
E   - host: 'localhost', port: 5432, hostaddr: '::1': connection failed: connection to server at "::1", port 5432 failed: FATAL:  password authentication failed for user "postgres"
E   - host: 'localhost', port: 5432, hostaddr: '127.0.0.1': connection failed: connection to server at "127.0.0.1", port 5432 failed: FATAL:  password authentication failed for user "postgres"

The above exception was the direct cause of the following exception:
venv/lib/python3.12/site-packages/pytest_django/plugin.py:598: in _django_setup_unittest
    request.getfixturevalue("django_db_setup")
conftest.py:53: in django_db_setup
    tenant, _ = TenantModel.objects.get_or_create(
venv/lib/python3.12/site-packages/django/db/models/manager.py:87: in manager_method
    return getattr(self.get_queryset(), name)(*args, **kwargs)
           ^^^^^^^^^^^^^^^^^^^^^^^^^^^^^^^^^^^^^^^^^^^^^^^^^^^
venv/lib/python3.12/site-packages/django/db/models/query.py:987: in get_or_create
    return self.get(**kwargs), False
           ^^^^^^^^^^^^^^^^^^
venv/lib/python3.12/site-packages/django/db/models/query.py:635: in get
    num = len(clone)
          ^^^^^^^^^^
venv/lib/python3.12/site-packages/django/db/models/query.py:372: in __len__
    self._fetch_all()
venv/lib/python3.12/site-packages/django/db/models/query.py:2000: in _fetch_all
    self._result_cache = list(self._iterable_class(self))
                         ^^^^^^^^^^^^^^^^^^^^^^^^^^^^^^^^
venv/lib/python3.12/site-packages/django/db/models/query.py:95: in __iter__
    results = compiler.execute_sql(
venv/lib/python3.12/site-packages/django/db/models/sql/compiler.py:1622: in execute_sql
    cursor = self.connection.cursor()
             ^^^^^^^^^^^^^^^^^^^^^^^^
venv/lib/python3.12/site-packages/django/utils/asyncio.py:26: in inner
    return func(*args, **kwargs)
           ^^^^^^^^^^^^^^^^^^^^^
venv/lib/python3.12/site-packages/django/db/backends/base/base.py:320: in cursor
    return self._cursor()
           ^^^^^^^^^^^^^^
venv/lib/python3.12/site-packages/django_tenants/postgresql_backend/base.py:144: in _cursor
    cursor = super()._cursor()
             ^^^^^^^^^^^^^^^^^
venv/lib/python3.12/site-packages/django/db/backends/base/base.py:296: in _cursor
    self.ensure_connection()
venv/lib/python3.12/site-packages/django/utils/asyncio.py:26: in inner
    return func(*args, **kwargs)
           ^^^^^^^^^^^^^^^^^^^^^
venv/lib/python3.12/site-packages/django/db/backends/base/base.py:278: in ensure_connection
    with self.wrap_database_errors:
venv/lib/python3.12/site-packages/django/db/utils.py:94: in __exit__
    raise dj_exc_value.with_traceback(traceback) from exc_value
venv/lib/python3.12/site-packages/django/db/backends/base/base.py:279: in ensure_connection
    self.connect()
venv/lib/python3.12/site-packages/django/utils/asyncio.py:26: in inner
    return func(*args, **kwargs)
           ^^^^^^^^^^^^^^^^^^^^^
venv/lib/python3.12/site-packages/django/db/backends/base/base.py:256: in connect
    self.connection = self.get_new_connection(conn_params)
                      ^^^^^^^^^^^^^^^^^^^^^^^^^^^^^^^^^^^^
venv/lib/python3.12/site-packages/django/utils/asyncio.py:26: in inner
    return func(*args, **kwargs)
           ^^^^^^^^^^^^^^^^^^^^^
venv/lib/python3.12/site-packages/django/db/backends/postgresql/base.py:333: in get_new_connection
    connection = self.Database.connect(**conn_params)
                 ^^^^^^^^^^^^^^^^^^^^^^^^^^^^^^^^^^^^
venv/lib/python3.12/site-packages/psycopg/connection.py:130: in connect
    raise new_ex.with_traceback(None)
E   django.db.utils.OperationalError: connection failed: connection to server at "127.0.0.1", port 5432 failed: FATAL:  password authentication failed for user "postgres"
E   Multiple connection attempts failed. All failures were:
E   - host: 'localhost', port: 5432, hostaddr: '::1': connection failed: connection to server at "::1", port 5432 failed: FATAL:  password authentication failed for user "postgres"
E   - host: 'localhost', port: 5432, hostaddr: '127.0.0.1': connection failed: connection to server at "127.0.0.1", port 5432 failed: FATAL:  password authentication failed for user "postgres"</error></testcase><testcase classname="apps.monitoring.tests.test_models.HealthCheckViewTest" name="test_cache_failure_still_returns_200" time="0.005"><error message="failed on setup with &quot;django.db.utils.OperationalError: connection failed: connection to server at &quot;127.0.0.1&quot;, port 5432 failed: FATAL:  password authentication failed for user &quot;postgres&quot;&#10;Multiple connection attempts failed. All failures were:&#10;- host: 'localhost', port: 5432, hostaddr: '::1': connection failed: connection to server at &quot;::1&quot;, port 5432 failed: FATAL:  password authentication failed for user &quot;postgres&quot;&#10;- host: 'localhost', port: 5432, hostaddr: '127.0.0.1': connection failed: connection to server at &quot;127.0.0.1&quot;, port 5432 failed: FATAL:  password authentication failed for user &quot;postgres&quot;&quot;">venv/lib/python3.12/site-packages/django/db/backends/base/base.py:279: in ensure_connection
    self.connect()
venv/lib/python3.12/site-packages/django/utils/asyncio.py:26: in inner
    return func(*args, **kwargs)
           ^^^^^^^^^^^^^^^^^^^^^
venv/lib/python3.12/site-packages/django/db/backends/base/base.py:256: in connect
    self.connection = self.get_new_connection(conn_params)
                      ^^^^^^^^^^^^^^^^^^^^^^^^^^^^^^^^^^^^
venv/lib/python3.12/site-packages/django/utils/asyncio.py:26: in inner
    return func(*args, **kwargs)
           ^^^^^^^^^^^^^^^^^^^^^
venv/lib/python3.12/site-packages/django/db/backends/postgresql/base.py:333: in get_new_connection
    connection = self.Database.connect(**conn_params)
                 ^^^^^^^^^^^^^^^^^^^^^^^^^^^^^^^^^^^^
venv/lib/python3.12/site-packages/psycopg/connection.py:130: in connect
    raise new_ex.with_traceback(None)
E   psycopg.OperationalError: connection failed: connection to server at "127.0.0.1", port 5432 failed: FATAL:  password authentication failed for user "postgres"
E   Multiple connection attempts failed. All failures were:
E   - host: 'localhost', port: 5432, hostaddr: '::1': connection failed: connection to server at "::1", port 5432 failed: FATAL:  password authentication failed for user "postgres"
E   - host: 'localhost', port: 5432, hostaddr: '127.0.0.1': connection failed: connection to server at "127.0.0.1", port 5432 failed: FATAL:  password authentication failed for user "postgres"

The above exception was the direct cause of the following exception:
venv/lib/python3.12/site-packages/pytest_django/plugin.py:598: in _django_setup_unittest
    request.getfixturevalue("django_db_setup")
conftest.py:53: in django_db_setup
    tenant, _ = TenantModel.objects.get_or_create(
venv/lib/python3.12/site-packages/django/db/models/manager.py:87: in manager_method
    return getattr(self.get_queryset(), name)(*args, **kwargs)
           ^^^^^^^^^^^^^^^^^^^^^^^^^^^^^^^^^^^^^^^^^^^^^^^^^^^
venv/lib/python3.12/site-packages/django/db/models/query.py:987: in get_or_create
    return self.get(**kwargs), False
           ^^^^^^^^^^^^^^^^^^
venv/lib/python3.12/site-packages/django/db/models/query.py:635: in get
    num = len(clone)
          ^^^^^^^^^^
venv/lib/python3.12/site-packages/django/db/models/query.py:372: in __len__
    self._fetch_all()
venv/lib/python3.12/site-packages/django/db/models/query.py:2000: in _fetch_all
    self._result_cache = list(self._iterable_class(self))
                         ^^^^^^^^^^^^^^^^^^^^^^^^^^^^^^^^
venv/lib/python3.12/site-packages/django/db/models/query.py:95: in __iter__
    results = compiler.execute_sql(
venv/lib/python3.12/site-packages/django/db/models/sql/compiler.py:1622: in execute_sql
    cursor = self.connection.cursor()
             ^^^^^^^^^^^^^^^^^^^^^^^^
venv/lib/python3.12/site-packages/django/utils/asyncio.py:26: in inner
    return func(*args, **kwargs)
           ^^^^^^^^^^^^^^^^^^^^^
venv/lib/python3.12/site-packages/django/db/backends/base/base.py:320: in cursor
    return self._cursor()
           ^^^^^^^^^^^^^^
venv/lib/python3.12/site-packages/django_tenants/postgresql_backend/base.py:144: in _cursor
    cursor = super()._cursor()
             ^^^^^^^^^^^^^^^^^
venv/lib/python3.12/site-packages/django/db/backends/base/base.py:296: in _cursor
    self.ensure_connection()
venv/lib/python3.12/site-packages/django/utils/asyncio.py:26: in inner
    return func(*args, **kwargs)
           ^^^^^^^^^^^^^^^^^^^^^
venv/lib/python3.12/site-packages/django/db/backends/base/base.py:278: in ensure_connection
    with self.wrap_database_errors:
venv/lib/python3.12/site-packages/django/db/utils.py:94: in __exit__
    raise dj_exc_value.with_traceback(traceback) from exc_value
venv/lib/python3.12/site-packages/django/db/backends/base/base.py:279: in ensure_connection
    self.connect()
venv/lib/python3.12/site-packages/django/utils/asyncio.py:26: in inner
    return func(*args, **kwargs)
           ^^^^^^^^^^^^^^^^^^^^^
venv/lib/python3.12/site-packages/django/db/backends/base/base.py:256: in connect
    self.connection = self.get_new_connection(conn_params)
                      ^^^^^^^^^^^^^^^^^^^^^^^^^^^^^^^^^^^^
venv/lib/python3.12/site-packages/django/utils/asyncio.py:26: in inner
    return func(*args, **kwargs)
           ^^^^^^^^^^^^^^^^^^^^^
venv/lib/python3.12/site-packages/django/db/backends/postgresql/base.py:333: in get_new_connection
    connection = self.Database.connect(**conn_params)
                 ^^^^^^^^^^^^^^^^^^^^^^^^^^^^^^^^^^^^
venv/lib/python3.12/site-packages/psycopg/connection.py:130: in connect
    raise new_ex.with_traceback(None)
E   django.db.utils.OperationalError: connection failed: connection to server at "127.0.0.1", port 5432 failed: FATAL:  password authentication failed for user "postgres"
E   Multiple connection attempts failed. All failures were:
E   - host: 'localhost', port: 5432, hostaddr: '::1': connection failed: connection to server at "::1", port 5432 failed: FATAL:  password authentication failed for user "postgres"
E   - host: 'localhost', port: 5432, hostaddr: '127.0.0.1': connection failed: connection to server at "127.0.0.1", port 5432 failed: FATAL:  password authentication failed for user "postgres"</error></testcase><testcase classname="apps.monitoring.tests.test_models.HealthCheckViewTest" name="test_cache_unexpected_value_is_degraded" time="0.006"><error message="failed on setup with &quot;django.db.utils.OperationalError: connection failed: connection to server at &quot;127.0.0.1&quot;, port 5432 failed: FATAL:  password authentication failed for user &quot;postgres&quot;&#10;Multiple connection attempts failed. All failures were:&#10;- host: 'localhost', port: 5432, hostaddr: '::1': connection failed: connection to server at &quot;::1&quot;, port 5432 failed: FATAL:  password authentication failed for user &quot;postgres&quot;&#10;- host: 'localhost', port: 5432, hostaddr: '127.0.0.1': connection failed: connection to server at &quot;127.0.0.1&quot;, port 5432 failed: FATAL:  password authentication failed for user &quot;postgres&quot;&quot;">venv/lib/python3.12/site-packages/django/db/backends/base/base.py:279: in ensure_connection
    self.connect()
venv/lib/python3.12/site-packages/django/utils/asyncio.py:26: in inner
    return func(*args, **kwargs)
           ^^^^^^^^^^^^^^^^^^^^^
venv/lib/python3.12/site-packages/django/db/backends/base/base.py:256: in connect
    self.connection = self.get_new_connection(conn_params)
                      ^^^^^^^^^^^^^^^^^^^^^^^^^^^^^^^^^^^^
venv/lib/python3.12/site-packages/django/utils/asyncio.py:26: in inner
    return func(*args, **kwargs)
           ^^^^^^^^^^^^^^^^^^^^^
venv/lib/python3.12/site-packages/django/db/backends/postgresql/base.py:333: in get_new_connection
    connection = self.Database.connect(**conn_params)
                 ^^^^^^^^^^^^^^^^^^^^^^^^^^^^^^^^^^^^
venv/lib/python3.12/site-packages/psycopg/connection.py:130: in connect
    raise new_ex.with_traceback(None)
E   psycopg.OperationalError: connection failed: connection to server at "127.0.0.1", port 5432 failed: FATAL:  password authentication failed for user "postgres"
E   Multiple connection attempts failed. All failures were:
E   - host: 'localhost', port: 5432, hostaddr: '::1': connection failed: connection to server at "::1", port 5432 failed: FATAL:  password authentication failed for user "postgres"
E   - host: 'localhost', port: 5432, hostaddr: '127.0.0.1': connection failed: connection to server at "127.0.0.1", port 5432 failed: FATAL:  password authentication failed for user "postgres"

The above exception was the direct cause of the following exception:
venv/lib/python3.12/site-packages/pytest_django/plugin.py:598: in _django_setup_unittest
    request.getfixturevalue("django_db_setup")
conftest.py:53: in django_db_setup
    tenant, _ = TenantModel.objects.get_or_create(
venv/lib/python3.12/site-packages/django/db/models/manager.py:87: in manager_method
    return getattr(self.get_queryset(), name)(*args, **kwargs)
           ^^^^^^^^^^^^^^^^^^^^^^^^^^^^^^^^^^^^^^^^^^^^^^^^^^^
venv/lib/python3.12/site-packages/django/db/models/query.py:987: in get_or_create
    return self.get(**kwargs), False
           ^^^^^^^^^^^^^^^^^^
venv/lib/python3.12/site-packages/django/db/models/query.py:635: in get
    num = len(clone)
          ^^^^^^^^^^
venv/lib/python3.12/site-packages/django/db/models/query.py:372: in __len__
    self._fetch_all()
venv/lib/python3.12/site-packages/django/db/models/query.py:2000: in _fetch_all
    self._result_cache = list(self._iterable_class(self))
                         ^^^^^^^^^^^^^^^^^^^^^^^^^^^^^^^^
venv/lib/python3.12/site-packages/django/db/models/query.py:95: in __iter__
    results = compiler.execute_sql(
venv/lib/python3.12/site-packages/django/db/models/sql/compiler.py:1622: in execute_sql
    cursor = self.connection.cursor()
             ^^^^^^^^^^^^^^^^^^^^^^^^
venv/lib/python3.12/site-packages/django/utils/asyncio.py:26: in inner
    return func(*args, **kwargs)
           ^^^^^^^^^^^^^^^^^^^^^
venv/lib/python3.12/site-packages/django/db/backends/base/base.py:320: in cursor
    return self._cursor()
           ^^^^^^^^^^^^^^
venv/lib/python3.12/site-packages/django_tenants/postgresql_backend/base.py:144: in _cursor
    cursor = super()._cursor()
             ^^^^^^^^^^^^^^^^^
venv/lib/python3.12/site-packages/django/db/backends/base/base.py:296: in _cursor
    self.ensure_connection()
venv/lib/python3.12/site-packages/django/utils/asyncio.py:26: in inner
    return func(*args, **kwargs)
           ^^^^^^^^^^^^^^^^^^^^^
venv/lib/python3.12/site-packages/django/db/backends/base/base.py:278: in ensure_connection
    with self.wrap_database_errors:
venv/lib/python3.12/site-packages/django/db/utils.py:94: in __exit__
    raise dj_exc_value.with_traceback(traceback) from exc_value
venv/lib/python3.12/site-packages/django/db/backends/base/base.py:279: in ensure_connection
    self.connect()
venv/lib/python3.12/site-packages/django/utils/asyncio.py:26: in inner
    return func(*args, **kwargs)
           ^^^^^^^^^^^^^^^^^^^^^
venv/lib/python3.12/site-packages/django/db/backends/base/base.py:256: in connect
    self.connection = self.get_new_connection(conn_params)
                      ^^^^^^^^^^^^^^^^^^^^^^^^^^^^^^^^^^^^
venv/lib/python3.12/site-packages/django/utils/asyncio.py:26: in inner
    return func(*args, **kwargs)
           ^^^^^^^^^^^^^^^^^^^^^
venv/lib/python3.12/site-packages/django/db/backends/postgresql/base.py:333: in get_new_connection
    connection = self.Database.connect(**conn_params)
                 ^^^^^^^^^^^^^^^^^^^^^^^^^^^^^^^^^^^^
venv/lib/python3.12/site-packages/psycopg/connection.py:130: in connect
    raise new_ex.with_traceback(None)
E   django.db.utils.OperationalError: connection failed: connection to server at "127.0.0.1", port 5432 failed: FATAL:  password authentication failed for user "postgres"
E   Multiple connection attempts failed. All failures were:
E   - host: 'localhost', port: 5432, hostaddr: '::1': connection failed: connection to server at "::1", port 5432 failed: FATAL:  password authentication failed for user "postgres"
E   - host: 'localhost', port: 5432, hostaddr: '127.0.0.1': connection failed: connection to server at "127.0.0.1", port 5432 failed: FATAL:  password authentication failed for user "postgres"</error></testcase><testcase classname="apps.monitoring.tests.test_models.HealthCheckViewTest" name="test_database_check_present" time="0.005"><error message="failed on setup with &quot;django.db.utils.OperationalError: connection failed: connection to server at &quot;127.0.0.1&quot;, port 5432 failed: FATAL:  password authentication failed for user &quot;postgres&quot;&#10;Multiple connection attempts failed. All failures were:&#10;- host: 'localhost', port: 5432, hostaddr: '::1': connection failed: connection to server at &quot;::1&quot;, port 5432 failed: FATAL:  password authentication failed for user &quot;postgres&quot;&#10;- host: 'localhost', port: 5432, hostaddr: '127.0.0.1': connection failed: connection to server at &quot;127.0.0.1&quot;, port 5432 failed: FATAL:  password authentication failed for user &quot;postgres&quot;&quot;">venv/lib/python3.12/site-packages/django/db/backends/base/base.py:279: in ensure_connection
    self.connect()
venv/lib/python3.12/site-packages/django/utils/asyncio.py:26: in inner
    return func(*args, **kwargs)
           ^^^^^^^^^^^^^^^^^^^^^
venv/lib/python3.12/site-packages/django/db/backends/base/base.py:256: in connect
    self.connection = self.get_new_connection(conn_params)
                      ^^^^^^^^^^^^^^^^^^^^^^^^^^^^^^^^^^^^
venv/lib/python3.12/site-packages/django/utils/asyncio.py:26: in inner
    return func(*args, **kwargs)
           ^^^^^^^^^^^^^^^^^^^^^
venv/lib/python3.12/site-packages/django/db/backends/postgresql/base.py:333: in get_new_connection
    connection = self.Database.connect(**conn_params)
                 ^^^^^^^^^^^^^^^^^^^^^^^^^^^^^^^^^^^^
venv/lib/python3.12/site-packages/psycopg/connection.py:130: in connect
    raise new_ex.with_traceback(None)
E   psycopg.OperationalError: connection failed: connection to server at "127.0.0.1", port 5432 failed: FATAL:  password authentication failed for user "postgres"
E   Multiple connection attempts failed. All failures were:
E   - host: 'localhost', port: 5432, hostaddr: '::1': connection failed: connection to server at "::1", port 5432 failed: FATAL:  password authentication failed for user "postgres"
E   - host: 'localhost', port: 5432, hostaddr: '127.0.0.1': connection failed: connection to server at "127.0.0.1", port 5432 failed: FATAL:  password authentication failed for user "postgres"

The above exception was the direct cause of the following exception:
venv/lib/python3.12/site-packages/pytest_django/plugin.py:598: in _django_setup_unittest
    request.getfixturevalue("django_db_setup")
conftest.py:53: in django_db_setup
    tenant, _ = TenantModel.objects.get_or_create(
venv/lib/python3.12/site-packages/django/db/models/manager.py:87: in manager_method
    return getattr(self.get_queryset(), name)(*args, **kwargs)
           ^^^^^^^^^^^^^^^^^^^^^^^^^^^^^^^^^^^^^^^^^^^^^^^^^^^
venv/lib/python3.12/site-packages/django/db/models/query.py:987: in get_or_create
    return self.get(**kwargs), False
           ^^^^^^^^^^^^^^^^^^
venv/lib/python3.12/site-packages/django/db/models/query.py:635: in get
    num = len(clone)
          ^^^^^^^^^^
venv/lib/python3.12/site-packages/django/db/models/query.py:372: in __len__
    self._fetch_all()
venv/lib/python3.12/site-packages/django/db/models/query.py:2000: in _fetch_all
    self._result_cache = list(self._iterable_class(self))
                         ^^^^^^^^^^^^^^^^^^^^^^^^^^^^^^^^
venv/lib/python3.12/site-packages/django/db/models/query.py:95: in __iter__
    results = compiler.execute_sql(
venv/lib/python3.12/site-packages/django/db/models/sql/compiler.py:1622: in execute_sql
    cursor = self.connection.cursor()
             ^^^^^^^^^^^^^^^^^^^^^^^^
venv/lib/python3.12/site-packages/django/utils/asyncio.py:26: in inner
    return func(*args, **kwargs)
           ^^^^^^^^^^^^^^^^^^^^^
venv/lib/python3.12/site-packages/django/db/backends/base/base.py:320: in cursor
    return self._cursor()
           ^^^^^^^^^^^^^^
venv/lib/python3.12/site-packages/django_tenants/postgresql_backend/base.py:144: in _cursor
    cursor = super()._cursor()
             ^^^^^^^^^^^^^^^^^
venv/lib/python3.12/site-packages/django/db/backends/base/base.py:296: in _cursor
    self.ensure_connection()
venv/lib/python3.12/site-packages/django/utils/asyncio.py:26: in inner
    return func(*args, **kwargs)
           ^^^^^^^^^^^^^^^^^^^^^
venv/lib/python3.12/site-packages/django/db/backends/base/base.py:278: in ensure_connection
    with self.wrap_database_errors:
venv/lib/python3.12/site-packages/django/db/utils.py:94: in __exit__
    raise dj_exc_value.with_traceback(traceback) from exc_value
venv/lib/python3.12/site-packages/django/db/backends/base/base.py:279: in ensure_connection
    self.connect()
venv/lib/python3.12/site-packages/django/utils/asyncio.py:26: in inner
    return func(*args, **kwargs)
           ^^^^^^^^^^^^^^^^^^^^^
venv/lib/python3.12/site-packages/django/db/backends/base/base.py:256: in connect
    self.connection = self.get_new_connection(conn_params)
                      ^^^^^^^^^^^^^^^^^^^^^^^^^^^^^^^^^^^^
venv/lib/python3.12/site-packages/django/utils/asyncio.py:26: in inner
    return func(*args, **kwargs)
           ^^^^^^^^^^^^^^^^^^^^^
venv/lib/python3.12/site-packages/django/db/backends/postgresql/base.py:333: in get_new_connection
    connection = self.Database.connect(**conn_params)
                 ^^^^^^^^^^^^^^^^^^^^^^^^^^^^^^^^^^^^
venv/lib/python3.12/site-packages/psycopg/connection.py:130: in connect
    raise new_ex.with_traceback(None)
E   django.db.utils.OperationalError: connection failed: connection to server at "127.0.0.1", port 5432 failed: FATAL:  password authentication failed for user "postgres"
E   Multiple connection attempts failed. All failures were:
E   - host: 'localhost', port: 5432, hostaddr: '::1': connection failed: connection to server at "::1", port 5432 failed: FATAL:  password authentication failed for user "postgres"
E   - host: 'localhost', port: 5432, hostaddr: '127.0.0.1': connection failed: connection to server at "127.0.0.1", port 5432 failed: FATAL:  password authentication failed for user "postgres"</error></testcase><testcase classname="apps.monitoring.tests.test_models.HealthCheckViewTest" name="test_db_failure_check_reports_unhealthy" time="0.005"><error message="failed on setup with &quot;django.db.utils.OperationalError: connection failed: connection to server at &quot;127.0.0.1&quot;, port 5432 failed: FATAL:  password authentication failed for user &quot;postgres&quot;&#10;Multiple connection attempts failed. All failures were:&#10;- host: 'localhost', port: 5432, hostaddr: '::1': connection failed: connection to server at &quot;::1&quot;, port 5432 failed: FATAL:  password authentication failed for user &quot;postgres&quot;&#10;- host: 'localhost', port: 5432, hostaddr: '127.0.0.1': connection failed: connection to server at &quot;127.0.0.1&quot;, port 5432 failed: FATAL:  password authentication failed for user &quot;postgres&quot;&quot;">venv/lib/python3.12/site-packages/django/db/backends/base/base.py:279: in ensure_connection
    self.connect()
venv/lib/python3.12/site-packages/django/utils/asyncio.py:26: in inner
    return func(*args, **kwargs)
           ^^^^^^^^^^^^^^^^^^^^^
venv/lib/python3.12/site-packages/django/db/backends/base/base.py:256: in connect
    self.connection = self.get_new_connection(conn_params)
                      ^^^^^^^^^^^^^^^^^^^^^^^^^^^^^^^^^^^^
venv/lib/python3.12/site-packages/django/utils/asyncio.py:26: in inner
    return func(*args, **kwargs)
           ^^^^^^^^^^^^^^^^^^^^^
venv/lib/python3.12/site-packages/django/db/backends/postgresql/base.py:333: in get_new_connection
    connection = self.Database.connect(**conn_params)
                 ^^^^^^^^^^^^^^^^^^^^^^^^^^^^^^^^^^^^
venv/lib/python3.12/site-packages/psycopg/connection.py:130: in connect
    raise new_ex.with_traceback(None)
E   psycopg.OperationalError: connection failed: connection to server at "127.0.0.1", port 5432 failed: FATAL:  password authentication failed for user "postgres"
E   Multiple connection attempts failed. All failures were:
E   - host: 'localhost', port: 5432, hostaddr: '::1': connection failed: connection to server at "::1", port 5432 failed: FATAL:  password authentication failed for user "postgres"
E   - host: 'localhost', port: 5432, hostaddr: '127.0.0.1': connection failed: connection to server at "127.0.0.1", port 5432 failed: FATAL:  password authentication failed for user "postgres"

The above exception was the direct cause of the following exception:
venv/lib/python3.12/site-packages/pytest_django/plugin.py:598: in _django_setup_unittest
    request.getfixturevalue("django_db_setup")
conftest.py:53: in django_db_setup
    tenant, _ = TenantModel.objects.get_or_create(
venv/lib/python3.12/site-packages/django/db/models/manager.py:87: in manager_method
    return getattr(self.get_queryset(), name)(*args, **kwargs)
           ^^^^^^^^^^^^^^^^^^^^^^^^^^^^^^^^^^^^^^^^^^^^^^^^^^^
venv/lib/python3.12/site-packages/django/db/models/query.py:987: in get_or_create
    return self.get(**kwargs), False
           ^^^^^^^^^^^^^^^^^^
venv/lib/python3.12/site-packages/django/db/models/query.py:635: in get
    num = len(clone)
          ^^^^^^^^^^
venv/lib/python3.12/site-packages/django/db/models/query.py:372: in __len__
    self._fetch_all()
venv/lib/python3.12/site-packages/django/db/models/query.py:2000: in _fetch_all
    self._result_cache = list(self._iterable_class(self))
                         ^^^^^^^^^^^^^^^^^^^^^^^^^^^^^^^^
venv/lib/python3.12/site-packages/django/db/models/query.py:95: in __iter__
    results = compiler.execute_sql(
venv/lib/python3.12/site-packages/django/db/models/sql/compiler.py:1622: in execute_sql
    cursor = self.connection.cursor()
             ^^^^^^^^^^^^^^^^^^^^^^^^
venv/lib/python3.12/site-packages/django/utils/asyncio.py:26: in inner
    return func(*args, **kwargs)
           ^^^^^^^^^^^^^^^^^^^^^
venv/lib/python3.12/site-packages/django/db/backends/base/base.py:320: in cursor
    return self._cursor()
           ^^^^^^^^^^^^^^
venv/lib/python3.12/site-packages/django_tenants/postgresql_backend/base.py:144: in _cursor
    cursor = super()._cursor()
             ^^^^^^^^^^^^^^^^^
venv/lib/python3.12/site-packages/django/db/backends/base/base.py:296: in _cursor
    self.ensure_connection()
venv/lib/python3.12/site-packages/django/utils/asyncio.py:26: in inner
    return func(*args, **kwargs)
           ^^^^^^^^^^^^^^^^^^^^^
venv/lib/python3.12/site-packages/django/db/backends/base/base.py:278: in ensure_connection
    with self.wrap_database_errors:
venv/lib/python3.12/site-packages/django/db/utils.py:94: in __exit__
    raise dj_exc_value.with_traceback(traceback) from exc_value
venv/lib/python3.12/site-packages/django/db/backends/base/base.py:279: in ensure_connection
    self.connect()
venv/lib/python3.12/site-packages/django/utils/asyncio.py:26: in inner
    return func(*args, **kwargs)
           ^^^^^^^^^^^^^^^^^^^^^
venv/lib/python3.12/site-packages/django/db/backends/base/base.py:256: in connect
    self.connection = self.get_new_connection(conn_params)
                      ^^^^^^^^^^^^^^^^^^^^^^^^^^^^^^^^^^^^
venv/lib/python3.12/site-packages/django/utils/asyncio.py:26: in inner
    return func(*args, **kwargs)
           ^^^^^^^^^^^^^^^^^^^^^
venv/lib/python3.12/site-packages/django/db/backends/postgresql/base.py:333: in get_new_connection
    connection = self.Database.connect(**conn_params)
                 ^^^^^^^^^^^^^^^^^^^^^^^^^^^^^^^^^^^^
venv/lib/python3.12/site-packages/psycopg/connection.py:130: in connect
    raise new_ex.with_traceback(None)
E   django.db.utils.OperationalError: connection failed: connection to server at "127.0.0.1", port 5432 failed: FATAL:  password authentication failed for user "postgres"
E   Multiple connection attempts failed. All failures were:
E   - host: 'localhost', port: 5432, hostaddr: '::1': connection failed: connection to server at "::1", port 5432 failed: FATAL:  password authentication failed for user "postgres"
E   - host: 'localhost', port: 5432, hostaddr: '127.0.0.1': connection failed: connection to server at "127.0.0.1", port 5432 failed: FATAL:  password authentication failed for user "postgres"</error></testcase><testcase classname="apps.monitoring.tests.test_models.HealthCheckViewTest" name="test_db_failure_returns_503" time="0.004"><error message="failed on setup with &quot;django.db.utils.OperationalError: connection failed: connection to server at &quot;127.0.0.1&quot;, port 5432 failed: FATAL:  password authentication failed for user &quot;postgres&quot;&#10;Multiple connection attempts failed. All failures were:&#10;- host: 'localhost', port: 5432, hostaddr: '::1': connection failed: connection to server at &quot;::1&quot;, port 5432 failed: FATAL:  password authentication failed for user &quot;postgres&quot;&#10;- host: 'localhost', port: 5432, hostaddr: '127.0.0.1': connection failed: connection to server at &quot;127.0.0.1&quot;, port 5432 failed: FATAL:  password authentication failed for user &quot;postgres&quot;&quot;">venv/lib/python3.12/site-packages/django/db/backends/base/base.py:279: in ensure_connection
    self.connect()
venv/lib/python3.12/site-packages/django/utils/asyncio.py:26: in inner
    return func(*args, **kwargs)
           ^^^^^^^^^^^^^^^^^^^^^
venv/lib/python3.12/site-packages/django/db/backends/base/base.py:256: in connect
    self.connection = self.get_new_connection(conn_params)
                      ^^^^^^^^^^^^^^^^^^^^^^^^^^^^^^^^^^^^
venv/lib/python3.12/site-packages/django/utils/asyncio.py:26: in inner
    return func(*args, **kwargs)
           ^^^^^^^^^^^^^^^^^^^^^
venv/lib/python3.12/site-packages/django/db/backends/postgresql/base.py:333: in get_new_connection
    connection = self.Database.connect(**conn_params)
                 ^^^^^^^^^^^^^^^^^^^^^^^^^^^^^^^^^^^^
venv/lib/python3.12/site-packages/psycopg/connection.py:130: in connect
    raise new_ex.with_traceback(None)
E   psycopg.OperationalError: connection failed: connection to server at "127.0.0.1", port 5432 failed: FATAL:  password authentication failed for user "postgres"
E   Multiple connection attempts failed. All failures were:
E   - host: 'localhost', port: 5432, hostaddr: '::1': connection failed: connection to server at "::1", port 5432 failed: FATAL:  password authentication failed for user "postgres"
E   - host: 'localhost', port: 5432, hostaddr: '127.0.0.1': connection failed: connection to server at "127.0.0.1", port 5432 failed: FATAL:  password authentication failed for user "postgres"

The above exception was the direct cause of the following exception:
venv/lib/python3.12/site-packages/pytest_django/plugin.py:598: in _django_setup_unittest
    request.getfixturevalue("django_db_setup")
conftest.py:53: in django_db_setup
    tenant, _ = TenantModel.objects.get_or_create(
venv/lib/python3.12/site-packages/django/db/models/manager.py:87: in manager_method
    return getattr(self.get_queryset(), name)(*args, **kwargs)
           ^^^^^^^^^^^^^^^^^^^^^^^^^^^^^^^^^^^^^^^^^^^^^^^^^^^
venv/lib/python3.12/site-packages/django/db/models/query.py:987: in get_or_create
    return self.get(**kwargs), False
           ^^^^^^^^^^^^^^^^^^
venv/lib/python3.12/site-packages/django/db/models/query.py:635: in get
    num = len(clone)
          ^^^^^^^^^^
venv/lib/python3.12/site-packages/django/db/models/query.py:372: in __len__
    self._fetch_all()
venv/lib/python3.12/site-packages/django/db/models/query.py:2000: in _fetch_all
    self._result_cache = list(self._iterable_class(self))
                         ^^^^^^^^^^^^^^^^^^^^^^^^^^^^^^^^
venv/lib/python3.12/site-packages/django/db/models/query.py:95: in __iter__
    results = compiler.execute_sql(
venv/lib/python3.12/site-packages/django/db/models/sql/compiler.py:1622: in execute_sql
    cursor = self.connection.cursor()
             ^^^^^^^^^^^^^^^^^^^^^^^^
venv/lib/python3.12/site-packages/django/utils/asyncio.py:26: in inner
    return func(*args, **kwargs)
           ^^^^^^^^^^^^^^^^^^^^^
venv/lib/python3.12/site-packages/django/db/backends/base/base.py:320: in cursor
    return self._cursor()
           ^^^^^^^^^^^^^^
venv/lib/python3.12/site-packages/django_tenants/postgresql_backend/base.py:144: in _cursor
    cursor = super()._cursor()
             ^^^^^^^^^^^^^^^^^
venv/lib/python3.12/site-packages/django/db/backends/base/base.py:296: in _cursor
    self.ensure_connection()
venv/lib/python3.12/site-packages/django/utils/asyncio.py:26: in inner
    return func(*args, **kwargs)
           ^^^^^^^^^^^^^^^^^^^^^
venv/lib/python3.12/site-packages/django/db/backends/base/base.py:278: in ensure_connection
    with self.wrap_database_errors:
venv/lib/python3.12/site-packages/django/db/utils.py:94: in __exit__
    raise dj_exc_value.with_traceback(traceback) from exc_value
venv/lib/python3.12/site-packages/django/db/backends/base/base.py:279: in ensure_connection
    self.connect()
venv/lib/python3.12/site-packages/django/utils/asyncio.py:26: in inner
    return func(*args, **kwargs)
           ^^^^^^^^^^^^^^^^^^^^^
venv/lib/python3.12/site-packages/django/db/backends/base/base.py:256: in connect
    self.connection = self.get_new_connection(conn_params)
                      ^^^^^^^^^^^^^^^^^^^^^^^^^^^^^^^^^^^^
venv/lib/python3.12/site-packages/django/utils/asyncio.py:26: in inner
    return func(*args, **kwargs)
           ^^^^^^^^^^^^^^^^^^^^^
venv/lib/python3.12/site-packages/django/db/backends/postgresql/base.py:333: in get_new_connection
    connection = self.Database.connect(**conn_params)
                 ^^^^^^^^^^^^^^^^^^^^^^^^^^^^^^^^^^^^
venv/lib/python3.12/site-packages/psycopg/connection.py:130: in connect
    raise new_ex.with_traceback(None)
E   django.db.utils.OperationalError: connection failed: connection to server at "127.0.0.1", port 5432 failed: FATAL:  password authentication failed for user "postgres"
E   Multiple connection attempts failed. All failures were:
E   - host: 'localhost', port: 5432, hostaddr: '::1': connection failed: connection to server at "::1", port 5432 failed: FATAL:  password authentication failed for user "postgres"
E   - host: 'localhost', port: 5432, hostaddr: '127.0.0.1': connection failed: connection to server at "127.0.0.1", port 5432 failed: FATAL:  password authentication failed for user "postgres"</error></testcase><testcase classname="apps.monitoring.tests.test_models.HealthCheckViewTest" name="test_db_failure_status_unhealthy" time="0.005"><error message="failed on setup with &quot;django.db.utils.OperationalError: connection failed: connection to server at &quot;127.0.0.1&quot;, port 5432 failed: FATAL:  password authentication failed for user &quot;postgres&quot;&#10;Multiple connection attempts failed. All failures were:&#10;- host: 'localhost', port: 5432, hostaddr: '::1': connection failed: connection to server at &quot;::1&quot;, port 5432 failed: FATAL:  password authentication failed for user &quot;postgres&quot;&#10;- host: 'localhost', port: 5432, hostaddr: '127.0.0.1': connection failed: connection to server at &quot;127.0.0.1&quot;, port 5432 failed: FATAL:  password authentication failed for user &quot;postgres&quot;&quot;">venv/lib/python3.12/site-packages/django/db/backends/base/base.py:279: in ensure_connection
    self.connect()
venv/lib/python3.12/site-packages/django/utils/asyncio.py:26: in inner
    return func(*args, **kwargs)
           ^^^^^^^^^^^^^^^^^^^^^
venv/lib/python3.12/site-packages/django/db/backends/base/base.py:256: in connect
    self.connection = self.get_new_connection(conn_params)
                      ^^^^^^^^^^^^^^^^^^^^^^^^^^^^^^^^^^^^
venv/lib/python3.12/site-packages/django/utils/asyncio.py:26: in inner
    return func(*args, **kwargs)
           ^^^^^^^^^^^^^^^^^^^^^
venv/lib/python3.12/site-packages/django/db/backends/postgresql/base.py:333: in get_new_connection
    connection = self.Database.connect(**conn_params)
                 ^^^^^^^^^^^^^^^^^^^^^^^^^^^^^^^^^^^^
venv/lib/python3.12/site-packages/psycopg/connection.py:130: in connect
    raise new_ex.with_traceback(None)
E   psycopg.OperationalError: connection failed: connection to server at "127.0.0.1", port 5432 failed: FATAL:  password authentication failed for user "postgres"
E   Multiple connection attempts failed. All failures were:
E   - host: 'localhost', port: 5432, hostaddr: '::1': connection failed: connection to server at "::1", port 5432 failed: FATAL:  password authentication failed for user "postgres"
E   - host: 'localhost', port: 5432, hostaddr: '127.0.0.1': connection failed: connection to server at "127.0.0.1", port 5432 failed: FATAL:  password authentication failed for user "postgres"

The above exception was the direct cause of the following exception:
venv/lib/python3.12/site-packages/pytest_django/plugin.py:598: in _django_setup_unittest
    request.getfixturevalue("django_db_setup")
conftest.py:53: in django_db_setup
    tenant, _ = TenantModel.objects.get_or_create(
venv/lib/python3.12/site-packages/django/db/models/manager.py:87: in manager_method
    return getattr(self.get_queryset(), name)(*args, **kwargs)
           ^^^^^^^^^^^^^^^^^^^^^^^^^^^^^^^^^^^^^^^^^^^^^^^^^^^
venv/lib/python3.12/site-packages/django/db/models/query.py:987: in get_or_create
    return self.get(**kwargs), False
           ^^^^^^^^^^^^^^^^^^
venv/lib/python3.12/site-packages/django/db/models/query.py:635: in get
    num = len(clone)
          ^^^^^^^^^^
venv/lib/python3.12/site-packages/django/db/models/query.py:372: in __len__
    self._fetch_all()
venv/lib/python3.12/site-packages/django/db/models/query.py:2000: in _fetch_all
    self._result_cache = list(self._iterable_class(self))
                         ^^^^^^^^^^^^^^^^^^^^^^^^^^^^^^^^
venv/lib/python3.12/site-packages/django/db/models/query.py:95: in __iter__
    results = compiler.execute_sql(
venv/lib/python3.12/site-packages/django/db/models/sql/compiler.py:1622: in execute_sql
    cursor = self.connection.cursor()
             ^^^^^^^^^^^^^^^^^^^^^^^^
venv/lib/python3.12/site-packages/django/utils/asyncio.py:26: in inner
    return func(*args, **kwargs)
           ^^^^^^^^^^^^^^^^^^^^^
venv/lib/python3.12/site-packages/django/db/backends/base/base.py:320: in cursor
    return self._cursor()
           ^^^^^^^^^^^^^^
venv/lib/python3.12/site-packages/django_tenants/postgresql_backend/base.py:144: in _cursor
    cursor = super()._cursor()
             ^^^^^^^^^^^^^^^^^
venv/lib/python3.12/site-packages/django/db/backends/base/base.py:296: in _cursor
    self.ensure_connection()
venv/lib/python3.12/site-packages/django/utils/asyncio.py:26: in inner
    return func(*args, **kwargs)
           ^^^^^^^^^^^^^^^^^^^^^
venv/lib/python3.12/site-packages/django/db/backends/base/base.py:278: in ensure_connection
    with self.wrap_database_errors:
venv/lib/python3.12/site-packages/django/db/utils.py:94: in __exit__
    raise dj_exc_value.with_traceback(traceback) from exc_value
venv/lib/python3.12/site-packages/django/db/backends/base/base.py:279: in ensure_connection
    self.connect()
venv/lib/python3.12/site-packages/django/utils/asyncio.py:26: in inner
    return func(*args, **kwargs)
           ^^^^^^^^^^^^^^^^^^^^^
venv/lib/python3.12/site-packages/django/db/backends/base/base.py:256: in connect
    self.connection = self.get_new_connection(conn_params)
                      ^^^^^^^^^^^^^^^^^^^^^^^^^^^^^^^^^^^^
venv/lib/python3.12/site-packages/django/utils/asyncio.py:26: in inner
    return func(*args, **kwargs)
           ^^^^^^^^^^^^^^^^^^^^^
venv/lib/python3.12/site-packages/django/db/backends/postgresql/base.py:333: in get_new_connection
    connection = self.Database.connect(**conn_params)
                 ^^^^^^^^^^^^^^^^^^^^^^^^^^^^^^^^^^^^
venv/lib/python3.12/site-packages/psycopg/connection.py:130: in connect
    raise new_ex.with_traceback(None)
E   django.db.utils.OperationalError: connection failed: connection to server at "127.0.0.1", port 5432 failed: FATAL:  password authentication failed for user "postgres"
E   Multiple connection attempts failed. All failures were:
E   - host: 'localhost', port: 5432, hostaddr: '::1': connection failed: connection to server at "::1", port 5432 failed: FATAL:  password authentication failed for user "postgres"
E   - host: 'localhost', port: 5432, hostaddr: '127.0.0.1': connection failed: connection to server at "127.0.0.1", port 5432 failed: FATAL:  password authentication failed for user "postgres"</error></testcase><testcase classname="apps.monitoring.tests.test_models.HealthCheckViewTest" name="test_healthy_returns_200" time="0.010"><error message="failed on setup with &quot;django.db.utils.OperationalError: connection failed: connection to server at &quot;127.0.0.1&quot;, port 5432 failed: FATAL:  password authentication failed for user &quot;postgres&quot;&#10;Multiple connection attempts failed. All failures were:&#10;- host: 'localhost', port: 5432, hostaddr: '::1': connection failed: connection to server at &quot;::1&quot;, port 5432 failed: FATAL:  password authentication failed for user &quot;postgres&quot;&#10;- host: 'localhost', port: 5432, hostaddr: '127.0.0.1': connection failed: connection to server at &quot;127.0.0.1&quot;, port 5432 failed: FATAL:  password authentication failed for user &quot;postgres&quot;&quot;">venv/lib/python3.12/site-packages/django/db/backends/base/base.py:279: in ensure_connection
    self.connect()
venv/lib/python3.12/site-packages/django/utils/asyncio.py:26: in inner
    return func(*args, **kwargs)
           ^^^^^^^^^^^^^^^^^^^^^
venv/lib/python3.12/site-packages/django/db/backends/base/base.py:256: in connect
    self.connection = self.get_new_connection(conn_params)
                      ^^^^^^^^^^^^^^^^^^^^^^^^^^^^^^^^^^^^
venv/lib/python3.12/site-packages/django/utils/asyncio.py:26: in inner
    return func(*args, **kwargs)
           ^^^^^^^^^^^^^^^^^^^^^
venv/lib/python3.12/site-packages/django/db/backends/postgresql/base.py:333: in get_new_connection
    connection = self.Database.connect(**conn_params)
                 ^^^^^^^^^^^^^^^^^^^^^^^^^^^^^^^^^^^^
venv/lib/python3.12/site-packages/psycopg/connection.py:130: in connect
    raise new_ex.with_traceback(None)
E   psycopg.OperationalError: connection failed: connection to server at "127.0.0.1", port 5432 failed: FATAL:  password authentication failed for user "postgres"
E   Multiple connection attempts failed. All failures were:
E   - host: 'localhost', port: 5432, hostaddr: '::1': connection failed: connection to server at "::1", port 5432 failed: FATAL:  password authentication failed for user "postgres"
E   - host: 'localhost', port: 5432, hostaddr: '127.0.0.1': connection failed: connection to server at "127.0.0.1", port 5432 failed: FATAL:  password authentication failed for user "postgres"

The above exception was the direct cause of the following exception:
venv/lib/python3.12/site-packages/pytest_django/plugin.py:598: in _django_setup_unittest
    request.getfixturevalue("django_db_setup")
conftest.py:53: in django_db_setup
    tenant, _ = TenantModel.objects.get_or_create(
venv/lib/python3.12/site-packages/django/db/models/manager.py:87: in manager_method
    return getattr(self.get_queryset(), name)(*args, **kwargs)
           ^^^^^^^^^^^^^^^^^^^^^^^^^^^^^^^^^^^^^^^^^^^^^^^^^^^
venv/lib/python3.12/site-packages/django/db/models/query.py:987: in get_or_create
    return self.get(**kwargs), False
           ^^^^^^^^^^^^^^^^^^
venv/lib/python3.12/site-packages/django/db/models/query.py:635: in get
    num = len(clone)
          ^^^^^^^^^^
venv/lib/python3.12/site-packages/django/db/models/query.py:372: in __len__
    self._fetch_all()
venv/lib/python3.12/site-packages/django/db/models/query.py:2000: in _fetch_all
    self._result_cache = list(self._iterable_class(self))
                         ^^^^^^^^^^^^^^^^^^^^^^^^^^^^^^^^
venv/lib/python3.12/site-packages/django/db/models/query.py:95: in __iter__
    results = compiler.execute_sql(
venv/lib/python3.12/site-packages/django/db/models/sql/compiler.py:1622: in execute_sql
    cursor = self.connection.cursor()
             ^^^^^^^^^^^^^^^^^^^^^^^^
venv/lib/python3.12/site-packages/django/utils/asyncio.py:26: in inner
    return func(*args, **kwargs)
           ^^^^^^^^^^^^^^^^^^^^^
venv/lib/python3.12/site-packages/django/db/backends/base/base.py:320: in cursor
    return self._cursor()
           ^^^^^^^^^^^^^^
venv/lib/python3.12/site-packages/django_tenants/postgresql_backend/base.py:144: in _cursor
    cursor = super()._cursor()
             ^^^^^^^^^^^^^^^^^
venv/lib/python3.12/site-packages/django/db/backends/base/base.py:296: in _cursor
    self.ensure_connection()
venv/lib/python3.12/site-packages/django/utils/asyncio.py:26: in inner
    return func(*args, **kwargs)
           ^^^^^^^^^^^^^^^^^^^^^
venv/lib/python3.12/site-packages/django/db/backends/base/base.py:278: in ensure_connection
    with self.wrap_database_errors:
venv/lib/python3.12/site-packages/django/db/utils.py:94: in __exit__
    raise dj_exc_value.with_traceback(traceback) from exc_value
venv/lib/python3.12/site-packages/django/db/backends/base/base.py:279: in ensure_connection
    self.connect()
venv/lib/python3.12/site-packages/django/utils/asyncio.py:26: in inner
    return func(*args, **kwargs)
           ^^^^^^^^^^^^^^^^^^^^^
venv/lib/python3.12/site-packages/django/db/backends/base/base.py:256: in connect
    self.connection = self.get_new_connection(conn_params)
                      ^^^^^^^^^^^^^^^^^^^^^^^^^^^^^^^^^^^^
venv/lib/python3.12/site-packages/django/utils/asyncio.py:26: in inner
    return func(*args, **kwargs)
           ^^^^^^^^^^^^^^^^^^^^^
venv/lib/python3.12/site-packages/django/db/backends/postgresql/base.py:333: in get_new_connection
    connection = self.Database.connect(**conn_params)
                 ^^^^^^^^^^^^^^^^^^^^^^^^^^^^^^^^^^^^
venv/lib/python3.12/site-packages/psycopg/connection.py:130: in connect
    raise new_ex.with_traceback(None)
E   django.db.utils.OperationalError: connection failed: connection to server at "127.0.0.1", port 5432 failed: FATAL:  password authentication failed for user "postgres"
E   Multiple connection attempts failed. All failures were:
E   - host: 'localhost', port: 5432, hostaddr: '::1': connection failed: connection to server at "::1", port 5432 failed: FATAL:  password authentication failed for user "postgres"
E   - host: 'localhost', port: 5432, hostaddr: '127.0.0.1': connection failed: connection to server at "127.0.0.1", port 5432 failed: FATAL:  password authentication failed for user "postgres"</error></testcase><testcase classname="apps.monitoring.tests.test_models.HealthCheckViewTest" name="test_healthy_status_string" time="0.008"><error message="failed on setup with &quot;django.db.utils.OperationalError: connection failed: connection to server at &quot;127.0.0.1&quot;, port 5432 failed: FATAL:  password authentication failed for user &quot;postgres&quot;&#10;Multiple connection attempts failed. All failures were:&#10;- host: 'localhost', port: 5432, hostaddr: '::1': connection failed: connection to server at &quot;::1&quot;, port 5432 failed: FATAL:  password authentication failed for user &quot;postgres&quot;&#10;- host: 'localhost', port: 5432, hostaddr: '127.0.0.1': connection failed: connection to server at &quot;127.0.0.1&quot;, port 5432 failed: FATAL:  password authentication failed for user &quot;postgres&quot;&quot;">venv/lib/python3.12/site-packages/django/db/backends/base/base.py:279: in ensure_connection
    self.connect()
venv/lib/python3.12/site-packages/django/utils/asyncio.py:26: in inner
    return func(*args, **kwargs)
           ^^^^^^^^^^^^^^^^^^^^^
venv/lib/python3.12/site-packages/django/db/backends/base/base.py:256: in connect
    self.connection = self.get_new_connection(conn_params)
                      ^^^^^^^^^^^^^^^^^^^^^^^^^^^^^^^^^^^^
venv/lib/python3.12/site-packages/django/utils/asyncio.py:26: in inner
    return func(*args, **kwargs)
           ^^^^^^^^^^^^^^^^^^^^^
venv/lib/python3.12/site-packages/django/db/backends/postgresql/base.py:333: in get_new_connection
    connection = self.Database.connect(**conn_params)
                 ^^^^^^^^^^^^^^^^^^^^^^^^^^^^^^^^^^^^
venv/lib/python3.12/site-packages/psycopg/connection.py:130: in connect
    raise new_ex.with_traceback(None)
E   psycopg.OperationalError: connection failed: connection to server at "127.0.0.1", port 5432 failed: FATAL:  password authentication failed for user "postgres"
E   Multiple connection attempts failed. All failures were:
E   - host: 'localhost', port: 5432, hostaddr: '::1': connection failed: connection to server at "::1", port 5432 failed: FATAL:  password authentication failed for user "postgres"
E   - host: 'localhost', port: 5432, hostaddr: '127.0.0.1': connection failed: connection to server at "127.0.0.1", port 5432 failed: FATAL:  password authentication failed for user "postgres"

The above exception was the direct cause of the following exception:
venv/lib/python3.12/site-packages/pytest_django/plugin.py:598: in _django_setup_unittest
    request.getfixturevalue("django_db_setup")
conftest.py:53: in django_db_setup
    tenant, _ = TenantModel.objects.get_or_create(
venv/lib/python3.12/site-packages/django/db/models/manager.py:87: in manager_method
    return getattr(self.get_queryset(), name)(*args, **kwargs)
           ^^^^^^^^^^^^^^^^^^^^^^^^^^^^^^^^^^^^^^^^^^^^^^^^^^^
venv/lib/python3.12/site-packages/django/db/models/query.py:987: in get_or_create
    return self.get(**kwargs), False
           ^^^^^^^^^^^^^^^^^^
venv/lib/python3.12/site-packages/django/db/models/query.py:635: in get
    num = len(clone)
          ^^^^^^^^^^
venv/lib/python3.12/site-packages/django/db/models/query.py:372: in __len__
    self._fetch_all()
venv/lib/python3.12/site-packages/django/db/models/query.py:2000: in _fetch_all
    self._result_cache = list(self._iterable_class(self))
                         ^^^^^^^^^^^^^^^^^^^^^^^^^^^^^^^^
venv/lib/python3.12/site-packages/django/db/models/query.py:95: in __iter__
    results = compiler.execute_sql(
venv/lib/python3.12/site-packages/django/db/models/sql/compiler.py:1622: in execute_sql
    cursor = self.connection.cursor()
             ^^^^^^^^^^^^^^^^^^^^^^^^
venv/lib/python3.12/site-packages/django/utils/asyncio.py:26: in inner
    return func(*args, **kwargs)
           ^^^^^^^^^^^^^^^^^^^^^
venv/lib/python3.12/site-packages/django/db/backends/base/base.py:320: in cursor
    return self._cursor()
           ^^^^^^^^^^^^^^
venv/lib/python3.12/site-packages/django_tenants/postgresql_backend/base.py:144: in _cursor
    cursor = super()._cursor()
             ^^^^^^^^^^^^^^^^^
venv/lib/python3.12/site-packages/django/db/backends/base/base.py:296: in _cursor
    self.ensure_connection()
venv/lib/python3.12/site-packages/django/utils/asyncio.py:26: in inner
    return func(*args, **kwargs)
           ^^^^^^^^^^^^^^^^^^^^^
venv/lib/python3.12/site-packages/django/db/backends/base/base.py:278: in ensure_connection
    with self.wrap_database_errors:
venv/lib/python3.12/site-packages/django/db/utils.py:94: in __exit__
    raise dj_exc_value.with_traceback(traceback) from exc_value
venv/lib/python3.12/site-packages/django/db/backends/base/base.py:279: in ensure_connection
    self.connect()
venv/lib/python3.12/site-packages/django/utils/asyncio.py:26: in inner
    return func(*args, **kwargs)
           ^^^^^^^^^^^^^^^^^^^^^
venv/lib/python3.12/site-packages/django/db/backends/base/base.py:256: in connect
    self.connection = self.get_new_connection(conn_params)
                      ^^^^^^^^^^^^^^^^^^^^^^^^^^^^^^^^^^^^
venv/lib/python3.12/site-packages/django/utils/asyncio.py:26: in inner
    return func(*args, **kwargs)
           ^^^^^^^^^^^^^^^^^^^^^
venv/lib/python3.12/site-packages/django/db/backends/postgresql/base.py:333: in get_new_connection
    connection = self.Database.connect(**conn_params)
                 ^^^^^^^^^^^^^^^^^^^^^^^^^^^^^^^^^^^^
venv/lib/python3.12/site-packages/psycopg/connection.py:130: in connect
    raise new_ex.with_traceback(None)
E   django.db.utils.OperationalError: connection failed: connection to server at "127.0.0.1", port 5432 failed: FATAL:  password authentication failed for user "postgres"
E   Multiple connection attempts failed. All failures were:
E   - host: 'localhost', port: 5432, hostaddr: '::1': connection failed: connection to server at "::1", port 5432 failed: FATAL:  password authentication failed for user "postgres"
E   - host: 'localhost', port: 5432, hostaddr: '127.0.0.1': connection failed: connection to server at "127.0.0.1", port 5432 failed: FATAL:  password authentication failed for user "postgres"</error></testcase><testcase classname="apps.monitoring.tests.test_models.HealthCheckViewTest" name="test_response_has_checks_key" time="0.006"><error message="failed on setup with &quot;django.db.utils.OperationalError: connection failed: connection to server at &quot;127.0.0.1&quot;, port 5432 failed: FATAL:  password authentication failed for user &quot;postgres&quot;&#10;Multiple connection attempts failed. All failures were:&#10;- host: 'localhost', port: 5432, hostaddr: '::1': connection failed: connection to server at &quot;::1&quot;, port 5432 failed: FATAL:  password authentication failed for user &quot;postgres&quot;&#10;- host: 'localhost', port: 5432, hostaddr: '127.0.0.1': connection failed: connection to server at &quot;127.0.0.1&quot;, port 5432 failed: FATAL:  password authentication failed for user &quot;postgres&quot;&quot;">venv/lib/python3.12/site-packages/django/db/backends/base/base.py:279: in ensure_connection
    self.connect()
venv/lib/python3.12/site-packages/django/utils/asyncio.py:26: in inner
    return func(*args, **kwargs)
           ^^^^^^^^^^^^^^^^^^^^^
venv/lib/python3.12/site-packages/django/db/backends/base/base.py:256: in connect
    self.connection = self.get_new_connection(conn_params)
                      ^^^^^^^^^^^^^^^^^^^^^^^^^^^^^^^^^^^^
venv/lib/python3.12/site-packages/django/utils/asyncio.py:26: in inner
    return func(*args, **kwargs)
           ^^^^^^^^^^^^^^^^^^^^^
venv/lib/python3.12/site-packages/django/db/backends/postgresql/base.py:333: in get_new_connection
    connection = self.Database.connect(**conn_params)
                 ^^^^^^^^^^^^^^^^^^^^^^^^^^^^^^^^^^^^
venv/lib/python3.12/site-packages/psycopg/connection.py:130: in connect
    raise new_ex.with_traceback(None)
E   psycopg.OperationalError: connection failed: connection to server at "127.0.0.1", port 5432 failed: FATAL:  password authentication failed for user "postgres"
E   Multiple connection attempts failed. All failures were:
E   - host: 'localhost', port: 5432, hostaddr: '::1': connection failed: connection to server at "::1", port 5432 failed: FATAL:  password authentication failed for user "postgres"
E   - host: 'localhost', port: 5432, hostaddr: '127.0.0.1': connection failed: connection to server at "127.0.0.1", port 5432 failed: FATAL:  password authentication failed for user "postgres"

The above exception was the direct cause of the following exception:
venv/lib/python3.12/site-packages/pytest_django/plugin.py:598: in _django_setup_unittest
    request.getfixturevalue("django_db_setup")
conftest.py:53: in django_db_setup
    tenant, _ = TenantModel.objects.get_or_create(
venv/lib/python3.12/site-packages/django/db/models/manager.py:87: in manager_method
    return getattr(self.get_queryset(), name)(*args, **kwargs)
           ^^^^^^^^^^^^^^^^^^^^^^^^^^^^^^^^^^^^^^^^^^^^^^^^^^^
venv/lib/python3.12/site-packages/django/db/models/query.py:987: in get_or_create
    return self.get(**kwargs), False
           ^^^^^^^^^^^^^^^^^^
venv/lib/python3.12/site-packages/django/db/models/query.py:635: in get
    num = len(clone)
          ^^^^^^^^^^
venv/lib/python3.12/site-packages/django/db/models/query.py:372: in __len__
    self._fetch_all()
venv/lib/python3.12/site-packages/django/db/models/query.py:2000: in _fetch_all
    self._result_cache = list(self._iterable_class(self))
                         ^^^^^^^^^^^^^^^^^^^^^^^^^^^^^^^^
venv/lib/python3.12/site-packages/django/db/models/query.py:95: in __iter__
    results = compiler.execute_sql(
venv/lib/python3.12/site-packages/django/db/models/sql/compiler.py:1622: in execute_sql
    cursor = self.connection.cursor()
             ^^^^^^^^^^^^^^^^^^^^^^^^
venv/lib/python3.12/site-packages/django/utils/asyncio.py:26: in inner
    return func(*args, **kwargs)
           ^^^^^^^^^^^^^^^^^^^^^
venv/lib/python3.12/site-packages/django/db/backends/base/base.py:320: in cursor
    return self._cursor()
           ^^^^^^^^^^^^^^
venv/lib/python3.12/site-packages/django_tenants/postgresql_backend/base.py:144: in _cursor
    cursor = super()._cursor()
             ^^^^^^^^^^^^^^^^^
venv/lib/python3.12/site-packages/django/db/backends/base/base.py:296: in _cursor
    self.ensure_connection()
venv/lib/python3.12/site-packages/django/utils/asyncio.py:26: in inner
    return func(*args, **kwargs)
           ^^^^^^^^^^^^^^^^^^^^^
venv/lib/python3.12/site-packages/django/db/backends/base/base.py:278: in ensure_connection
    with self.wrap_database_errors:
venv/lib/python3.12/site-packages/django/db/utils.py:94: in __exit__
    raise dj_exc_value.with_traceback(traceback) from exc_value
venv/lib/python3.12/site-packages/django/db/backends/base/base.py:279: in ensure_connection
    self.connect()
venv/lib/python3.12/site-packages/django/utils/asyncio.py:26: in inner
    return func(*args, **kwargs)
           ^^^^^^^^^^^^^^^^^^^^^
venv/lib/python3.12/site-packages/django/db/backends/base/base.py:256: in connect
    self.connection = self.get_new_connection(conn_params)
                      ^^^^^^^^^^^^^^^^^^^^^^^^^^^^^^^^^^^^
venv/lib/python3.12/site-packages/django/utils/asyncio.py:26: in inner
    return func(*args, **kwargs)
           ^^^^^^^^^^^^^^^^^^^^^
venv/lib/python3.12/site-packages/django/db/backends/postgresql/base.py:333: in get_new_connection
    connection = self.Database.connect(**conn_params)
                 ^^^^^^^^^^^^^^^^^^^^^^^^^^^^^^^^^^^^
venv/lib/python3.12/site-packages/psycopg/connection.py:130: in connect
    raise new_ex.with_traceback(None)
E   django.db.utils.OperationalError: connection failed: connection to server at "127.0.0.1", port 5432 failed: FATAL:  password authentication failed for user "postgres"
E   Multiple connection attempts failed. All failures were:
E   - host: 'localhost', port: 5432, hostaddr: '::1': connection failed: connection to server at "::1", port 5432 failed: FATAL:  password authentication failed for user "postgres"
E   - host: 'localhost', port: 5432, hostaddr: '127.0.0.1': connection failed: connection to server at "127.0.0.1", port 5432 failed: FATAL:  password authentication failed for user "postgres"</error></testcase><testcase classname="apps.monitoring.tests.test_models.HealthCheckViewTest" name="test_response_has_status_key" time="0.004"><error message="failed on setup with &quot;django.db.utils.OperationalError: connection failed: connection to server at &quot;127.0.0.1&quot;, port 5432 failed: FATAL:  password authentication failed for user &quot;postgres&quot;&#10;Multiple connection attempts failed. All failures were:&#10;- host: 'localhost', port: 5432, hostaddr: '::1': connection failed: connection to server at &quot;::1&quot;, port 5432 failed: FATAL:  password authentication failed for user &quot;postgres&quot;&#10;- host: 'localhost', port: 5432, hostaddr: '127.0.0.1': connection failed: connection to server at &quot;127.0.0.1&quot;, port 5432 failed: FATAL:  password authentication failed for user &quot;postgres&quot;&quot;">venv/lib/python3.12/site-packages/django/db/backends/base/base.py:279: in ensure_connection
    self.connect()
venv/lib/python3.12/site-packages/django/utils/asyncio.py:26: in inner
    return func(*args, **kwargs)
           ^^^^^^^^^^^^^^^^^^^^^
venv/lib/python3.12/site-packages/django/db/backends/base/base.py:256: in connect
    self.connection = self.get_new_connection(conn_params)
                      ^^^^^^^^^^^^^^^^^^^^^^^^^^^^^^^^^^^^
venv/lib/python3.12/site-packages/django/utils/asyncio.py:26: in inner
    return func(*args, **kwargs)
           ^^^^^^^^^^^^^^^^^^^^^
venv/lib/python3.12/site-packages/django/db/backends/postgresql/base.py:333: in get_new_connection
    connection = self.Database.connect(**conn_params)
                 ^^^^^^^^^^^^^^^^^^^^^^^^^^^^^^^^^^^^
venv/lib/python3.12/site-packages/psycopg/connection.py:130: in connect
    raise new_ex.with_traceback(None)
E   psycopg.OperationalError: connection failed: connection to server at "127.0.0.1", port 5432 failed: FATAL:  password authentication failed for user "postgres"
E   Multiple connection attempts failed. All failures were:
E   - host: 'localhost', port: 5432, hostaddr: '::1': connection failed: connection to server at "::1", port 5432 failed: FATAL:  password authentication failed for user "postgres"
E   - host: 'localhost', port: 5432, hostaddr: '127.0.0.1': connection failed: connection to server at "127.0.0.1", port 5432 failed: FATAL:  password authentication failed for user "postgres"

The above exception was the direct cause of the following exception:
venv/lib/python3.12/site-packages/pytest_django/plugin.py:598: in _django_setup_unittest
    request.getfixturevalue("django_db_setup")
conftest.py:53: in django_db_setup
    tenant, _ = TenantModel.objects.get_or_create(
venv/lib/python3.12/site-packages/django/db/models/manager.py:87: in manager_method
    return getattr(self.get_queryset(), name)(*args, **kwargs)
           ^^^^^^^^^^^^^^^^^^^^^^^^^^^^^^^^^^^^^^^^^^^^^^^^^^^
venv/lib/python3.12/site-packages/django/db/models/query.py:987: in get_or_create
    return self.get(**kwargs), False
           ^^^^^^^^^^^^^^^^^^
venv/lib/python3.12/site-packages/django/db/models/query.py:635: in get
    num = len(clone)
          ^^^^^^^^^^
venv/lib/python3.12/site-packages/django/db/models/query.py:372: in __len__
    self._fetch_all()
venv/lib/python3.12/site-packages/django/db/models/query.py:2000: in _fetch_all
    self._result_cache = list(self._iterable_class(self))
                         ^^^^^^^^^^^^^^^^^^^^^^^^^^^^^^^^
venv/lib/python3.12/site-packages/django/db/models/query.py:95: in __iter__
    results = compiler.execute_sql(
venv/lib/python3.12/site-packages/django/db/models/sql/compiler.py:1622: in execute_sql
    cursor = self.connection.cursor()
             ^^^^^^^^^^^^^^^^^^^^^^^^
venv/lib/python3.12/site-packages/django/utils/asyncio.py:26: in inner
    return func(*args, **kwargs)
           ^^^^^^^^^^^^^^^^^^^^^
venv/lib/python3.12/site-packages/django/db/backends/base/base.py:320: in cursor
    return self._cursor()
           ^^^^^^^^^^^^^^
venv/lib/python3.12/site-packages/django_tenants/postgresql_backend/base.py:144: in _cursor
    cursor = super()._cursor()
             ^^^^^^^^^^^^^^^^^
venv/lib/python3.12/site-packages/django/db/backends/base/base.py:296: in _cursor
    self.ensure_connection()
venv/lib/python3.12/site-packages/django/utils/asyncio.py:26: in inner
    return func(*args, **kwargs)
           ^^^^^^^^^^^^^^^^^^^^^
venv/lib/python3.12/site-packages/django/db/backends/base/base.py:278: in ensure_connection
    with self.wrap_database_errors:
venv/lib/python3.12/site-packages/django/db/utils.py:94: in __exit__
    raise dj_exc_value.with_traceback(traceback) from exc_value
venv/lib/python3.12/site-packages/django/db/backends/base/base.py:279: in ensure_connection
    self.connect()
venv/lib/python3.12/site-packages/django/utils/asyncio.py:26: in inner
    return func(*args, **kwargs)
           ^^^^^^^^^^^^^^^^^^^^^
venv/lib/python3.12/site-packages/django/db/backends/base/base.py:256: in connect
    self.connection = self.get_new_connection(conn_params)
                      ^^^^^^^^^^^^^^^^^^^^^^^^^^^^^^^^^^^^
venv/lib/python3.12/site-packages/django/utils/asyncio.py:26: in inner
    return func(*args, **kwargs)
           ^^^^^^^^^^^^^^^^^^^^^
venv/lib/python3.12/site-packages/django/db/backends/postgresql/base.py:333: in get_new_connection
    connection = self.Database.connect(**conn_params)
                 ^^^^^^^^^^^^^^^^^^^^^^^^^^^^^^^^^^^^
venv/lib/python3.12/site-packages/psycopg/connection.py:130: in connect
    raise new_ex.with_traceback(None)
E   django.db.utils.OperationalError: connection failed: connection to server at "127.0.0.1", port 5432 failed: FATAL:  password authentication failed for user "postgres"
E   Multiple connection attempts failed. All failures were:
E   - host: 'localhost', port: 5432, hostaddr: '::1': connection failed: connection to server at "::1", port 5432 failed: FATAL:  password authentication failed for user "postgres"
E   - host: 'localhost', port: 5432, hostaddr: '127.0.0.1': connection failed: connection to server at "127.0.0.1", port 5432 failed: FATAL:  password authentication failed for user "postgres"</error></testcase><testcase classname="apps.monitoring.tests.test_models.HealthCheckViewTest" name="test_response_has_timestamp_key" time="0.004"><error message="failed on setup with &quot;django.db.utils.OperationalError: connection failed: connection to server at &quot;127.0.0.1&quot;, port 5432 failed: FATAL:  password authentication failed for user &quot;postgres&quot;&#10;Multiple connection attempts failed. All failures were:&#10;- host: 'localhost', port: 5432, hostaddr: '::1': connection failed: connection to server at &quot;::1&quot;, port 5432 failed: FATAL:  password authentication failed for user &quot;postgres&quot;&#10;- host: 'localhost', port: 5432, hostaddr: '127.0.0.1': connection failed: connection to server at &quot;127.0.0.1&quot;, port 5432 failed: FATAL:  password authentication failed for user &quot;postgres&quot;&quot;">venv/lib/python3.12/site-packages/django/db/backends/base/base.py:279: in ensure_connection
    self.connect()
venv/lib/python3.12/site-packages/django/utils/asyncio.py:26: in inner
    return func(*args, **kwargs)
           ^^^^^^^^^^^^^^^^^^^^^
venv/lib/python3.12/site-packages/django/db/backends/base/base.py:256: in connect
    self.connection = self.get_new_connection(conn_params)
                      ^^^^^^^^^^^^^^^^^^^^^^^^^^^^^^^^^^^^
venv/lib/python3.12/site-packages/django/utils/asyncio.py:26: in inner
    return func(*args, **kwargs)
           ^^^^^^^^^^^^^^^^^^^^^
venv/lib/python3.12/site-packages/django/db/backends/postgresql/base.py:333: in get_new_connection
    connection = self.Database.connect(**conn_params)
                 ^^^^^^^^^^^^^^^^^^^^^^^^^^^^^^^^^^^^
venv/lib/python3.12/site-packages/psycopg/connection.py:130: in connect
    raise new_ex.with_traceback(None)
E   psycopg.OperationalError: connection failed: connection to server at "127.0.0.1", port 5432 failed: FATAL:  password authentication failed for user "postgres"
E   Multiple connection attempts failed. All failures were:
E   - host: 'localhost', port: 5432, hostaddr: '::1': connection failed: connection to server at "::1", port 5432 failed: FATAL:  password authentication failed for user "postgres"
E   - host: 'localhost', port: 5432, hostaddr: '127.0.0.1': connection failed: connection to server at "127.0.0.1", port 5432 failed: FATAL:  password authentication failed for user "postgres"

The above exception was the direct cause of the following exception:
venv/lib/python3.12/site-packages/pytest_django/plugin.py:598: in _django_setup_unittest
    request.getfixturevalue("django_db_setup")
conftest.py:53: in django_db_setup
    tenant, _ = TenantModel.objects.get_or_create(
venv/lib/python3.12/site-packages/django/db/models/manager.py:87: in manager_method
    return getattr(self.get_queryset(), name)(*args, **kwargs)
           ^^^^^^^^^^^^^^^^^^^^^^^^^^^^^^^^^^^^^^^^^^^^^^^^^^^
venv/lib/python3.12/site-packages/django/db/models/query.py:987: in get_or_create
    return self.get(**kwargs), False
           ^^^^^^^^^^^^^^^^^^
venv/lib/python3.12/site-packages/django/db/models/query.py:635: in get
    num = len(clone)
          ^^^^^^^^^^
venv/lib/python3.12/site-packages/django/db/models/query.py:372: in __len__
    self._fetch_all()
venv/lib/python3.12/site-packages/django/db/models/query.py:2000: in _fetch_all
    self._result_cache = list(self._iterable_class(self))
                         ^^^^^^^^^^^^^^^^^^^^^^^^^^^^^^^^
venv/lib/python3.12/site-packages/django/db/models/query.py:95: in __iter__
    results = compiler.execute_sql(
venv/lib/python3.12/site-packages/django/db/models/sql/compiler.py:1622: in execute_sql
    cursor = self.connection.cursor()
             ^^^^^^^^^^^^^^^^^^^^^^^^
venv/lib/python3.12/site-packages/django/utils/asyncio.py:26: in inner
    return func(*args, **kwargs)
           ^^^^^^^^^^^^^^^^^^^^^
venv/lib/python3.12/site-packages/django/db/backends/base/base.py:320: in cursor
    return self._cursor()
           ^^^^^^^^^^^^^^
venv/lib/python3.12/site-packages/django_tenants/postgresql_backend/base.py:144: in _cursor
    cursor = super()._cursor()
             ^^^^^^^^^^^^^^^^^
venv/lib/python3.12/site-packages/django/db/backends/base/base.py:296: in _cursor
    self.ensure_connection()
venv/lib/python3.12/site-packages/django/utils/asyncio.py:26: in inner
    return func(*args, **kwargs)
           ^^^^^^^^^^^^^^^^^^^^^
venv/lib/python3.12/site-packages/django/db/backends/base/base.py:278: in ensure_connection
    with self.wrap_database_errors:
venv/lib/python3.12/site-packages/django/db/utils.py:94: in __exit__
    raise dj_exc_value.with_traceback(traceback) from exc_value
venv/lib/python3.12/site-packages/django/db/backends/base/base.py:279: in ensure_connection
    self.connect()
venv/lib/python3.12/site-packages/django/utils/asyncio.py:26: in inner
    return func(*args, **kwargs)
           ^^^^^^^^^^^^^^^^^^^^^
venv/lib/python3.12/site-packages/django/db/backends/base/base.py:256: in connect
    self.connection = self.get_new_connection(conn_params)
                      ^^^^^^^^^^^^^^^^^^^^^^^^^^^^^^^^^^^^
venv/lib/python3.12/site-packages/django/utils/asyncio.py:26: in inner
    return func(*args, **kwargs)
           ^^^^^^^^^^^^^^^^^^^^^
venv/lib/python3.12/site-packages/django/db/backends/postgresql/base.py:333: in get_new_connection
    connection = self.Database.connect(**conn_params)
                 ^^^^^^^^^^^^^^^^^^^^^^^^^^^^^^^^^^^^
venv/lib/python3.12/site-packages/psycopg/connection.py:130: in connect
    raise new_ex.with_traceback(None)
E   django.db.utils.OperationalError: connection failed: connection to server at "127.0.0.1", port 5432 failed: FATAL:  password authentication failed for user "postgres"
E   Multiple connection attempts failed. All failures were:
E   - host: 'localhost', port: 5432, hostaddr: '::1': connection failed: connection to server at "::1", port 5432 failed: FATAL:  password authentication failed for user "postgres"
E   - host: 'localhost', port: 5432, hostaddr: '127.0.0.1': connection failed: connection to server at "127.0.0.1", port 5432 failed: FATAL:  password authentication failed for user "postgres"</error></testcase><testcase classname="apps.monitoring.tests.test_models.HealthCheckViewTest" name="test_response_has_version_key" time="0.006"><error message="failed on setup with &quot;django.db.utils.OperationalError: connection failed: connection to server at &quot;127.0.0.1&quot;, port 5432 failed: FATAL:  password authentication failed for user &quot;postgres&quot;&#10;Multiple connection attempts failed. All failures were:&#10;- host: 'localhost', port: 5432, hostaddr: '::1': connection failed: connection to server at &quot;::1&quot;, port 5432 failed: FATAL:  password authentication failed for user &quot;postgres&quot;&#10;- host: 'localhost', port: 5432, hostaddr: '127.0.0.1': connection failed: connection to server at &quot;127.0.0.1&quot;, port 5432 failed: FATAL:  password authentication failed for user &quot;postgres&quot;&quot;">venv/lib/python3.12/site-packages/django/db/backends/base/base.py:279: in ensure_connection
    self.connect()
venv/lib/python3.12/site-packages/django/utils/asyncio.py:26: in inner
    return func(*args, **kwargs)
           ^^^^^^^^^^^^^^^^^^^^^
venv/lib/python3.12/site-packages/django/db/backends/base/base.py:256: in connect
    self.connection = self.get_new_connection(conn_params)
                      ^^^^^^^^^^^^^^^^^^^^^^^^^^^^^^^^^^^^
venv/lib/python3.12/site-packages/django/utils/asyncio.py:26: in inner
    return func(*args, **kwargs)
           ^^^^^^^^^^^^^^^^^^^^^
venv/lib/python3.12/site-packages/django/db/backends/postgresql/base.py:333: in get_new_connection
    connection = self.Database.connect(**conn_params)
                 ^^^^^^^^^^^^^^^^^^^^^^^^^^^^^^^^^^^^
venv/lib/python3.12/site-packages/psycopg/connection.py:130: in connect
    raise new_ex.with_traceback(None)
E   psycopg.OperationalError: connection failed: connection to server at "127.0.0.1", port 5432 failed: FATAL:  password authentication failed for user "postgres"
E   Multiple connection attempts failed. All failures were:
E   - host: 'localhost', port: 5432, hostaddr: '::1': connection failed: connection to server at "::1", port 5432 failed: FATAL:  password authentication failed for user "postgres"
E   - host: 'localhost', port: 5432, hostaddr: '127.0.0.1': connection failed: connection to server at "127.0.0.1", port 5432 failed: FATAL:  password authentication failed for user "postgres"

The above exception was the direct cause of the following exception:
venv/lib/python3.12/site-packages/pytest_django/plugin.py:598: in _django_setup_unittest
    request.getfixturevalue("django_db_setup")
conftest.py:53: in django_db_setup
    tenant, _ = TenantModel.objects.get_or_create(
venv/lib/python3.12/site-packages/django/db/models/manager.py:87: in manager_method
    return getattr(self.get_queryset(), name)(*args, **kwargs)
           ^^^^^^^^^^^^^^^^^^^^^^^^^^^^^^^^^^^^^^^^^^^^^^^^^^^
venv/lib/python3.12/site-packages/django/db/models/query.py:987: in get_or_create
    return self.get(**kwargs), False
           ^^^^^^^^^^^^^^^^^^
venv/lib/python3.12/site-packages/django/db/models/query.py:635: in get
    num = len(clone)
          ^^^^^^^^^^
venv/lib/python3.12/site-packages/django/db/models/query.py:372: in __len__
    self._fetch_all()
venv/lib/python3.12/site-packages/django/db/models/query.py:2000: in _fetch_all
    self._result_cache = list(self._iterable_class(self))
                         ^^^^^^^^^^^^^^^^^^^^^^^^^^^^^^^^
venv/lib/python3.12/site-packages/django/db/models/query.py:95: in __iter__
    results = compiler.execute_sql(
venv/lib/python3.12/site-packages/django/db/models/sql/compiler.py:1622: in execute_sql
    cursor = self.connection.cursor()
             ^^^^^^^^^^^^^^^^^^^^^^^^
venv/lib/python3.12/site-packages/django/utils/asyncio.py:26: in inner
    return func(*args, **kwargs)
           ^^^^^^^^^^^^^^^^^^^^^
venv/lib/python3.12/site-packages/django/db/backends/base/base.py:320: in cursor
    return self._cursor()
           ^^^^^^^^^^^^^^
venv/lib/python3.12/site-packages/django_tenants/postgresql_backend/base.py:144: in _cursor
    cursor = super()._cursor()
             ^^^^^^^^^^^^^^^^^
venv/lib/python3.12/site-packages/django/db/backends/base/base.py:296: in _cursor
    self.ensure_connection()
venv/lib/python3.12/site-packages/django/utils/asyncio.py:26: in inner
    return func(*args, **kwargs)
           ^^^^^^^^^^^^^^^^^^^^^
venv/lib/python3.12/site-packages/django/db/backends/base/base.py:278: in ensure_connection
    with self.wrap_database_errors:
venv/lib/python3.12/site-packages/django/db/utils.py:94: in __exit__
    raise dj_exc_value.with_traceback(traceback) from exc_value
venv/lib/python3.12/site-packages/django/db/backends/base/base.py:279: in ensure_connection
    self.connect()
venv/lib/python3.12/site-packages/django/utils/asyncio.py:26: in inner
    return func(*args, **kwargs)
           ^^^^^^^^^^^^^^^^^^^^^
venv/lib/python3.12/site-packages/django/db/backends/base/base.py:256: in connect
    self.connection = self.get_new_connection(conn_params)
                      ^^^^^^^^^^^^^^^^^^^^^^^^^^^^^^^^^^^^
venv/lib/python3.12/site-packages/django/utils/asyncio.py:26: in inner
    return func(*args, **kwargs)
           ^^^^^^^^^^^^^^^^^^^^^
venv/lib/python3.12/site-packages/django/db/backends/postgresql/base.py:333: in get_new_connection
    connection = self.Database.connect(**conn_params)
                 ^^^^^^^^^^^^^^^^^^^^^^^^^^^^^^^^^^^^
venv/lib/python3.12/site-packages/psycopg/connection.py:130: in connect
    raise new_ex.with_traceback(None)
E   django.db.utils.OperationalError: connection failed: connection to server at "127.0.0.1", port 5432 failed: FATAL:  password authentication failed for user "postgres"
E   Multiple connection attempts failed. All failures were:
E   - host: 'localhost', port: 5432, hostaddr: '::1': connection failed: connection to server at "::1", port 5432 failed: FATAL:  password authentication failed for user "postgres"
E   - host: 'localhost', port: 5432, hostaddr: '127.0.0.1': connection failed: connection to server at "127.0.0.1", port 5432 failed: FATAL:  password authentication failed for user "postgres"</error></testcase><testcase classname="apps.monitoring.tests.test_models.HealthCheckViewTest" name="test_response_is_json" time="0.009"><error message="failed on setup with &quot;django.db.utils.OperationalError: connection failed: connection to server at &quot;127.0.0.1&quot;, port 5432 failed: FATAL:  password authentication failed for user &quot;postgres&quot;&#10;Multiple connection attempts failed. All failures were:&#10;- host: 'localhost', port: 5432, hostaddr: '::1': connection failed: connection to server at &quot;::1&quot;, port 5432 failed: FATAL:  password authentication failed for user &quot;postgres&quot;&#10;- host: 'localhost', port: 5432, hostaddr: '127.0.0.1': connection failed: connection to server at &quot;127.0.0.1&quot;, port 5432 failed: FATAL:  password authentication failed for user &quot;postgres&quot;&quot;">venv/lib/python3.12/site-packages/django/db/backends/base/base.py:279: in ensure_connection
    self.connect()
venv/lib/python3.12/site-packages/django/utils/asyncio.py:26: in inner
    return func(*args, **kwargs)
           ^^^^^^^^^^^^^^^^^^^^^
venv/lib/python3.12/site-packages/django/db/backends/base/base.py:256: in connect
    self.connection = self.get_new_connection(conn_params)
                      ^^^^^^^^^^^^^^^^^^^^^^^^^^^^^^^^^^^^
venv/lib/python3.12/site-packages/django/utils/asyncio.py:26: in inner
    return func(*args, **kwargs)
           ^^^^^^^^^^^^^^^^^^^^^
venv/lib/python3.12/site-packages/django/db/backends/postgresql/base.py:333: in get_new_connection
    connection = self.Database.connect(**conn_params)
                 ^^^^^^^^^^^^^^^^^^^^^^^^^^^^^^^^^^^^
venv/lib/python3.12/site-packages/psycopg/connection.py:130: in connect
    raise new_ex.with_traceback(None)
E   psycopg.OperationalError: connection failed: connection to server at "127.0.0.1", port 5432 failed: FATAL:  password authentication failed for user "postgres"
E   Multiple connection attempts failed. All failures were:
E   - host: 'localhost', port: 5432, hostaddr: '::1': connection failed: connection to server at "::1", port 5432 failed: FATAL:  password authentication failed for user "postgres"
E   - host: 'localhost', port: 5432, hostaddr: '127.0.0.1': connection failed: connection to server at "127.0.0.1", port 5432 failed: FATAL:  password authentication failed for user "postgres"

The above exception was the direct cause of the following exception:
venv/lib/python3.12/site-packages/pytest_django/plugin.py:598: in _django_setup_unittest
    request.getfixturevalue("django_db_setup")
conftest.py:53: in django_db_setup
    tenant, _ = TenantModel.objects.get_or_create(
venv/lib/python3.12/site-packages/django/db/models/manager.py:87: in manager_method
    return getattr(self.get_queryset(), name)(*args, **kwargs)
           ^^^^^^^^^^^^^^^^^^^^^^^^^^^^^^^^^^^^^^^^^^^^^^^^^^^
venv/lib/python3.12/site-packages/django/db/models/query.py:987: in get_or_create
    return self.get(**kwargs), False
           ^^^^^^^^^^^^^^^^^^
venv/lib/python3.12/site-packages/django/db/models/query.py:635: in get
    num = len(clone)
          ^^^^^^^^^^
venv/lib/python3.12/site-packages/django/db/models/query.py:372: in __len__
    self._fetch_all()
venv/lib/python3.12/site-packages/django/db/models/query.py:2000: in _fetch_all
    self._result_cache = list(self._iterable_class(self))
                         ^^^^^^^^^^^^^^^^^^^^^^^^^^^^^^^^
venv/lib/python3.12/site-packages/django/db/models/query.py:95: in __iter__
    results = compiler.execute_sql(
venv/lib/python3.12/site-packages/django/db/models/sql/compiler.py:1622: in execute_sql
    cursor = self.connection.cursor()
             ^^^^^^^^^^^^^^^^^^^^^^^^
venv/lib/python3.12/site-packages/django/utils/asyncio.py:26: in inner
    return func(*args, **kwargs)
           ^^^^^^^^^^^^^^^^^^^^^
venv/lib/python3.12/site-packages/django/db/backends/base/base.py:320: in cursor
    return self._cursor()
           ^^^^^^^^^^^^^^
venv/lib/python3.12/site-packages/django_tenants/postgresql_backend/base.py:144: in _cursor
    cursor = super()._cursor()
             ^^^^^^^^^^^^^^^^^
venv/lib/python3.12/site-packages/django/db/backends/base/base.py:296: in _cursor
    self.ensure_connection()
venv/lib/python3.12/site-packages/django/utils/asyncio.py:26: in inner
    return func(*args, **kwargs)
           ^^^^^^^^^^^^^^^^^^^^^
venv/lib/python3.12/site-packages/django/db/backends/base/base.py:278: in ensure_connection
    with self.wrap_database_errors:
venv/lib/python3.12/site-packages/django/db/utils.py:94: in __exit__
    raise dj_exc_value.with_traceback(traceback) from exc_value
venv/lib/python3.12/site-packages/django/db/backends/base/base.py:279: in ensure_connection
    self.connect()
venv/lib/python3.12/site-packages/django/utils/asyncio.py:26: in inner
    return func(*args, **kwargs)
           ^^^^^^^^^^^^^^^^^^^^^
venv/lib/python3.12/site-packages/django/db/backends/base/base.py:256: in connect
    self.connection = self.get_new_connection(conn_params)
                      ^^^^^^^^^^^^^^^^^^^^^^^^^^^^^^^^^^^^
venv/lib/python3.12/site-packages/django/utils/asyncio.py:26: in inner
    return func(*args, **kwargs)
           ^^^^^^^^^^^^^^^^^^^^^
venv/lib/python3.12/site-packages/django/db/backends/postgresql/base.py:333: in get_new_connection
    connection = self.Database.connect(**conn_params)
                 ^^^^^^^^^^^^^^^^^^^^^^^^^^^^^^^^^^^^
venv/lib/python3.12/site-packages/psycopg/connection.py:130: in connect
    raise new_ex.with_traceback(None)
E   django.db.utils.OperationalError: connection failed: connection to server at "127.0.0.1", port 5432 failed: FATAL:  password authentication failed for user "postgres"
E   Multiple connection attempts failed. All failures were:
E   - host: 'localhost', port: 5432, hostaddr: '::1': connection failed: connection to server at "::1", port 5432 failed: FATAL:  password authentication failed for user "postgres"
E   - host: 'localhost', port: 5432, hostaddr: '127.0.0.1': connection failed: connection to server at "127.0.0.1", port 5432 failed: FATAL:  password authentication failed for user "postgres"</error></testcase><testcase classname="apps.monitoring.tests.test_models.HealthCheckViewTest" name="test_version_value" time="0.005"><error message="failed on setup with &quot;django.db.utils.OperationalError: connection failed: connection to server at &quot;127.0.0.1&quot;, port 5432 failed: FATAL:  password authentication failed for user &quot;postgres&quot;&#10;Multiple connection attempts failed. All failures were:&#10;- host: 'localhost', port: 5432, hostaddr: '::1': connection failed: connection to server at &quot;::1&quot;, port 5432 failed: FATAL:  password authentication failed for user &quot;postgres&quot;&#10;- host: 'localhost', port: 5432, hostaddr: '127.0.0.1': connection failed: connection to server at &quot;127.0.0.1&quot;, port 5432 failed: FATAL:  password authentication failed for user &quot;postgres&quot;&quot;">venv/lib/python3.12/site-packages/django/db/backends/base/base.py:279: in ensure_connection
    self.connect()
venv/lib/python3.12/site-packages/django/utils/asyncio.py:26: in inner
    return func(*args, **kwargs)
           ^^^^^^^^^^^^^^^^^^^^^
venv/lib/python3.12/site-packages/django/db/backends/base/base.py:256: in connect
    self.connection = self.get_new_connection(conn_params)
                      ^^^^^^^^^^^^^^^^^^^^^^^^^^^^^^^^^^^^
venv/lib/python3.12/site-packages/django/utils/asyncio.py:26: in inner
    return func(*args, **kwargs)
           ^^^^^^^^^^^^^^^^^^^^^
venv/lib/python3.12/site-packages/django/db/backends/postgresql/base.py:333: in get_new_connection
    connection = self.Database.connect(**conn_params)
                 ^^^^^^^^^^^^^^^^^^^^^^^^^^^^^^^^^^^^
venv/lib/python3.12/site-packages/psycopg/connection.py:130: in connect
    raise new_ex.with_traceback(None)
E   psycopg.OperationalError: connection failed: connection to server at "127.0.0.1", port 5432 failed: FATAL:  password authentication failed for user "postgres"
E   Multiple connection attempts failed. All failures were:
E   - host: 'localhost', port: 5432, hostaddr: '::1': connection failed: connection to server at "::1", port 5432 failed: FATAL:  password authentication failed for user "postgres"
E   - host: 'localhost', port: 5432, hostaddr: '127.0.0.1': connection failed: connection to server at "127.0.0.1", port 5432 failed: FATAL:  password authentication failed for user "postgres"

The above exception was the direct cause of the following exception:
venv/lib/python3.12/site-packages/pytest_django/plugin.py:598: in _django_setup_unittest
    request.getfixturevalue("django_db_setup")
conftest.py:53: in django_db_setup
    tenant, _ = TenantModel.objects.get_or_create(
venv/lib/python3.12/site-packages/django/db/models/manager.py:87: in manager_method
    return getattr(self.get_queryset(), name)(*args, **kwargs)
           ^^^^^^^^^^^^^^^^^^^^^^^^^^^^^^^^^^^^^^^^^^^^^^^^^^^
venv/lib/python3.12/site-packages/django/db/models/query.py:987: in get_or_create
    return self.get(**kwargs), False
           ^^^^^^^^^^^^^^^^^^
venv/lib/python3.12/site-packages/django/db/models/query.py:635: in get
    num = len(clone)
          ^^^^^^^^^^
venv/lib/python3.12/site-packages/django/db/models/query.py:372: in __len__
    self._fetch_all()
venv/lib/python3.12/site-packages/django/db/models/query.py:2000: in _fetch_all
    self._result_cache = list(self._iterable_class(self))
                         ^^^^^^^^^^^^^^^^^^^^^^^^^^^^^^^^
venv/lib/python3.12/site-packages/django/db/models/query.py:95: in __iter__
    results = compiler.execute_sql(
venv/lib/python3.12/site-packages/django/db/models/sql/compiler.py:1622: in execute_sql
    cursor = self.connection.cursor()
             ^^^^^^^^^^^^^^^^^^^^^^^^
venv/lib/python3.12/site-packages/django/utils/asyncio.py:26: in inner
    return func(*args, **kwargs)
           ^^^^^^^^^^^^^^^^^^^^^
venv/lib/python3.12/site-packages/django/db/backends/base/base.py:320: in cursor
    return self._cursor()
           ^^^^^^^^^^^^^^
venv/lib/python3.12/site-packages/django_tenants/postgresql_backend/base.py:144: in _cursor
    cursor = super()._cursor()
             ^^^^^^^^^^^^^^^^^
venv/lib/python3.12/site-packages/django/db/backends/base/base.py:296: in _cursor
    self.ensure_connection()
venv/lib/python3.12/site-packages/django/utils/asyncio.py:26: in inner
    return func(*args, **kwargs)
           ^^^^^^^^^^^^^^^^^^^^^
venv/lib/python3.12/site-packages/django/db/backends/base/base.py:278: in ensure_connection
    with self.wrap_database_errors:
venv/lib/python3.12/site-packages/django/db/utils.py:94: in __exit__
    raise dj_exc_value.with_traceback(traceback) from exc_value
venv/lib/python3.12/site-packages/django/db/backends/base/base.py:279: in ensure_connection
    self.connect()
venv/lib/python3.12/site-packages/django/utils/asyncio.py:26: in inner
    return func(*args, **kwargs)
           ^^^^^^^^^^^^^^^^^^^^^
venv/lib/python3.12/site-packages/django/db/backends/base/base.py:256: in connect
    self.connection = self.get_new_connection(conn_params)
                      ^^^^^^^^^^^^^^^^^^^^^^^^^^^^^^^^^^^^
venv/lib/python3.12/site-packages/django/utils/asyncio.py:26: in inner
    return func(*args, **kwargs)
           ^^^^^^^^^^^^^^^^^^^^^
venv/lib/python3.12/site-packages/django/db/backends/postgresql/base.py:333: in get_new_connection
    connection = self.Database.connect(**conn_params)
                 ^^^^^^^^^^^^^^^^^^^^^^^^^^^^^^^^^^^^
venv/lib/python3.12/site-packages/psycopg/connection.py:130: in connect
    raise new_ex.with_traceback(None)
E   django.db.utils.OperationalError: connection failed: connection to server at "127.0.0.1", port 5432 failed: FATAL:  password authentication failed for user "postgres"
E   Multiple connection attempts failed. All failures were:
E   - host: 'localhost', port: 5432, hostaddr: '::1': connection failed: connection to server at "::1", port 5432 failed: FATAL:  password authentication failed for user "postgres"
E   - host: 'localhost', port: 5432, hostaddr: '127.0.0.1': connection failed: connection to server at "127.0.0.1", port 5432 failed: FATAL:  password authentication failed for user "postgres"</error></testcase><testcase classname="apps.monitoring.tests.test_models.PingViewTest" name="test_ping_response_json" time="0.006"><error message="failed on setup with &quot;django.db.utils.OperationalError: connection failed: connection to server at &quot;127.0.0.1&quot;, port 5432 failed: FATAL:  password authentication failed for user &quot;postgres&quot;&#10;Multiple connection attempts failed. All failures were:&#10;- host: 'localhost', port: 5432, hostaddr: '::1': connection failed: connection to server at &quot;::1&quot;, port 5432 failed: FATAL:  password authentication failed for user &quot;postgres&quot;&#10;- host: 'localhost', port: 5432, hostaddr: '127.0.0.1': connection failed: connection to server at &quot;127.0.0.1&quot;, port 5432 failed: FATAL:  password authentication failed for user &quot;postgres&quot;&quot;">venv/lib/python3.12/site-packages/django/db/backends/base/base.py:279: in ensure_connection
    self.connect()
venv/lib/python3.12/site-packages/django/utils/asyncio.py:26: in inner
    return func(*args, **kwargs)
           ^^^^^^^^^^^^^^^^^^^^^
venv/lib/python3.12/site-packages/django/db/backends/base/base.py:256: in connect
    self.connection = self.get_new_connection(conn_params)
                      ^^^^^^^^^^^^^^^^^^^^^^^^^^^^^^^^^^^^
venv/lib/python3.12/site-packages/django/utils/asyncio.py:26: in inner
    return func(*args, **kwargs)
           ^^^^^^^^^^^^^^^^^^^^^
venv/lib/python3.12/site-packages/django/db/backends/postgresql/base.py:333: in get_new_connection
    connection = self.Database.connect(**conn_params)
                 ^^^^^^^^^^^^^^^^^^^^^^^^^^^^^^^^^^^^
venv/lib/python3.12/site-packages/psycopg/connection.py:130: in connect
    raise new_ex.with_traceback(None)
E   psycopg.OperationalError: connection failed: connection to server at "127.0.0.1", port 5432 failed: FATAL:  password authentication failed for user "postgres"
E   Multiple connection attempts failed. All failures were:
E   - host: 'localhost', port: 5432, hostaddr: '::1': connection failed: connection to server at "::1", port 5432 failed: FATAL:  password authentication failed for user "postgres"
E   - host: 'localhost', port: 5432, hostaddr: '127.0.0.1': connection failed: connection to server at "127.0.0.1", port 5432 failed: FATAL:  password authentication failed for user "postgres"

The above exception was the direct cause of the following exception:
venv/lib/python3.12/site-packages/pytest_asyncio/plugin.py:728: in pytest_fixture_setup
    return (yield)
            ^^^^^
venv/lib/python3.12/site-packages/pytest_django/plugin.py:598: in _django_setup_unittest
    request.getfixturevalue("django_db_setup")
conftest.py:53: in django_db_setup
    tenant, _ = TenantModel.objects.get_or_create(
venv/lib/python3.12/site-packages/django/db/models/manager.py:87: in manager_method
    return getattr(self.get_queryset(), name)(*args, **kwargs)
           ^^^^^^^^^^^^^^^^^^^^^^^^^^^^^^^^^^^^^^^^^^^^^^^^^^^
venv/lib/python3.12/site-packages/django/db/models/query.py:987: in get_or_create
    return self.get(**kwargs), False
           ^^^^^^^^^^^^^^^^^^
venv/lib/python3.12/site-packages/django/db/models/query.py:635: in get
    num = len(clone)
          ^^^^^^^^^^
venv/lib/python3.12/site-packages/django/db/models/query.py:372: in __len__
    self._fetch_all()
venv/lib/python3.12/site-packages/django/db/models/query.py:2000: in _fetch_all
    self._result_cache = list(self._iterable_class(self))
                         ^^^^^^^^^^^^^^^^^^^^^^^^^^^^^^^^
venv/lib/python3.12/site-packages/django/db/models/query.py:95: in __iter__
    results = compiler.execute_sql(
venv/lib/python3.12/site-packages/django/db/models/sql/compiler.py:1622: in execute_sql
    cursor = self.connection.cursor()
             ^^^^^^^^^^^^^^^^^^^^^^^^
venv/lib/python3.12/site-packages/django/utils/asyncio.py:26: in inner
    return func(*args, **kwargs)
           ^^^^^^^^^^^^^^^^^^^^^
venv/lib/python3.12/site-packages/django/db/backends/base/base.py:320: in cursor
    return self._cursor()
           ^^^^^^^^^^^^^^
venv/lib/python3.12/site-packages/django_tenants/postgresql_backend/base.py:144: in _cursor
    cursor = super()._cursor()
             ^^^^^^^^^^^^^^^^^
venv/lib/python3.12/site-packages/django/db/backends/base/base.py:296: in _cursor
    self.ensure_connection()
venv/lib/python3.12/site-packages/django/utils/asyncio.py:26: in inner
    return func(*args, **kwargs)
           ^^^^^^^^^^^^^^^^^^^^^
venv/lib/python3.12/site-packages/django/db/backends/base/base.py:278: in ensure_connection
    with self.wrap_database_errors:
venv/lib/python3.12/site-packages/django/db/utils.py:94: in __exit__
    raise dj_exc_value.with_traceback(traceback) from exc_value
venv/lib/python3.12/site-packages/django/db/backends/base/base.py:279: in ensure_connection
    self.connect()
venv/lib/python3.12/site-packages/django/utils/asyncio.py:26: in inner
    return func(*args, **kwargs)
           ^^^^^^^^^^^^^^^^^^^^^
venv/lib/python3.12/site-packages/django/db/backends/base/base.py:256: in connect
    self.connection = self.get_new_connection(conn_params)
                      ^^^^^^^^^^^^^^^^^^^^^^^^^^^^^^^^^^^^
venv/lib/python3.12/site-packages/django/utils/asyncio.py:26: in inner
    return func(*args, **kwargs)
           ^^^^^^^^^^^^^^^^^^^^^
venv/lib/python3.12/site-packages/django/db/backends/postgresql/base.py:333: in get_new_connection
    connection = self.Database.connect(**conn_params)
                 ^^^^^^^^^^^^^^^^^^^^^^^^^^^^^^^^^^^^
venv/lib/python3.12/site-packages/psycopg/connection.py:130: in connect
    raise new_ex.with_traceback(None)
E   django.db.utils.OperationalError: connection failed: connection to server at "127.0.0.1", port 5432 failed: FATAL:  password authentication failed for user "postgres"
E   Multiple connection attempts failed. All failures were:
E   - host: 'localhost', port: 5432, hostaddr: '::1': connection failed: connection to server at "::1", port 5432 failed: FATAL:  password authentication failed for user "postgres"
E   - host: 'localhost', port: 5432, hostaddr: '127.0.0.1': connection failed: connection to server at "127.0.0.1", port 5432 failed: FATAL:  password authentication failed for user "postgres"</error></testcase><testcase classname="apps.monitoring.tests.test_models.PingViewTest" name="test_ping_returns_200" time="0.007"><error message="failed on setup with &quot;django.db.utils.OperationalError: connection failed: connection to server at &quot;127.0.0.1&quot;, port 5432 failed: FATAL:  password authentication failed for user &quot;postgres&quot;&#10;Multiple connection attempts failed. All failures were:&#10;- host: 'localhost', port: 5432, hostaddr: '::1': connection failed: connection to server at &quot;::1&quot;, port 5432 failed: FATAL:  password authentication failed for user &quot;postgres&quot;&#10;- host: 'localhost', port: 5432, hostaddr: '127.0.0.1': connection failed: connection to server at &quot;127.0.0.1&quot;, port 5432 failed: FATAL:  password authentication failed for user &quot;postgres&quot;&quot;">venv/lib/python3.12/site-packages/django/db/backends/base/base.py:279: in ensure_connection
    self.connect()
venv/lib/python3.12/site-packages/django/utils/asyncio.py:26: in inner
    return func(*args, **kwargs)
           ^^^^^^^^^^^^^^^^^^^^^
venv/lib/python3.12/site-packages/django/db/backends/base/base.py:256: in connect
    self.connection = self.get_new_connection(conn_params)
                      ^^^^^^^^^^^^^^^^^^^^^^^^^^^^^^^^^^^^
venv/lib/python3.12/site-packages/django/utils/asyncio.py:26: in inner
    return func(*args, **kwargs)
           ^^^^^^^^^^^^^^^^^^^^^
venv/lib/python3.12/site-packages/django/db/backends/postgresql/base.py:333: in get_new_connection
    connection = self.Database.connect(**conn_params)
                 ^^^^^^^^^^^^^^^^^^^^^^^^^^^^^^^^^^^^
venv/lib/python3.12/site-packages/psycopg/connection.py:130: in connect
    raise new_ex.with_traceback(None)
E   psycopg.OperationalError: connection failed: connection to server at "127.0.0.1", port 5432 failed: FATAL:  password authentication failed for user "postgres"
E   Multiple connection attempts failed. All failures were:
E   - host: 'localhost', port: 5432, hostaddr: '::1': connection failed: connection to server at "::1", port 5432 failed: FATAL:  password authentication failed for user "postgres"
E   - host: 'localhost', port: 5432, hostaddr: '127.0.0.1': connection failed: connection to server at "127.0.0.1", port 5432 failed: FATAL:  password authentication failed for user "postgres"

The above exception was the direct cause of the following exception:
venv/lib/python3.12/site-packages/pytest_django/plugin.py:598: in _django_setup_unittest
    request.getfixturevalue("django_db_setup")
conftest.py:53: in django_db_setup
    tenant, _ = TenantModel.objects.get_or_create(
venv/lib/python3.12/site-packages/django/db/models/manager.py:87: in manager_method
    return getattr(self.get_queryset(), name)(*args, **kwargs)
           ^^^^^^^^^^^^^^^^^^^^^^^^^^^^^^^^^^^^^^^^^^^^^^^^^^^
venv/lib/python3.12/site-packages/django/db/models/query.py:987: in get_or_create
    return self.get(**kwargs), False
           ^^^^^^^^^^^^^^^^^^
venv/lib/python3.12/site-packages/django/db/models/query.py:635: in get
    num = len(clone)
          ^^^^^^^^^^
venv/lib/python3.12/site-packages/django/db/models/query.py:372: in __len__
    self._fetch_all()
venv/lib/python3.12/site-packages/django/db/models/query.py:2000: in _fetch_all
    self._result_cache = list(self._iterable_class(self))
                         ^^^^^^^^^^^^^^^^^^^^^^^^^^^^^^^^
venv/lib/python3.12/site-packages/django/db/models/query.py:95: in __iter__
    results = compiler.execute_sql(
venv/lib/python3.12/site-packages/django/db/models/sql/compiler.py:1622: in execute_sql
    cursor = self.connection.cursor()
             ^^^^^^^^^^^^^^^^^^^^^^^^
venv/lib/python3.12/site-packages/django/utils/asyncio.py:26: in inner
    return func(*args, **kwargs)
           ^^^^^^^^^^^^^^^^^^^^^
venv/lib/python3.12/site-packages/django/db/backends/base/base.py:320: in cursor
    return self._cursor()
           ^^^^^^^^^^^^^^
venv/lib/python3.12/site-packages/django_tenants/postgresql_backend/base.py:144: in _cursor
    cursor = super()._cursor()
             ^^^^^^^^^^^^^^^^^
venv/lib/python3.12/site-packages/django/db/backends/base/base.py:296: in _cursor
    self.ensure_connection()
venv/lib/python3.12/site-packages/django/utils/asyncio.py:26: in inner
    return func(*args, **kwargs)
           ^^^^^^^^^^^^^^^^^^^^^
venv/lib/python3.12/site-packages/django/db/backends/base/base.py:278: in ensure_connection
    with self.wrap_database_errors:
venv/lib/python3.12/site-packages/django/db/utils.py:94: in __exit__
    raise dj_exc_value.with_traceback(traceback) from exc_value
venv/lib/python3.12/site-packages/django/db/backends/base/base.py:279: in ensure_connection
    self.connect()
venv/lib/python3.12/site-packages/django/utils/asyncio.py:26: in inner
    return func(*args, **kwargs)
           ^^^^^^^^^^^^^^^^^^^^^
venv/lib/python3.12/site-packages/django/db/backends/base/base.py:256: in connect
    self.connection = self.get_new_connection(conn_params)
                      ^^^^^^^^^^^^^^^^^^^^^^^^^^^^^^^^^^^^
venv/lib/python3.12/site-packages/django/utils/asyncio.py:26: in inner
    return func(*args, **kwargs)
           ^^^^^^^^^^^^^^^^^^^^^
venv/lib/python3.12/site-packages/django/db/backends/postgresql/base.py:333: in get_new_connection
    connection = self.Database.connect(**conn_params)
                 ^^^^^^^^^^^^^^^^^^^^^^^^^^^^^^^^^^^^
venv/lib/python3.12/site-packages/psycopg/connection.py:130: in connect
    raise new_ex.with_traceback(None)
E   django.db.utils.OperationalError: connection failed: connection to server at "127.0.0.1", port 5432 failed: FATAL:  password authentication failed for user "postgres"
E   Multiple connection attempts failed. All failures were:
E   - host: 'localhost', port: 5432, hostaddr: '::1': connection failed: connection to server at "::1", port 5432 failed: FATAL:  password authentication failed for user "postgres"
E   - host: 'localhost', port: 5432, hostaddr: '127.0.0.1': connection failed: connection to server at "127.0.0.1", port 5432 failed: FATAL:  password authentication failed for user "postgres"</error></testcase><testcase classname="apps.monitoring.tests.test_models.PingViewTest" name="test_ping_status_ok" time="0.005"><error message="failed on setup with &quot;django.db.utils.OperationalError: connection failed: connection to server at &quot;127.0.0.1&quot;, port 5432 failed: FATAL:  password authentication failed for user &quot;postgres&quot;&#10;Multiple connection attempts failed. All failures were:&#10;- host: 'localhost', port: 5432, hostaddr: '::1': connection failed: connection to server at &quot;::1&quot;, port 5432 failed: FATAL:  password authentication failed for user &quot;postgres&quot;&#10;- host: 'localhost', port: 5432, hostaddr: '127.0.0.1': connection failed: connection to server at &quot;127.0.0.1&quot;, port 5432 failed: FATAL:  password authentication failed for user &quot;postgres&quot;&quot;">venv/lib/python3.12/site-packages/django/db/backends/base/base.py:279: in ensure_connection
    self.connect()
venv/lib/python3.12/site-packages/django/utils/asyncio.py:26: in inner
    return func(*args, **kwargs)
           ^^^^^^^^^^^^^^^^^^^^^
venv/lib/python3.12/site-packages/django/db/backends/base/base.py:256: in connect
    self.connection = self.get_new_connection(conn_params)
                      ^^^^^^^^^^^^^^^^^^^^^^^^^^^^^^^^^^^^
venv/lib/python3.12/site-packages/django/utils/asyncio.py:26: in inner
    return func(*args, **kwargs)
           ^^^^^^^^^^^^^^^^^^^^^
venv/lib/python3.12/site-packages/django/db/backends/postgresql/base.py:333: in get_new_connection
    connection = self.Database.connect(**conn_params)
                 ^^^^^^^^^^^^^^^^^^^^^^^^^^^^^^^^^^^^
venv/lib/python3.12/site-packages/psycopg/connection.py:130: in connect
    raise new_ex.with_traceback(None)
E   psycopg.OperationalError: connection failed: connection to server at "127.0.0.1", port 5432 failed: FATAL:  password authentication failed for user "postgres"
E   Multiple connection attempts failed. All failures were:
E   - host: 'localhost', port: 5432, hostaddr: '::1': connection failed: connection to server at "::1", port 5432 failed: FATAL:  password authentication failed for user "postgres"
E   - host: 'localhost', port: 5432, hostaddr: '127.0.0.1': connection failed: connection to server at "127.0.0.1", port 5432 failed: FATAL:  password authentication failed for user "postgres"

The above exception was the direct cause of the following exception:
venv/lib/python3.12/site-packages/pytest_django/plugin.py:598: in _django_setup_unittest
    request.getfixturevalue("django_db_setup")
conftest.py:53: in django_db_setup
    tenant, _ = TenantModel.objects.get_or_create(
venv/lib/python3.12/site-packages/django/db/models/manager.py:87: in manager_method
    return getattr(self.get_queryset(), name)(*args, **kwargs)
           ^^^^^^^^^^^^^^^^^^^^^^^^^^^^^^^^^^^^^^^^^^^^^^^^^^^
venv/lib/python3.12/site-packages/django/db/models/query.py:987: in get_or_create
    return self.get(**kwargs), False
           ^^^^^^^^^^^^^^^^^^
venv/lib/python3.12/site-packages/django/db/models/query.py:635: in get
    num = len(clone)
          ^^^^^^^^^^
venv/lib/python3.12/site-packages/django/db/models/query.py:372: in __len__
    self._fetch_all()
venv/lib/python3.12/site-packages/django/db/models/query.py:2000: in _fetch_all
    self._result_cache = list(self._iterable_class(self))
                         ^^^^^^^^^^^^^^^^^^^^^^^^^^^^^^^^
venv/lib/python3.12/site-packages/django/db/models/query.py:95: in __iter__
    results = compiler.execute_sql(
venv/lib/python3.12/site-packages/django/db/models/sql/compiler.py:1622: in execute_sql
    cursor = self.connection.cursor()
             ^^^^^^^^^^^^^^^^^^^^^^^^
venv/lib/python3.12/site-packages/django/utils/asyncio.py:26: in inner
    return func(*args, **kwargs)
           ^^^^^^^^^^^^^^^^^^^^^
venv/lib/python3.12/site-packages/django/db/backends/base/base.py:320: in cursor
    return self._cursor()
           ^^^^^^^^^^^^^^
venv/lib/python3.12/site-packages/django_tenants/postgresql_backend/base.py:144: in _cursor
    cursor = super()._cursor()
             ^^^^^^^^^^^^^^^^^
venv/lib/python3.12/site-packages/django/db/backends/base/base.py:296: in _cursor
    self.ensure_connection()
venv/lib/python3.12/site-packages/django/utils/asyncio.py:26: in inner
    return func(*args, **kwargs)
           ^^^^^^^^^^^^^^^^^^^^^
venv/lib/python3.12/site-packages/django/db/backends/base/base.py:278: in ensure_connection
    with self.wrap_database_errors:
venv/lib/python3.12/site-packages/django/db/utils.py:94: in __exit__
    raise dj_exc_value.with_traceback(traceback) from exc_value
venv/lib/python3.12/site-packages/django/db/backends/base/base.py:279: in ensure_connection
    self.connect()
venv/lib/python3.12/site-packages/django/utils/asyncio.py:26: in inner
    return func(*args, **kwargs)
           ^^^^^^^^^^^^^^^^^^^^^
venv/lib/python3.12/site-packages/django/db/backends/base/base.py:256: in connect
    self.connection = self.get_new_connection(conn_params)
                      ^^^^^^^^^^^^^^^^^^^^^^^^^^^^^^^^^^^^
venv/lib/python3.12/site-packages/django/utils/asyncio.py:26: in inner
    return func(*args, **kwargs)
           ^^^^^^^^^^^^^^^^^^^^^
venv/lib/python3.12/site-packages/django/db/backends/postgresql/base.py:333: in get_new_connection
    connection = self.Database.connect(**conn_params)
                 ^^^^^^^^^^^^^^^^^^^^^^^^^^^^^^^^^^^^
venv/lib/python3.12/site-packages/psycopg/connection.py:130: in connect
    raise new_ex.with_traceback(None)
E   django.db.utils.OperationalError: connection failed: connection to server at "127.0.0.1", port 5432 failed: FATAL:  password authentication failed for user "postgres"
E   Multiple connection attempts failed. All failures were:
E   - host: 'localhost', port: 5432, hostaddr: '::1': connection failed: connection to server at "::1", port 5432 failed: FATAL:  password authentication failed for user "postgres"
E   - host: 'localhost', port: 5432, hostaddr: '127.0.0.1': connection failed: connection to server at "127.0.0.1", port 5432 failed: FATAL:  password authentication failed for user "postgres"</error></testcase><testcase classname="apps.monitoring.tests.test_models.PingViewTest" name="test_ping_works_even_when_db_is_down" time="0.005"><error message="failed on setup with &quot;django.db.utils.OperationalError: connection failed: connection to server at &quot;127.0.0.1&quot;, port 5432 failed: FATAL:  password authentication failed for user &quot;postgres&quot;&#10;Multiple connection attempts failed. All failures were:&#10;- host: 'localhost', port: 5432, hostaddr: '::1': connection failed: connection to server at &quot;::1&quot;, port 5432 failed: FATAL:  password authentication failed for user &quot;postgres&quot;&#10;- host: 'localhost', port: 5432, hostaddr: '127.0.0.1': connection failed: connection to server at &quot;127.0.0.1&quot;, port 5432 failed: FATAL:  password authentication failed for user &quot;postgres&quot;&quot;">venv/lib/python3.12/site-packages/django/db/backends/base/base.py:279: in ensure_connection
    self.connect()
venv/lib/python3.12/site-packages/django/utils/asyncio.py:26: in inner
    return func(*args, **kwargs)
           ^^^^^^^^^^^^^^^^^^^^^
venv/lib/python3.12/site-packages/django/db/backends/base/base.py:256: in connect
    self.connection = self.get_new_connection(conn_params)
                      ^^^^^^^^^^^^^^^^^^^^^^^^^^^^^^^^^^^^
venv/lib/python3.12/site-packages/django/utils/asyncio.py:26: in inner
    return func(*args, **kwargs)
           ^^^^^^^^^^^^^^^^^^^^^
venv/lib/python3.12/site-packages/django/db/backends/postgresql/base.py:333: in get_new_connection
    connection = self.Database.connect(**conn_params)
                 ^^^^^^^^^^^^^^^^^^^^^^^^^^^^^^^^^^^^
venv/lib/python3.12/site-packages/psycopg/connection.py:130: in connect
    raise new_ex.with_traceback(None)
E   psycopg.OperationalError: connection failed: connection to server at "127.0.0.1", port 5432 failed: FATAL:  password authentication failed for user "postgres"
E   Multiple connection attempts failed. All failures were:
E   - host: 'localhost', port: 5432, hostaddr: '::1': connection failed: connection to server at "::1", port 5432 failed: FATAL:  password authentication failed for user "postgres"
E   - host: 'localhost', port: 5432, hostaddr: '127.0.0.1': connection failed: connection to server at "127.0.0.1", port 5432 failed: FATAL:  password authentication failed for user "postgres"

The above exception was the direct cause of the following exception:
venv/lib/python3.12/site-packages/pytest_django/plugin.py:598: in _django_setup_unittest
    request.getfixturevalue("django_db_setup")
conftest.py:53: in django_db_setup
    tenant, _ = TenantModel.objects.get_or_create(
venv/lib/python3.12/site-packages/django/db/models/manager.py:87: in manager_method
    return getattr(self.get_queryset(), name)(*args, **kwargs)
           ^^^^^^^^^^^^^^^^^^^^^^^^^^^^^^^^^^^^^^^^^^^^^^^^^^^
venv/lib/python3.12/site-packages/django/db/models/query.py:987: in get_or_create
    return self.get(**kwargs), False
           ^^^^^^^^^^^^^^^^^^
venv/lib/python3.12/site-packages/django/db/models/query.py:635: in get
    num = len(clone)
          ^^^^^^^^^^
venv/lib/python3.12/site-packages/django/db/models/query.py:372: in __len__
    self._fetch_all()
venv/lib/python3.12/site-packages/django/db/models/query.py:2000: in _fetch_all
    self._result_cache = list(self._iterable_class(self))
                         ^^^^^^^^^^^^^^^^^^^^^^^^^^^^^^^^
venv/lib/python3.12/site-packages/django/db/models/query.py:95: in __iter__
    results = compiler.execute_sql(
venv/lib/python3.12/site-packages/django/db/models/sql/compiler.py:1622: in execute_sql
    cursor = self.connection.cursor()
             ^^^^^^^^^^^^^^^^^^^^^^^^
venv/lib/python3.12/site-packages/django/utils/asyncio.py:26: in inner
    return func(*args, **kwargs)
           ^^^^^^^^^^^^^^^^^^^^^
venv/lib/python3.12/site-packages/django/db/backends/base/base.py:320: in cursor
    return self._cursor()
           ^^^^^^^^^^^^^^
venv/lib/python3.12/site-packages/django_tenants/postgresql_backend/base.py:144: in _cursor
    cursor = super()._cursor()
             ^^^^^^^^^^^^^^^^^
venv/lib/python3.12/site-packages/django/db/backends/base/base.py:296: in _cursor
    self.ensure_connection()
venv/lib/python3.12/site-packages/django/utils/asyncio.py:26: in inner
    return func(*args, **kwargs)
           ^^^^^^^^^^^^^^^^^^^^^
venv/lib/python3.12/site-packages/django/db/backends/base/base.py:278: in ensure_connection
    with self.wrap_database_errors:
venv/lib/python3.12/site-packages/django/db/utils.py:94: in __exit__
    raise dj_exc_value.with_traceback(traceback) from exc_value
venv/lib/python3.12/site-packages/django/db/backends/base/base.py:279: in ensure_connection
    self.connect()
venv/lib/python3.12/site-packages/django/utils/asyncio.py:26: in inner
    return func(*args, **kwargs)
           ^^^^^^^^^^^^^^^^^^^^^
venv/lib/python3.12/site-packages/django/db/backends/base/base.py:256: in connect
    self.connection = self.get_new_connection(conn_params)
                      ^^^^^^^^^^^^^^^^^^^^^^^^^^^^^^^^^^^^
venv/lib/python3.12/site-packages/django/utils/asyncio.py:26: in inner
    return func(*args, **kwargs)
           ^^^^^^^^^^^^^^^^^^^^^
venv/lib/python3.12/site-packages/django/db/backends/postgresql/base.py:333: in get_new_connection
    connection = self.Database.connect(**conn_params)
                 ^^^^^^^^^^^^^^^^^^^^^^^^^^^^^^^^^^^^
venv/lib/python3.12/site-packages/psycopg/connection.py:130: in connect
    raise new_ex.with_traceback(None)
E   django.db.utils.OperationalError: connection failed: connection to server at "127.0.0.1", port 5432 failed: FATAL:  password authentication failed for user "postgres"
E   Multiple connection attempts failed. All failures were:
E   - host: 'localhost', port: 5432, hostaddr: '::1': connection failed: connection to server at "::1", port 5432 failed: FATAL:  password authentication failed for user "postgres"
E   - host: 'localhost', port: 5432, hostaddr: '127.0.0.1': connection failed: connection to server at "127.0.0.1", port 5432 failed: FATAL:  password authentication failed for user "postgres"</error></testcase><testcase classname="apps.monitoring.tests.test_models.DbMetricsViewTest" name="test_db_metrics_failure_payload" time="0.005"><error message="failed on setup with &quot;django.db.utils.OperationalError: connection failed: connection to server at &quot;127.0.0.1&quot;, port 5432 failed: FATAL:  password authentication failed for user &quot;postgres&quot;&#10;Multiple connection attempts failed. All failures were:&#10;- host: 'localhost', port: 5432, hostaddr: '::1': connection failed: connection to server at &quot;::1&quot;, port 5432 failed: FATAL:  password authentication failed for user &quot;postgres&quot;&#10;- host: 'localhost', port: 5432, hostaddr: '127.0.0.1': connection failed: connection to server at &quot;127.0.0.1&quot;, port 5432 failed: FATAL:  password authentication failed for user &quot;postgres&quot;&quot;">venv/lib/python3.12/site-packages/django/db/backends/base/base.py:279: in ensure_connection
    self.connect()
venv/lib/python3.12/site-packages/django/utils/asyncio.py:26: in inner
    return func(*args, **kwargs)
           ^^^^^^^^^^^^^^^^^^^^^
venv/lib/python3.12/site-packages/django/db/backends/base/base.py:256: in connect
    self.connection = self.get_new_connection(conn_params)
                      ^^^^^^^^^^^^^^^^^^^^^^^^^^^^^^^^^^^^
venv/lib/python3.12/site-packages/django/utils/asyncio.py:26: in inner
    return func(*args, **kwargs)
           ^^^^^^^^^^^^^^^^^^^^^
venv/lib/python3.12/site-packages/django/db/backends/postgresql/base.py:333: in get_new_connection
    connection = self.Database.connect(**conn_params)
                 ^^^^^^^^^^^^^^^^^^^^^^^^^^^^^^^^^^^^
venv/lib/python3.12/site-packages/psycopg/connection.py:130: in connect
    raise new_ex.with_traceback(None)
E   psycopg.OperationalError: connection failed: connection to server at "127.0.0.1", port 5432 failed: FATAL:  password authentication failed for user "postgres"
E   Multiple connection attempts failed. All failures were:
E   - host: 'localhost', port: 5432, hostaddr: '::1': connection failed: connection to server at "::1", port 5432 failed: FATAL:  password authentication failed for user "postgres"
E   - host: 'localhost', port: 5432, hostaddr: '127.0.0.1': connection failed: connection to server at "127.0.0.1", port 5432 failed: FATAL:  password authentication failed for user "postgres"

The above exception was the direct cause of the following exception:
venv/lib/python3.12/site-packages/pytest_asyncio/plugin.py:728: in pytest_fixture_setup
    return (yield)
            ^^^^^
venv/lib/python3.12/site-packages/pytest_django/plugin.py:598: in _django_setup_unittest
    request.getfixturevalue("django_db_setup")
conftest.py:53: in django_db_setup
    tenant, _ = TenantModel.objects.get_or_create(
venv/lib/python3.12/site-packages/django/db/models/manager.py:87: in manager_method
    return getattr(self.get_queryset(), name)(*args, **kwargs)
           ^^^^^^^^^^^^^^^^^^^^^^^^^^^^^^^^^^^^^^^^^^^^^^^^^^^
venv/lib/python3.12/site-packages/django/db/models/query.py:987: in get_or_create
    return self.get(**kwargs), False
           ^^^^^^^^^^^^^^^^^^
venv/lib/python3.12/site-packages/django/db/models/query.py:635: in get
    num = len(clone)
          ^^^^^^^^^^
venv/lib/python3.12/site-packages/django/db/models/query.py:372: in __len__
    self._fetch_all()
venv/lib/python3.12/site-packages/django/db/models/query.py:2000: in _fetch_all
    self._result_cache = list(self._iterable_class(self))
                         ^^^^^^^^^^^^^^^^^^^^^^^^^^^^^^^^
venv/lib/python3.12/site-packages/django/db/models/query.py:95: in __iter__
    results = compiler.execute_sql(
venv/lib/python3.12/site-packages/django/db/models/sql/compiler.py:1622: in execute_sql
    cursor = self.connection.cursor()
             ^^^^^^^^^^^^^^^^^^^^^^^^
venv/lib/python3.12/site-packages/django/utils/asyncio.py:26: in inner
    return func(*args, **kwargs)
           ^^^^^^^^^^^^^^^^^^^^^
venv/lib/python3.12/site-packages/django/db/backends/base/base.py:320: in cursor
    return self._cursor()
           ^^^^^^^^^^^^^^
venv/lib/python3.12/site-packages/django_tenants/postgresql_backend/base.py:144: in _cursor
    cursor = super()._cursor()
             ^^^^^^^^^^^^^^^^^
venv/lib/python3.12/site-packages/django/db/backends/base/base.py:296: in _cursor
    self.ensure_connection()
venv/lib/python3.12/site-packages/django/utils/asyncio.py:26: in inner
    return func(*args, **kwargs)
           ^^^^^^^^^^^^^^^^^^^^^
venv/lib/python3.12/site-packages/django/db/backends/base/base.py:278: in ensure_connection
    with self.wrap_database_errors:
venv/lib/python3.12/site-packages/django/db/utils.py:94: in __exit__
    raise dj_exc_value.with_traceback(traceback) from exc_value
venv/lib/python3.12/site-packages/django/db/backends/base/base.py:279: in ensure_connection
    self.connect()
venv/lib/python3.12/site-packages/django/utils/asyncio.py:26: in inner
    return func(*args, **kwargs)
           ^^^^^^^^^^^^^^^^^^^^^
venv/lib/python3.12/site-packages/django/db/backends/base/base.py:256: in connect
    self.connection = self.get_new_connection(conn_params)
                      ^^^^^^^^^^^^^^^^^^^^^^^^^^^^^^^^^^^^
venv/lib/python3.12/site-packages/django/utils/asyncio.py:26: in inner
    return func(*args, **kwargs)
           ^^^^^^^^^^^^^^^^^^^^^
venv/lib/python3.12/site-packages/django/db/backends/postgresql/base.py:333: in get_new_connection
    connection = self.Database.connect(**conn_params)
                 ^^^^^^^^^^^^^^^^^^^^^^^^^^^^^^^^^^^^
venv/lib/python3.12/site-packages/psycopg/connection.py:130: in connect
    raise new_ex.with_traceback(None)
E   django.db.utils.OperationalError: connection failed: connection to server at "127.0.0.1", port 5432 failed: FATAL:  password authentication failed for user "postgres"
E   Multiple connection attempts failed. All failures were:
E   - host: 'localhost', port: 5432, hostaddr: '::1': connection failed: connection to server at "::1", port 5432 failed: FATAL:  password authentication failed for user "postgres"
E   - host: 'localhost', port: 5432, hostaddr: '127.0.0.1': connection failed: connection to server at "127.0.0.1", port 5432 failed: FATAL:  password authentication failed for user "postgres"</error></testcase><testcase classname="apps.monitoring.tests.test_models.DbMetricsViewTest" name="test_db_metrics_failure_returns_500" time="0.004"><error message="failed on setup with &quot;django.db.utils.OperationalError: connection failed: connection to server at &quot;127.0.0.1&quot;, port 5432 failed: FATAL:  password authentication failed for user &quot;postgres&quot;&#10;Multiple connection attempts failed. All failures were:&#10;- host: 'localhost', port: 5432, hostaddr: '::1': connection failed: connection to server at &quot;::1&quot;, port 5432 failed: FATAL:  password authentication failed for user &quot;postgres&quot;&#10;- host: 'localhost', port: 5432, hostaddr: '127.0.0.1': connection failed: connection to server at &quot;127.0.0.1&quot;, port 5432 failed: FATAL:  password authentication failed for user &quot;postgres&quot;&quot;">venv/lib/python3.12/site-packages/django/db/backends/base/base.py:279: in ensure_connection
    self.connect()
venv/lib/python3.12/site-packages/django/utils/asyncio.py:26: in inner
    return func(*args, **kwargs)
           ^^^^^^^^^^^^^^^^^^^^^
venv/lib/python3.12/site-packages/django/db/backends/base/base.py:256: in connect
    self.connection = self.get_new_connection(conn_params)
                      ^^^^^^^^^^^^^^^^^^^^^^^^^^^^^^^^^^^^
venv/lib/python3.12/site-packages/django/utils/asyncio.py:26: in inner
    return func(*args, **kwargs)
           ^^^^^^^^^^^^^^^^^^^^^
venv/lib/python3.12/site-packages/django/db/backends/postgresql/base.py:333: in get_new_connection
    connection = self.Database.connect(**conn_params)
                 ^^^^^^^^^^^^^^^^^^^^^^^^^^^^^^^^^^^^
venv/lib/python3.12/site-packages/psycopg/connection.py:130: in connect
    raise new_ex.with_traceback(None)
E   psycopg.OperationalError: connection failed: connection to server at "127.0.0.1", port 5432 failed: FATAL:  password authentication failed for user "postgres"
E   Multiple connection attempts failed. All failures were:
E   - host: 'localhost', port: 5432, hostaddr: '::1': connection failed: connection to server at "::1", port 5432 failed: FATAL:  password authentication failed for user "postgres"
E   - host: 'localhost', port: 5432, hostaddr: '127.0.0.1': connection failed: connection to server at "127.0.0.1", port 5432 failed: FATAL:  password authentication failed for user "postgres"

The above exception was the direct cause of the following exception:
venv/lib/python3.12/site-packages/pytest_django/plugin.py:598: in _django_setup_unittest
    request.getfixturevalue("django_db_setup")
conftest.py:53: in django_db_setup
    tenant, _ = TenantModel.objects.get_or_create(
venv/lib/python3.12/site-packages/django/db/models/manager.py:87: in manager_method
    return getattr(self.get_queryset(), name)(*args, **kwargs)
           ^^^^^^^^^^^^^^^^^^^^^^^^^^^^^^^^^^^^^^^^^^^^^^^^^^^
venv/lib/python3.12/site-packages/django/db/models/query.py:987: in get_or_create
    return self.get(**kwargs), False
           ^^^^^^^^^^^^^^^^^^
venv/lib/python3.12/site-packages/django/db/models/query.py:635: in get
    num = len(clone)
          ^^^^^^^^^^
venv/lib/python3.12/site-packages/django/db/models/query.py:372: in __len__
    self._fetch_all()
venv/lib/python3.12/site-packages/django/db/models/query.py:2000: in _fetch_all
    self._result_cache = list(self._iterable_class(self))
                         ^^^^^^^^^^^^^^^^^^^^^^^^^^^^^^^^
venv/lib/python3.12/site-packages/django/db/models/query.py:95: in __iter__
    results = compiler.execute_sql(
venv/lib/python3.12/site-packages/django/db/models/sql/compiler.py:1622: in execute_sql
    cursor = self.connection.cursor()
             ^^^^^^^^^^^^^^^^^^^^^^^^
venv/lib/python3.12/site-packages/django/utils/asyncio.py:26: in inner
    return func(*args, **kwargs)
           ^^^^^^^^^^^^^^^^^^^^^
venv/lib/python3.12/site-packages/django/db/backends/base/base.py:320: in cursor
    return self._cursor()
           ^^^^^^^^^^^^^^
venv/lib/python3.12/site-packages/django_tenants/postgresql_backend/base.py:144: in _cursor
    cursor = super()._cursor()
             ^^^^^^^^^^^^^^^^^
venv/lib/python3.12/site-packages/django/db/backends/base/base.py:296: in _cursor
    self.ensure_connection()
venv/lib/python3.12/site-packages/django/utils/asyncio.py:26: in inner
    return func(*args, **kwargs)
           ^^^^^^^^^^^^^^^^^^^^^
venv/lib/python3.12/site-packages/django/db/backends/base/base.py:278: in ensure_connection
    with self.wrap_database_errors:
venv/lib/python3.12/site-packages/django/db/utils.py:94: in __exit__
    raise dj_exc_value.with_traceback(traceback) from exc_value
venv/lib/python3.12/site-packages/django/db/backends/base/base.py:279: in ensure_connection
    self.connect()
venv/lib/python3.12/site-packages/django/utils/asyncio.py:26: in inner
    return func(*args, **kwargs)
           ^^^^^^^^^^^^^^^^^^^^^
venv/lib/python3.12/site-packages/django/db/backends/base/base.py:256: in connect
    self.connection = self.get_new_connection(conn_params)
                      ^^^^^^^^^^^^^^^^^^^^^^^^^^^^^^^^^^^^
venv/lib/python3.12/site-packages/django/utils/asyncio.py:26: in inner
    return func(*args, **kwargs)
           ^^^^^^^^^^^^^^^^^^^^^
venv/lib/python3.12/site-packages/django/db/backends/postgresql/base.py:333: in get_new_connection
    connection = self.Database.connect(**conn_params)
                 ^^^^^^^^^^^^^^^^^^^^^^^^^^^^^^^^^^^^
venv/lib/python3.12/site-packages/psycopg/connection.py:130: in connect
    raise new_ex.with_traceback(None)
E   django.db.utils.OperationalError: connection failed: connection to server at "127.0.0.1", port 5432 failed: FATAL:  password authentication failed for user "postgres"
E   Multiple connection attempts failed. All failures were:
E   - host: 'localhost', port: 5432, hostaddr: '::1': connection failed: connection to server at "::1", port 5432 failed: FATAL:  password authentication failed for user "postgres"
E   - host: 'localhost', port: 5432, hostaddr: '127.0.0.1': connection failed: connection to server at "127.0.0.1", port 5432 failed: FATAL:  password authentication failed for user "postgres"</error></testcase><testcase classname="apps.monitoring.tests.test_models.DbMetricsViewTest" name="test_db_metrics_healthy_payload" time="0.004"><error message="failed on setup with &quot;django.db.utils.OperationalError: connection failed: connection to server at &quot;127.0.0.1&quot;, port 5432 failed: FATAL:  password authentication failed for user &quot;postgres&quot;&#10;Multiple connection attempts failed. All failures were:&#10;- host: 'localhost', port: 5432, hostaddr: '::1': connection failed: connection to server at &quot;::1&quot;, port 5432 failed: FATAL:  password authentication failed for user &quot;postgres&quot;&#10;- host: 'localhost', port: 5432, hostaddr: '127.0.0.1': connection failed: connection to server at &quot;127.0.0.1&quot;, port 5432 failed: FATAL:  password authentication failed for user &quot;postgres&quot;&quot;">venv/lib/python3.12/site-packages/django/db/backends/base/base.py:279: in ensure_connection
    self.connect()
venv/lib/python3.12/site-packages/django/utils/asyncio.py:26: in inner
    return func(*args, **kwargs)
           ^^^^^^^^^^^^^^^^^^^^^
venv/lib/python3.12/site-packages/django/db/backends/base/base.py:256: in connect
    self.connection = self.get_new_connection(conn_params)
                      ^^^^^^^^^^^^^^^^^^^^^^^^^^^^^^^^^^^^
venv/lib/python3.12/site-packages/django/utils/asyncio.py:26: in inner
    return func(*args, **kwargs)
           ^^^^^^^^^^^^^^^^^^^^^
venv/lib/python3.12/site-packages/django/db/backends/postgresql/base.py:333: in get_new_connection
    connection = self.Database.connect(**conn_params)
                 ^^^^^^^^^^^^^^^^^^^^^^^^^^^^^^^^^^^^
venv/lib/python3.12/site-packages/psycopg/connection.py:130: in connect
    raise new_ex.with_traceback(None)
E   psycopg.OperationalError: connection failed: connection to server at "127.0.0.1", port 5432 failed: FATAL:  password authentication failed for user "postgres"
E   Multiple connection attempts failed. All failures were:
E   - host: 'localhost', port: 5432, hostaddr: '::1': connection failed: connection to server at "::1", port 5432 failed: FATAL:  password authentication failed for user "postgres"
E   - host: 'localhost', port: 5432, hostaddr: '127.0.0.1': connection failed: connection to server at "127.0.0.1", port 5432 failed: FATAL:  password authentication failed for user "postgres"

The above exception was the direct cause of the following exception:
venv/lib/python3.12/site-packages/pytest_django/plugin.py:598: in _django_setup_unittest
    request.getfixturevalue("django_db_setup")
conftest.py:53: in django_db_setup
    tenant, _ = TenantModel.objects.get_or_create(
venv/lib/python3.12/site-packages/django/db/models/manager.py:87: in manager_method
    return getattr(self.get_queryset(), name)(*args, **kwargs)
           ^^^^^^^^^^^^^^^^^^^^^^^^^^^^^^^^^^^^^^^^^^^^^^^^^^^
venv/lib/python3.12/site-packages/django/db/models/query.py:987: in get_or_create
    return self.get(**kwargs), False
           ^^^^^^^^^^^^^^^^^^
venv/lib/python3.12/site-packages/django/db/models/query.py:635: in get
    num = len(clone)
          ^^^^^^^^^^
venv/lib/python3.12/site-packages/django/db/models/query.py:372: in __len__
    self._fetch_all()
venv/lib/python3.12/site-packages/django/db/models/query.py:2000: in _fetch_all
    self._result_cache = list(self._iterable_class(self))
                         ^^^^^^^^^^^^^^^^^^^^^^^^^^^^^^^^
venv/lib/python3.12/site-packages/django/db/models/query.py:95: in __iter__
    results = compiler.execute_sql(
venv/lib/python3.12/site-packages/django/db/models/sql/compiler.py:1622: in execute_sql
    cursor = self.connection.cursor()
             ^^^^^^^^^^^^^^^^^^^^^^^^
venv/lib/python3.12/site-packages/django/utils/asyncio.py:26: in inner
    return func(*args, **kwargs)
           ^^^^^^^^^^^^^^^^^^^^^
venv/lib/python3.12/site-packages/django/db/backends/base/base.py:320: in cursor
    return self._cursor()
           ^^^^^^^^^^^^^^
venv/lib/python3.12/site-packages/django_tenants/postgresql_backend/base.py:144: in _cursor
    cursor = super()._cursor()
             ^^^^^^^^^^^^^^^^^
venv/lib/python3.12/site-packages/django/db/backends/base/base.py:296: in _cursor
    self.ensure_connection()
venv/lib/python3.12/site-packages/django/utils/asyncio.py:26: in inner
    return func(*args, **kwargs)
           ^^^^^^^^^^^^^^^^^^^^^
venv/lib/python3.12/site-packages/django/db/backends/base/base.py:278: in ensure_connection
    with self.wrap_database_errors:
venv/lib/python3.12/site-packages/django/db/utils.py:94: in __exit__
    raise dj_exc_value.with_traceback(traceback) from exc_value
venv/lib/python3.12/site-packages/django/db/backends/base/base.py:279: in ensure_connection
    self.connect()
venv/lib/python3.12/site-packages/django/utils/asyncio.py:26: in inner
    return func(*args, **kwargs)
           ^^^^^^^^^^^^^^^^^^^^^
venv/lib/python3.12/site-packages/django/db/backends/base/base.py:256: in connect
    self.connection = self.get_new_connection(conn_params)
                      ^^^^^^^^^^^^^^^^^^^^^^^^^^^^^^^^^^^^
venv/lib/python3.12/site-packages/django/utils/asyncio.py:26: in inner
    return func(*args, **kwargs)
           ^^^^^^^^^^^^^^^^^^^^^
venv/lib/python3.12/site-packages/django/db/backends/postgresql/base.py:333: in get_new_connection
    connection = self.Database.connect(**conn_params)
                 ^^^^^^^^^^^^^^^^^^^^^^^^^^^^^^^^^^^^
venv/lib/python3.12/site-packages/psycopg/connection.py:130: in connect
    raise new_ex.with_traceback(None)
E   django.db.utils.OperationalError: connection failed: connection to server at "127.0.0.1", port 5432 failed: FATAL:  password authentication failed for user "postgres"
E   Multiple connection attempts failed. All failures were:
E   - host: 'localhost', port: 5432, hostaddr: '::1': connection failed: connection to server at "::1", port 5432 failed: FATAL:  password authentication failed for user "postgres"
E   - host: 'localhost', port: 5432, hostaddr: '127.0.0.1': connection failed: connection to server at "127.0.0.1", port 5432 failed: FATAL:  password authentication failed for user "postgres"</error></testcase><testcase classname="apps.monitoring.tests.test_models.DbMetricsViewTest" name="test_db_metrics_healthy_returns_200" time="0.005"><error message="failed on setup with &quot;django.db.utils.OperationalError: connection failed: connection to server at &quot;127.0.0.1&quot;, port 5432 failed: FATAL:  password authentication failed for user &quot;postgres&quot;&#10;Multiple connection attempts failed. All failures were:&#10;- host: 'localhost', port: 5432, hostaddr: '::1': connection failed: connection to server at &quot;::1&quot;, port 5432 failed: FATAL:  password authentication failed for user &quot;postgres&quot;&#10;- host: 'localhost', port: 5432, hostaddr: '127.0.0.1': connection failed: connection to server at &quot;127.0.0.1&quot;, port 5432 failed: FATAL:  password authentication failed for user &quot;postgres&quot;&quot;">venv/lib/python3.12/site-packages/django/db/backends/base/base.py:279: in ensure_connection
    self.connect()
venv/lib/python3.12/site-packages/django/utils/asyncio.py:26: in inner
    return func(*args, **kwargs)
           ^^^^^^^^^^^^^^^^^^^^^
venv/lib/python3.12/site-packages/django/db/backends/base/base.py:256: in connect
    self.connection = self.get_new_connection(conn_params)
                      ^^^^^^^^^^^^^^^^^^^^^^^^^^^^^^^^^^^^
venv/lib/python3.12/site-packages/django/utils/asyncio.py:26: in inner
    return func(*args, **kwargs)
           ^^^^^^^^^^^^^^^^^^^^^
venv/lib/python3.12/site-packages/django/db/backends/postgresql/base.py:333: in get_new_connection
    connection = self.Database.connect(**conn_params)
                 ^^^^^^^^^^^^^^^^^^^^^^^^^^^^^^^^^^^^
venv/lib/python3.12/site-packages/psycopg/connection.py:130: in connect
    raise new_ex.with_traceback(None)
E   psycopg.OperationalError: connection failed: connection to server at "127.0.0.1", port 5432 failed: FATAL:  password authentication failed for user "postgres"
E   Multiple connection attempts failed. All failures were:
E   - host: 'localhost', port: 5432, hostaddr: '::1': connection failed: connection to server at "::1", port 5432 failed: FATAL:  password authentication failed for user "postgres"
E   - host: 'localhost', port: 5432, hostaddr: '127.0.0.1': connection failed: connection to server at "127.0.0.1", port 5432 failed: FATAL:  password authentication failed for user "postgres"

The above exception was the direct cause of the following exception:
venv/lib/python3.12/site-packages/pytest_django/plugin.py:598: in _django_setup_unittest
    request.getfixturevalue("django_db_setup")
conftest.py:53: in django_db_setup
    tenant, _ = TenantModel.objects.get_or_create(
venv/lib/python3.12/site-packages/django/db/models/manager.py:87: in manager_method
    return getattr(self.get_queryset(), name)(*args, **kwargs)
           ^^^^^^^^^^^^^^^^^^^^^^^^^^^^^^^^^^^^^^^^^^^^^^^^^^^
venv/lib/python3.12/site-packages/django/db/models/query.py:987: in get_or_create
    return self.get(**kwargs), False
           ^^^^^^^^^^^^^^^^^^
venv/lib/python3.12/site-packages/django/db/models/query.py:635: in get
    num = len(clone)
          ^^^^^^^^^^
venv/lib/python3.12/site-packages/django/db/models/query.py:372: in __len__
    self._fetch_all()
venv/lib/python3.12/site-packages/django/db/models/query.py:2000: in _fetch_all
    self._result_cache = list(self._iterable_class(self))
                         ^^^^^^^^^^^^^^^^^^^^^^^^^^^^^^^^
venv/lib/python3.12/site-packages/django/db/models/query.py:95: in __iter__
    results = compiler.execute_sql(
venv/lib/python3.12/site-packages/django/db/models/sql/compiler.py:1622: in execute_sql
    cursor = self.connection.cursor()
             ^^^^^^^^^^^^^^^^^^^^^^^^
venv/lib/python3.12/site-packages/django/utils/asyncio.py:26: in inner
    return func(*args, **kwargs)
           ^^^^^^^^^^^^^^^^^^^^^
venv/lib/python3.12/site-packages/django/db/backends/base/base.py:320: in cursor
    return self._cursor()
           ^^^^^^^^^^^^^^
venv/lib/python3.12/site-packages/django_tenants/postgresql_backend/base.py:144: in _cursor
    cursor = super()._cursor()
             ^^^^^^^^^^^^^^^^^
venv/lib/python3.12/site-packages/django/db/backends/base/base.py:296: in _cursor
    self.ensure_connection()
venv/lib/python3.12/site-packages/django/utils/asyncio.py:26: in inner
    return func(*args, **kwargs)
           ^^^^^^^^^^^^^^^^^^^^^
venv/lib/python3.12/site-packages/django/db/backends/base/base.py:278: in ensure_connection
    with self.wrap_database_errors:
venv/lib/python3.12/site-packages/django/db/utils.py:94: in __exit__
    raise dj_exc_value.with_traceback(traceback) from exc_value
venv/lib/python3.12/site-packages/django/db/backends/base/base.py:279: in ensure_connection
    self.connect()
venv/lib/python3.12/site-packages/django/utils/asyncio.py:26: in inner
    return func(*args, **kwargs)
           ^^^^^^^^^^^^^^^^^^^^^
venv/lib/python3.12/site-packages/django/db/backends/base/base.py:256: in connect
    self.connection = self.get_new_connection(conn_params)
                      ^^^^^^^^^^^^^^^^^^^^^^^^^^^^^^^^^^^^
venv/lib/python3.12/site-packages/django/utils/asyncio.py:26: in inner
    return func(*args, **kwargs)
           ^^^^^^^^^^^^^^^^^^^^^
venv/lib/python3.12/site-packages/django/db/backends/postgresql/base.py:333: in get_new_connection
    connection = self.Database.connect(**conn_params)
                 ^^^^^^^^^^^^^^^^^^^^^^^^^^^^^^^^^^^^
venv/lib/python3.12/site-packages/psycopg/connection.py:130: in connect
    raise new_ex.with_traceback(None)
E   django.db.utils.OperationalError: connection failed: connection to server at "127.0.0.1", port 5432 failed: FATAL:  password authentication failed for user "postgres"
E   Multiple connection attempts failed. All failures were:
E   - host: 'localhost', port: 5432, hostaddr: '::1': connection failed: connection to server at "::1", port 5432 failed: FATAL:  password authentication failed for user "postgres"
E   - host: 'localhost', port: 5432, hostaddr: '127.0.0.1': connection failed: connection to server at "127.0.0.1", port 5432 failed: FATAL:  password authentication failed for user "postgres"</error></testcase><testcase classname="apps.monitoring.tests.test_models.ServerMetricsViewTest" name="test_unauthenticated_returns_401" time="0.006"><error message="failed on setup with &quot;django.db.utils.OperationalError: connection failed: connection to server at &quot;127.0.0.1&quot;, port 5432 failed: FATAL:  password authentication failed for user &quot;postgres&quot;&#10;Multiple connection attempts failed. All failures were:&#10;- host: 'localhost', port: 5432, hostaddr: '::1': connection failed: connection to server at &quot;::1&quot;, port 5432 failed: FATAL:  password authentication failed for user &quot;postgres&quot;&#10;- host: 'localhost', port: 5432, hostaddr: '127.0.0.1': connection failed: connection to server at &quot;127.0.0.1&quot;, port 5432 failed: FATAL:  password authentication failed for user &quot;postgres&quot;&quot;">venv/lib/python3.12/site-packages/django/db/backends/base/base.py:279: in ensure_connection
    self.connect()
venv/lib/python3.12/site-packages/django/utils/asyncio.py:26: in inner
    return func(*args, **kwargs)
           ^^^^^^^^^^^^^^^^^^^^^
venv/lib/python3.12/site-packages/django/db/backends/base/base.py:256: in connect
    self.connection = self.get_new_connection(conn_params)
                      ^^^^^^^^^^^^^^^^^^^^^^^^^^^^^^^^^^^^
venv/lib/python3.12/site-packages/django/utils/asyncio.py:26: in inner
    return func(*args, **kwargs)
           ^^^^^^^^^^^^^^^^^^^^^
venv/lib/python3.12/site-packages/django/db/backends/postgresql/base.py:333: in get_new_connection
    connection = self.Database.connect(**conn_params)
                 ^^^^^^^^^^^^^^^^^^^^^^^^^^^^^^^^^^^^
venv/lib/python3.12/site-packages/psycopg/connection.py:130: in connect
    raise new_ex.with_traceback(None)
E   psycopg.OperationalError: connection failed: connection to server at "127.0.0.1", port 5432 failed: FATAL:  password authentication failed for user "postgres"
E   Multiple connection attempts failed. All failures were:
E   - host: 'localhost', port: 5432, hostaddr: '::1': connection failed: connection to server at "::1", port 5432 failed: FATAL:  password authentication failed for user "postgres"
E   - host: 'localhost', port: 5432, hostaddr: '127.0.0.1': connection failed: connection to server at "127.0.0.1", port 5432 failed: FATAL:  password authentication failed for user "postgres"

The above exception was the direct cause of the following exception:
venv/lib/python3.12/site-packages/pytest_asyncio/plugin.py:728: in pytest_fixture_setup
    return (yield)
            ^^^^^
venv/lib/python3.12/site-packages/pytest_django/plugin.py:598: in _django_setup_unittest
    request.getfixturevalue("django_db_setup")
conftest.py:53: in django_db_setup
    tenant, _ = TenantModel.objects.get_or_create(
venv/lib/python3.12/site-packages/django/db/models/manager.py:87: in manager_method
    return getattr(self.get_queryset(), name)(*args, **kwargs)
           ^^^^^^^^^^^^^^^^^^^^^^^^^^^^^^^^^^^^^^^^^^^^^^^^^^^
venv/lib/python3.12/site-packages/django/db/models/query.py:987: in get_or_create
    return self.get(**kwargs), False
           ^^^^^^^^^^^^^^^^^^
venv/lib/python3.12/site-packages/django/db/models/query.py:635: in get
    num = len(clone)
          ^^^^^^^^^^
venv/lib/python3.12/site-packages/django/db/models/query.py:372: in __len__
    self._fetch_all()
venv/lib/python3.12/site-packages/django/db/models/query.py:2000: in _fetch_all
    self._result_cache = list(self._iterable_class(self))
                         ^^^^^^^^^^^^^^^^^^^^^^^^^^^^^^^^
venv/lib/python3.12/site-packages/django/db/models/query.py:95: in __iter__
    results = compiler.execute_sql(
venv/lib/python3.12/site-packages/django/db/models/sql/compiler.py:1622: in execute_sql
    cursor = self.connection.cursor()
             ^^^^^^^^^^^^^^^^^^^^^^^^
venv/lib/python3.12/site-packages/django/utils/asyncio.py:26: in inner
    return func(*args, **kwargs)
           ^^^^^^^^^^^^^^^^^^^^^
venv/lib/python3.12/site-packages/django/db/backends/base/base.py:320: in cursor
    return self._cursor()
           ^^^^^^^^^^^^^^
venv/lib/python3.12/site-packages/django_tenants/postgresql_backend/base.py:144: in _cursor
    cursor = super()._cursor()
             ^^^^^^^^^^^^^^^^^
venv/lib/python3.12/site-packages/django/db/backends/base/base.py:296: in _cursor
    self.ensure_connection()
venv/lib/python3.12/site-packages/django/utils/asyncio.py:26: in inner
    return func(*args, **kwargs)
           ^^^^^^^^^^^^^^^^^^^^^
venv/lib/python3.12/site-packages/django/db/backends/base/base.py:278: in ensure_connection
    with self.wrap_database_errors:
venv/lib/python3.12/site-packages/django/db/utils.py:94: in __exit__
    raise dj_exc_value.with_traceback(traceback) from exc_value
venv/lib/python3.12/site-packages/django/db/backends/base/base.py:279: in ensure_connection
    self.connect()
venv/lib/python3.12/site-packages/django/utils/asyncio.py:26: in inner
    return func(*args, **kwargs)
           ^^^^^^^^^^^^^^^^^^^^^
venv/lib/python3.12/site-packages/django/db/backends/base/base.py:256: in connect
    self.connection = self.get_new_connection(conn_params)
                      ^^^^^^^^^^^^^^^^^^^^^^^^^^^^^^^^^^^^
venv/lib/python3.12/site-packages/django/utils/asyncio.py:26: in inner
    return func(*args, **kwargs)
           ^^^^^^^^^^^^^^^^^^^^^
venv/lib/python3.12/site-packages/django/db/backends/postgresql/base.py:333: in get_new_connection
    connection = self.Database.connect(**conn_params)
                 ^^^^^^^^^^^^^^^^^^^^^^^^^^^^^^^^^^^^
venv/lib/python3.12/site-packages/psycopg/connection.py:130: in connect
    raise new_ex.with_traceback(None)
E   django.db.utils.OperationalError: connection failed: connection to server at "127.0.0.1", port 5432 failed: FATAL:  password authentication failed for user "postgres"
E   Multiple connection attempts failed. All failures were:
E   - host: 'localhost', port: 5432, hostaddr: '::1': connection failed: connection to server at "::1", port 5432 failed: FATAL:  password authentication failed for user "postgres"
E   - host: 'localhost', port: 5432, hostaddr: '127.0.0.1': connection failed: connection to server at "127.0.0.1", port 5432 failed: FATAL:  password authentication failed for user "postgres"</error></testcase><testcase classname="apps.monitoring.tests.test_views.TestMonitoringViews" name="test_health_check" time="0.009"><error message="failed on setup with &quot;django.db.utils.OperationalError: connection failed: connection to server at &quot;127.0.0.1&quot;, port 5432 failed: FATAL:  password authentication failed for user &quot;postgres&quot;&#10;Multiple connection attempts failed. All failures were:&#10;- host: 'localhost', port: 5432, hostaddr: '::1': connection failed: connection to server at &quot;::1&quot;, port 5432 failed: FATAL:  password authentication failed for user &quot;postgres&quot;&#10;- host: 'localhost', port: 5432, hostaddr: '127.0.0.1': connection failed: connection to server at &quot;127.0.0.1&quot;, port 5432 failed: FATAL:  password authentication failed for user &quot;postgres&quot;&quot;">venv/lib/python3.12/site-packages/django/db/backends/base/base.py:279: in ensure_connection
    self.connect()
venv/lib/python3.12/site-packages/django/utils/asyncio.py:26: in inner
    return func(*args, **kwargs)
           ^^^^^^^^^^^^^^^^^^^^^
venv/lib/python3.12/site-packages/django/db/backends/base/base.py:256: in connect
    self.connection = self.get_new_connection(conn_params)
                      ^^^^^^^^^^^^^^^^^^^^^^^^^^^^^^^^^^^^
venv/lib/python3.12/site-packages/django/utils/asyncio.py:26: in inner
    return func(*args, **kwargs)
           ^^^^^^^^^^^^^^^^^^^^^
venv/lib/python3.12/site-packages/django/db/backends/postgresql/base.py:333: in get_new_connection
    connection = self.Database.connect(**conn_params)
                 ^^^^^^^^^^^^^^^^^^^^^^^^^^^^^^^^^^^^
venv/lib/python3.12/site-packages/psycopg/connection.py:130: in connect
    raise new_ex.with_traceback(None)
E   psycopg.OperationalError: connection failed: connection to server at "127.0.0.1", port 5432 failed: FATAL:  password authentication failed for user "postgres"
E   Multiple connection attempts failed. All failures were:
E   - host: 'localhost', port: 5432, hostaddr: '::1': connection failed: connection to server at "::1", port 5432 failed: FATAL:  password authentication failed for user "postgres"
E   - host: 'localhost', port: 5432, hostaddr: '127.0.0.1': connection failed: connection to server at "127.0.0.1", port 5432 failed: FATAL:  password authentication failed for user "postgres"

The above exception was the direct cause of the following exception:
venv/lib/python3.12/site-packages/pytest_asyncio/plugin.py:728: in pytest_fixture_setup
    return (yield)
            ^^^^^
venv/lib/python3.12/site-packages/pytest_django/plugin.py:566: in _django_db_marker
    request.getfixturevalue("_django_db_helper")
conftest.py:53: in django_db_setup
    tenant, _ = TenantModel.objects.get_or_create(
venv/lib/python3.12/site-packages/django/db/models/manager.py:87: in manager_method
    return getattr(self.get_queryset(), name)(*args, **kwargs)
           ^^^^^^^^^^^^^^^^^^^^^^^^^^^^^^^^^^^^^^^^^^^^^^^^^^^
venv/lib/python3.12/site-packages/django/db/models/query.py:987: in get_or_create
    return self.get(**kwargs), False
           ^^^^^^^^^^^^^^^^^^
venv/lib/python3.12/site-packages/django/db/models/query.py:635: in get
    num = len(clone)
          ^^^^^^^^^^
venv/lib/python3.12/site-packages/django/db/models/query.py:372: in __len__
    self._fetch_all()
venv/lib/python3.12/site-packages/django/db/models/query.py:2000: in _fetch_all
    self._result_cache = list(self._iterable_class(self))
                         ^^^^^^^^^^^^^^^^^^^^^^^^^^^^^^^^
venv/lib/python3.12/site-packages/django/db/models/query.py:95: in __iter__
    results = compiler.execute_sql(
venv/lib/python3.12/site-packages/django/db/models/sql/compiler.py:1622: in execute_sql
    cursor = self.connection.cursor()
             ^^^^^^^^^^^^^^^^^^^^^^^^
venv/lib/python3.12/site-packages/django/utils/asyncio.py:26: in inner
    return func(*args, **kwargs)
           ^^^^^^^^^^^^^^^^^^^^^
venv/lib/python3.12/site-packages/django/db/backends/base/base.py:320: in cursor
    return self._cursor()
           ^^^^^^^^^^^^^^
venv/lib/python3.12/site-packages/django_tenants/postgresql_backend/base.py:144: in _cursor
    cursor = super()._cursor()
             ^^^^^^^^^^^^^^^^^
venv/lib/python3.12/site-packages/django/db/backends/base/base.py:296: in _cursor
    self.ensure_connection()
venv/lib/python3.12/site-packages/django/utils/asyncio.py:26: in inner
    return func(*args, **kwargs)
           ^^^^^^^^^^^^^^^^^^^^^
venv/lib/python3.12/site-packages/django/db/backends/base/base.py:278: in ensure_connection
    with self.wrap_database_errors:
venv/lib/python3.12/site-packages/django/db/utils.py:94: in __exit__
    raise dj_exc_value.with_traceback(traceback) from exc_value
venv/lib/python3.12/site-packages/django/db/backends/base/base.py:279: in ensure_connection
    self.connect()
venv/lib/python3.12/site-packages/django/utils/asyncio.py:26: in inner
    return func(*args, **kwargs)
           ^^^^^^^^^^^^^^^^^^^^^
venv/lib/python3.12/site-packages/django/db/backends/base/base.py:256: in connect
    self.connection = self.get_new_connection(conn_params)
                      ^^^^^^^^^^^^^^^^^^^^^^^^^^^^^^^^^^^^
venv/lib/python3.12/site-packages/django/utils/asyncio.py:26: in inner
    return func(*args, **kwargs)
           ^^^^^^^^^^^^^^^^^^^^^
venv/lib/python3.12/site-packages/django/db/backends/postgresql/base.py:333: in get_new_connection
    connection = self.Database.connect(**conn_params)
                 ^^^^^^^^^^^^^^^^^^^^^^^^^^^^^^^^^^^^
venv/lib/python3.12/site-packages/psycopg/connection.py:130: in connect
    raise new_ex.with_traceback(None)
E   django.db.utils.OperationalError: connection failed: connection to server at "127.0.0.1", port 5432 failed: FATAL:  password authentication failed for user "postgres"
E   Multiple connection attempts failed. All failures were:
E   - host: 'localhost', port: 5432, hostaddr: '::1': connection failed: connection to server at "::1", port 5432 failed: FATAL:  password authentication failed for user "postgres"
E   - host: 'localhost', port: 5432, hostaddr: '127.0.0.1': connection failed: connection to server at "127.0.0.1", port 5432 failed: FATAL:  password authentication failed for user "postgres"</error></testcase><testcase classname="apps.monitoring.tests.test_views.TestMonitoringViews" name="test_health_check_returns_healthy_status" time="0.008"><error message="failed on setup with &quot;django.db.utils.OperationalError: connection failed: connection to server at &quot;127.0.0.1&quot;, port 5432 failed: FATAL:  password authentication failed for user &quot;postgres&quot;&#10;Multiple connection attempts failed. All failures were:&#10;- host: 'localhost', port: 5432, hostaddr: '::1': connection failed: connection to server at &quot;::1&quot;, port 5432 failed: FATAL:  password authentication failed for user &quot;postgres&quot;&#10;- host: 'localhost', port: 5432, hostaddr: '127.0.0.1': connection failed: connection to server at &quot;127.0.0.1&quot;, port 5432 failed: FATAL:  password authentication failed for user &quot;postgres&quot;&quot;">venv/lib/python3.12/site-packages/django/db/backends/base/base.py:279: in ensure_connection
    self.connect()
venv/lib/python3.12/site-packages/django/utils/asyncio.py:26: in inner
    return func(*args, **kwargs)
           ^^^^^^^^^^^^^^^^^^^^^
venv/lib/python3.12/site-packages/django/db/backends/base/base.py:256: in connect
    self.connection = self.get_new_connection(conn_params)
                      ^^^^^^^^^^^^^^^^^^^^^^^^^^^^^^^^^^^^
venv/lib/python3.12/site-packages/django/utils/asyncio.py:26: in inner
    return func(*args, **kwargs)
           ^^^^^^^^^^^^^^^^^^^^^
venv/lib/python3.12/site-packages/django/db/backends/postgresql/base.py:333: in get_new_connection
    connection = self.Database.connect(**conn_params)
                 ^^^^^^^^^^^^^^^^^^^^^^^^^^^^^^^^^^^^
venv/lib/python3.12/site-packages/psycopg/connection.py:130: in connect
    raise new_ex.with_traceback(None)
E   psycopg.OperationalError: connection failed: connection to server at "127.0.0.1", port 5432 failed: FATAL:  password authentication failed for user "postgres"
E   Multiple connection attempts failed. All failures were:
E   - host: 'localhost', port: 5432, hostaddr: '::1': connection failed: connection to server at "::1", port 5432 failed: FATAL:  password authentication failed for user "postgres"
E   - host: 'localhost', port: 5432, hostaddr: '127.0.0.1': connection failed: connection to server at "127.0.0.1", port 5432 failed: FATAL:  password authentication failed for user "postgres"

The above exception was the direct cause of the following exception:
venv/lib/python3.12/site-packages/pytest_asyncio/plugin.py:728: in pytest_fixture_setup
    return (yield)
            ^^^^^
venv/lib/python3.12/site-packages/pytest_django/plugin.py:566: in _django_db_marker
    request.getfixturevalue("_django_db_helper")
conftest.py:53: in django_db_setup
    tenant, _ = TenantModel.objects.get_or_create(
venv/lib/python3.12/site-packages/django/db/models/manager.py:87: in manager_method
    return getattr(self.get_queryset(), name)(*args, **kwargs)
           ^^^^^^^^^^^^^^^^^^^^^^^^^^^^^^^^^^^^^^^^^^^^^^^^^^^
venv/lib/python3.12/site-packages/django/db/models/query.py:987: in get_or_create
    return self.get(**kwargs), False
           ^^^^^^^^^^^^^^^^^^
venv/lib/python3.12/site-packages/django/db/models/query.py:635: in get
    num = len(clone)
          ^^^^^^^^^^
venv/lib/python3.12/site-packages/django/db/models/query.py:372: in __len__
    self._fetch_all()
venv/lib/python3.12/site-packages/django/db/models/query.py:2000: in _fetch_all
    self._result_cache = list(self._iterable_class(self))
                         ^^^^^^^^^^^^^^^^^^^^^^^^^^^^^^^^
venv/lib/python3.12/site-packages/django/db/models/query.py:95: in __iter__
    results = compiler.execute_sql(
venv/lib/python3.12/site-packages/django/db/models/sql/compiler.py:1622: in execute_sql
    cursor = self.connection.cursor()
             ^^^^^^^^^^^^^^^^^^^^^^^^
venv/lib/python3.12/site-packages/django/utils/asyncio.py:26: in inner
    return func(*args, **kwargs)
           ^^^^^^^^^^^^^^^^^^^^^
venv/lib/python3.12/site-packages/django/db/backends/base/base.py:320: in cursor
    return self._cursor()
           ^^^^^^^^^^^^^^
venv/lib/python3.12/site-packages/django_tenants/postgresql_backend/base.py:144: in _cursor
    cursor = super()._cursor()
             ^^^^^^^^^^^^^^^^^
venv/lib/python3.12/site-packages/django/db/backends/base/base.py:296: in _cursor
    self.ensure_connection()
venv/lib/python3.12/site-packages/django/utils/asyncio.py:26: in inner
    return func(*args, **kwargs)
           ^^^^^^^^^^^^^^^^^^^^^
venv/lib/python3.12/site-packages/django/db/backends/base/base.py:278: in ensure_connection
    with self.wrap_database_errors:
venv/lib/python3.12/site-packages/django/db/utils.py:94: in __exit__
    raise dj_exc_value.with_traceback(traceback) from exc_value
venv/lib/python3.12/site-packages/django/db/backends/base/base.py:279: in ensure_connection
    self.connect()
venv/lib/python3.12/site-packages/django/utils/asyncio.py:26: in inner
    return func(*args, **kwargs)
           ^^^^^^^^^^^^^^^^^^^^^
venv/lib/python3.12/site-packages/django/db/backends/base/base.py:256: in connect
    self.connection = self.get_new_connection(conn_params)
                      ^^^^^^^^^^^^^^^^^^^^^^^^^^^^^^^^^^^^
venv/lib/python3.12/site-packages/django/utils/asyncio.py:26: in inner
    return func(*args, **kwargs)
           ^^^^^^^^^^^^^^^^^^^^^
venv/lib/python3.12/site-packages/django/db/backends/postgresql/base.py:333: in get_new_connection
    connection = self.Database.connect(**conn_params)
                 ^^^^^^^^^^^^^^^^^^^^^^^^^^^^^^^^^^^^
venv/lib/python3.12/site-packages/psycopg/connection.py:130: in connect
    raise new_ex.with_traceback(None)
E   django.db.utils.OperationalError: connection failed: connection to server at "127.0.0.1", port 5432 failed: FATAL:  password authentication failed for user "postgres"
E   Multiple connection attempts failed. All failures were:
E   - host: 'localhost', port: 5432, hostaddr: '::1': connection failed: connection to server at "::1", port 5432 failed: FATAL:  password authentication failed for user "postgres"
E   - host: 'localhost', port: 5432, hostaddr: '127.0.0.1': connection failed: connection to server at "127.0.0.1", port 5432 failed: FATAL:  password authentication failed for user "postgres"</error></testcase><testcase classname="apps.monitoring.tests.test_views.TestMonitoringViews" name="test_health_check_db_failure_returns_503" time="0.009"><error message="failed on setup with &quot;django.db.utils.OperationalError: connection failed: connection to server at &quot;127.0.0.1&quot;, port 5432 failed: FATAL:  password authentication failed for user &quot;postgres&quot;&#10;Multiple connection attempts failed. All failures were:&#10;- host: 'localhost', port: 5432, hostaddr: '::1': connection failed: connection to server at &quot;::1&quot;, port 5432 failed: FATAL:  password authentication failed for user &quot;postgres&quot;&#10;- host: 'localhost', port: 5432, hostaddr: '127.0.0.1': connection failed: connection to server at &quot;127.0.0.1&quot;, port 5432 failed: FATAL:  password authentication failed for user &quot;postgres&quot;&quot;">venv/lib/python3.12/site-packages/django/db/backends/base/base.py:279: in ensure_connection
    self.connect()
venv/lib/python3.12/site-packages/django/utils/asyncio.py:26: in inner
    return func(*args, **kwargs)
           ^^^^^^^^^^^^^^^^^^^^^
venv/lib/python3.12/site-packages/django/db/backends/base/base.py:256: in connect
    self.connection = self.get_new_connection(conn_params)
                      ^^^^^^^^^^^^^^^^^^^^^^^^^^^^^^^^^^^^
venv/lib/python3.12/site-packages/django/utils/asyncio.py:26: in inner
    return func(*args, **kwargs)
           ^^^^^^^^^^^^^^^^^^^^^
venv/lib/python3.12/site-packages/django/db/backends/postgresql/base.py:333: in get_new_connection
    connection = self.Database.connect(**conn_params)
                 ^^^^^^^^^^^^^^^^^^^^^^^^^^^^^^^^^^^^
venv/lib/python3.12/site-packages/psycopg/connection.py:130: in connect
    raise new_ex.with_traceback(None)
E   psycopg.OperationalError: connection failed: connection to server at "127.0.0.1", port 5432 failed: FATAL:  password authentication failed for user "postgres"
E   Multiple connection attempts failed. All failures were:
E   - host: 'localhost', port: 5432, hostaddr: '::1': connection failed: connection to server at "::1", port 5432 failed: FATAL:  password authentication failed for user "postgres"
E   - host: 'localhost', port: 5432, hostaddr: '127.0.0.1': connection failed: connection to server at "127.0.0.1", port 5432 failed: FATAL:  password authentication failed for user "postgres"

The above exception was the direct cause of the following exception:
venv/lib/python3.12/site-packages/pytest_asyncio/plugin.py:728: in pytest_fixture_setup
    return (yield)
            ^^^^^
venv/lib/python3.12/site-packages/pytest_django/plugin.py:566: in _django_db_marker
    request.getfixturevalue("_django_db_helper")
conftest.py:53: in django_db_setup
    tenant, _ = TenantModel.objects.get_or_create(
venv/lib/python3.12/site-packages/django/db/models/manager.py:87: in manager_method
    return getattr(self.get_queryset(), name)(*args, **kwargs)
           ^^^^^^^^^^^^^^^^^^^^^^^^^^^^^^^^^^^^^^^^^^^^^^^^^^^
venv/lib/python3.12/site-packages/django/db/models/query.py:987: in get_or_create
    return self.get(**kwargs), False
           ^^^^^^^^^^^^^^^^^^
venv/lib/python3.12/site-packages/django/db/models/query.py:635: in get
    num = len(clone)
          ^^^^^^^^^^
venv/lib/python3.12/site-packages/django/db/models/query.py:372: in __len__
    self._fetch_all()
venv/lib/python3.12/site-packages/django/db/models/query.py:2000: in _fetch_all
    self._result_cache = list(self._iterable_class(self))
                         ^^^^^^^^^^^^^^^^^^^^^^^^^^^^^^^^
venv/lib/python3.12/site-packages/django/db/models/query.py:95: in __iter__
    results = compiler.execute_sql(
venv/lib/python3.12/site-packages/django/db/models/sql/compiler.py:1622: in execute_sql
    cursor = self.connection.cursor()
             ^^^^^^^^^^^^^^^^^^^^^^^^
venv/lib/python3.12/site-packages/django/utils/asyncio.py:26: in inner
    return func(*args, **kwargs)
           ^^^^^^^^^^^^^^^^^^^^^
venv/lib/python3.12/site-packages/django/db/backends/base/base.py:320: in cursor
    return self._cursor()
           ^^^^^^^^^^^^^^
venv/lib/python3.12/site-packages/django_tenants/postgresql_backend/base.py:144: in _cursor
    cursor = super()._cursor()
             ^^^^^^^^^^^^^^^^^
venv/lib/python3.12/site-packages/django/db/backends/base/base.py:296: in _cursor
    self.ensure_connection()
venv/lib/python3.12/site-packages/django/utils/asyncio.py:26: in inner
    return func(*args, **kwargs)
           ^^^^^^^^^^^^^^^^^^^^^
venv/lib/python3.12/site-packages/django/db/backends/base/base.py:278: in ensure_connection
    with self.wrap_database_errors:
venv/lib/python3.12/site-packages/django/db/utils.py:94: in __exit__
    raise dj_exc_value.with_traceback(traceback) from exc_value
venv/lib/python3.12/site-packages/django/db/backends/base/base.py:279: in ensure_connection
    self.connect()
venv/lib/python3.12/site-packages/django/utils/asyncio.py:26: in inner
    return func(*args, **kwargs)
           ^^^^^^^^^^^^^^^^^^^^^
venv/lib/python3.12/site-packages/django/db/backends/base/base.py:256: in connect
    self.connection = self.get_new_connection(conn_params)
                      ^^^^^^^^^^^^^^^^^^^^^^^^^^^^^^^^^^^^
venv/lib/python3.12/site-packages/django/utils/asyncio.py:26: in inner
    return func(*args, **kwargs)
           ^^^^^^^^^^^^^^^^^^^^^
venv/lib/python3.12/site-packages/django/db/backends/postgresql/base.py:333: in get_new_connection
    connection = self.Database.connect(**conn_params)
                 ^^^^^^^^^^^^^^^^^^^^^^^^^^^^^^^^^^^^
venv/lib/python3.12/site-packages/psycopg/connection.py:130: in connect
    raise new_ex.with_traceback(None)
E   django.db.utils.OperationalError: connection failed: connection to server at "127.0.0.1", port 5432 failed: FATAL:  password authentication failed for user "postgres"
E   Multiple connection attempts failed. All failures were:
E   - host: 'localhost', port: 5432, hostaddr: '::1': connection failed: connection to server at "::1", port 5432 failed: FATAL:  password authentication failed for user "postgres"
E   - host: 'localhost', port: 5432, hostaddr: '127.0.0.1': connection failed: connection to server at "127.0.0.1", port 5432 failed: FATAL:  password authentication failed for user "postgres"</error></testcase><testcase classname="apps.monitoring.tests.test_views.TestMonitoringViews" name="test_health_check_cache_degraded" time="0.008"><error message="failed on setup with &quot;django.db.utils.OperationalError: connection failed: connection to server at &quot;127.0.0.1&quot;, port 5432 failed: FATAL:  password authentication failed for user &quot;postgres&quot;&#10;Multiple connection attempts failed. All failures were:&#10;- host: 'localhost', port: 5432, hostaddr: '::1': connection failed: connection to server at &quot;::1&quot;, port 5432 failed: FATAL:  password authentication failed for user &quot;postgres&quot;&#10;- host: 'localhost', port: 5432, hostaddr: '127.0.0.1': connection failed: connection to server at &quot;127.0.0.1&quot;, port 5432 failed: FATAL:  password authentication failed for user &quot;postgres&quot;&quot;">venv/lib/python3.12/site-packages/django/db/backends/base/base.py:279: in ensure_connection
    self.connect()
venv/lib/python3.12/site-packages/django/utils/asyncio.py:26: in inner
    return func(*args, **kwargs)
           ^^^^^^^^^^^^^^^^^^^^^
venv/lib/python3.12/site-packages/django/db/backends/base/base.py:256: in connect
    self.connection = self.get_new_connection(conn_params)
                      ^^^^^^^^^^^^^^^^^^^^^^^^^^^^^^^^^^^^
venv/lib/python3.12/site-packages/django/utils/asyncio.py:26: in inner
    return func(*args, **kwargs)
           ^^^^^^^^^^^^^^^^^^^^^
venv/lib/python3.12/site-packages/django/db/backends/postgresql/base.py:333: in get_new_connection
    connection = self.Database.connect(**conn_params)
                 ^^^^^^^^^^^^^^^^^^^^^^^^^^^^^^^^^^^^
venv/lib/python3.12/site-packages/psycopg/connection.py:130: in connect
    raise new_ex.with_traceback(None)
E   psycopg.OperationalError: connection failed: connection to server at "127.0.0.1", port 5432 failed: FATAL:  password authentication failed for user "postgres"
E   Multiple connection attempts failed. All failures were:
E   - host: 'localhost', port: 5432, hostaddr: '::1': connection failed: connection to server at "::1", port 5432 failed: FATAL:  password authentication failed for user "postgres"
E   - host: 'localhost', port: 5432, hostaddr: '127.0.0.1': connection failed: connection to server at "127.0.0.1", port 5432 failed: FATAL:  password authentication failed for user "postgres"

The above exception was the direct cause of the following exception:
venv/lib/python3.12/site-packages/pytest_asyncio/plugin.py:728: in pytest_fixture_setup
    return (yield)
            ^^^^^
venv/lib/python3.12/site-packages/pytest_django/plugin.py:566: in _django_db_marker
    request.getfixturevalue("_django_db_helper")
conftest.py:53: in django_db_setup
    tenant, _ = TenantModel.objects.get_or_create(
venv/lib/python3.12/site-packages/django/db/models/manager.py:87: in manager_method
    return getattr(self.get_queryset(), name)(*args, **kwargs)
           ^^^^^^^^^^^^^^^^^^^^^^^^^^^^^^^^^^^^^^^^^^^^^^^^^^^
venv/lib/python3.12/site-packages/django/db/models/query.py:987: in get_or_create
    return self.get(**kwargs), False
           ^^^^^^^^^^^^^^^^^^
venv/lib/python3.12/site-packages/django/db/models/query.py:635: in get
    num = len(clone)
          ^^^^^^^^^^
venv/lib/python3.12/site-packages/django/db/models/query.py:372: in __len__
    self._fetch_all()
venv/lib/python3.12/site-packages/django/db/models/query.py:2000: in _fetch_all
    self._result_cache = list(self._iterable_class(self))
                         ^^^^^^^^^^^^^^^^^^^^^^^^^^^^^^^^
venv/lib/python3.12/site-packages/django/db/models/query.py:95: in __iter__
    results = compiler.execute_sql(
venv/lib/python3.12/site-packages/django/db/models/sql/compiler.py:1622: in execute_sql
    cursor = self.connection.cursor()
             ^^^^^^^^^^^^^^^^^^^^^^^^
venv/lib/python3.12/site-packages/django/utils/asyncio.py:26: in inner
    return func(*args, **kwargs)
           ^^^^^^^^^^^^^^^^^^^^^
venv/lib/python3.12/site-packages/django/db/backends/base/base.py:320: in cursor
    return self._cursor()
           ^^^^^^^^^^^^^^
venv/lib/python3.12/site-packages/django_tenants/postgresql_backend/base.py:144: in _cursor
    cursor = super()._cursor()
             ^^^^^^^^^^^^^^^^^
venv/lib/python3.12/site-packages/django/db/backends/base/base.py:296: in _cursor
    self.ensure_connection()
venv/lib/python3.12/site-packages/django/utils/asyncio.py:26: in inner
    return func(*args, **kwargs)
           ^^^^^^^^^^^^^^^^^^^^^
venv/lib/python3.12/site-packages/django/db/backends/base/base.py:278: in ensure_connection
    with self.wrap_database_errors:
venv/lib/python3.12/site-packages/django/db/utils.py:94: in __exit__
    raise dj_exc_value.with_traceback(traceback) from exc_value
venv/lib/python3.12/site-packages/django/db/backends/base/base.py:279: in ensure_connection
    self.connect()
venv/lib/python3.12/site-packages/django/utils/asyncio.py:26: in inner
    return func(*args, **kwargs)
           ^^^^^^^^^^^^^^^^^^^^^
venv/lib/python3.12/site-packages/django/db/backends/base/base.py:256: in connect
    self.connection = self.get_new_connection(conn_params)
                      ^^^^^^^^^^^^^^^^^^^^^^^^^^^^^^^^^^^^
venv/lib/python3.12/site-packages/django/utils/asyncio.py:26: in inner
    return func(*args, **kwargs)
           ^^^^^^^^^^^^^^^^^^^^^
venv/lib/python3.12/site-packages/django/db/backends/postgresql/base.py:333: in get_new_connection
    connection = self.Database.connect(**conn_params)
                 ^^^^^^^^^^^^^^^^^^^^^^^^^^^^^^^^^^^^
venv/lib/python3.12/site-packages/psycopg/connection.py:130: in connect
    raise new_ex.with_traceback(None)
E   django.db.utils.OperationalError: connection failed: connection to server at "127.0.0.1", port 5432 failed: FATAL:  password authentication failed for user "postgres"
E   Multiple connection attempts failed. All failures were:
E   - host: 'localhost', port: 5432, hostaddr: '::1': connection failed: connection to server at "::1", port 5432 failed: FATAL:  password authentication failed for user "postgres"
E   - host: 'localhost', port: 5432, hostaddr: '127.0.0.1': connection failed: connection to server at "127.0.0.1", port 5432 failed: FATAL:  password authentication failed for user "postgres"</error></testcase><testcase classname="apps.monitoring.tests.test_views.TestMonitoringViews" name="test_health_check_cache_exception" time="0.007"><error message="failed on setup with &quot;django.db.utils.OperationalError: connection failed: connection to server at &quot;127.0.0.1&quot;, port 5432 failed: FATAL:  password authentication failed for user &quot;postgres&quot;&#10;Multiple connection attempts failed. All failures were:&#10;- host: 'localhost', port: 5432, hostaddr: '::1': connection failed: connection to server at &quot;::1&quot;, port 5432 failed: FATAL:  password authentication failed for user &quot;postgres&quot;&#10;- host: 'localhost', port: 5432, hostaddr: '127.0.0.1': connection failed: connection to server at &quot;127.0.0.1&quot;, port 5432 failed: FATAL:  password authentication failed for user &quot;postgres&quot;&quot;">venv/lib/python3.12/site-packages/django/db/backends/base/base.py:279: in ensure_connection
    self.connect()
venv/lib/python3.12/site-packages/django/utils/asyncio.py:26: in inner
    return func(*args, **kwargs)
           ^^^^^^^^^^^^^^^^^^^^^
venv/lib/python3.12/site-packages/django/db/backends/base/base.py:256: in connect
    self.connection = self.get_new_connection(conn_params)
                      ^^^^^^^^^^^^^^^^^^^^^^^^^^^^^^^^^^^^
venv/lib/python3.12/site-packages/django/utils/asyncio.py:26: in inner
    return func(*args, **kwargs)
           ^^^^^^^^^^^^^^^^^^^^^
venv/lib/python3.12/site-packages/django/db/backends/postgresql/base.py:333: in get_new_connection
    connection = self.Database.connect(**conn_params)
                 ^^^^^^^^^^^^^^^^^^^^^^^^^^^^^^^^^^^^
venv/lib/python3.12/site-packages/psycopg/connection.py:130: in connect
    raise new_ex.with_traceback(None)
E   psycopg.OperationalError: connection failed: connection to server at "127.0.0.1", port 5432 failed: FATAL:  password authentication failed for user "postgres"
E   Multiple connection attempts failed. All failures were:
E   - host: 'localhost', port: 5432, hostaddr: '::1': connection failed: connection to server at "::1", port 5432 failed: FATAL:  password authentication failed for user "postgres"
E   - host: 'localhost', port: 5432, hostaddr: '127.0.0.1': connection failed: connection to server at "127.0.0.1", port 5432 failed: FATAL:  password authentication failed for user "postgres"

The above exception was the direct cause of the following exception:
venv/lib/python3.12/site-packages/pytest_asyncio/plugin.py:728: in pytest_fixture_setup
    return (yield)
            ^^^^^
venv/lib/python3.12/site-packages/pytest_django/plugin.py:566: in _django_db_marker
    request.getfixturevalue("_django_db_helper")
conftest.py:53: in django_db_setup
    tenant, _ = TenantModel.objects.get_or_create(
venv/lib/python3.12/site-packages/django/db/models/manager.py:87: in manager_method
    return getattr(self.get_queryset(), name)(*args, **kwargs)
           ^^^^^^^^^^^^^^^^^^^^^^^^^^^^^^^^^^^^^^^^^^^^^^^^^^^
venv/lib/python3.12/site-packages/django/db/models/query.py:987: in get_or_create
    return self.get(**kwargs), False
           ^^^^^^^^^^^^^^^^^^
venv/lib/python3.12/site-packages/django/db/models/query.py:635: in get
    num = len(clone)
          ^^^^^^^^^^
venv/lib/python3.12/site-packages/django/db/models/query.py:372: in __len__
    self._fetch_all()
venv/lib/python3.12/site-packages/django/db/models/query.py:2000: in _fetch_all
    self._result_cache = list(self._iterable_class(self))
                         ^^^^^^^^^^^^^^^^^^^^^^^^^^^^^^^^
venv/lib/python3.12/site-packages/django/db/models/query.py:95: in __iter__
    results = compiler.execute_sql(
venv/lib/python3.12/site-packages/django/db/models/sql/compiler.py:1622: in execute_sql
    cursor = self.connection.cursor()
             ^^^^^^^^^^^^^^^^^^^^^^^^
venv/lib/python3.12/site-packages/django/utils/asyncio.py:26: in inner
    return func(*args, **kwargs)
           ^^^^^^^^^^^^^^^^^^^^^
venv/lib/python3.12/site-packages/django/db/backends/base/base.py:320: in cursor
    return self._cursor()
           ^^^^^^^^^^^^^^
venv/lib/python3.12/site-packages/django_tenants/postgresql_backend/base.py:144: in _cursor
    cursor = super()._cursor()
             ^^^^^^^^^^^^^^^^^
venv/lib/python3.12/site-packages/django/db/backends/base/base.py:296: in _cursor
    self.ensure_connection()
venv/lib/python3.12/site-packages/django/utils/asyncio.py:26: in inner
    return func(*args, **kwargs)
           ^^^^^^^^^^^^^^^^^^^^^
venv/lib/python3.12/site-packages/django/db/backends/base/base.py:278: in ensure_connection
    with self.wrap_database_errors:
venv/lib/python3.12/site-packages/django/db/utils.py:94: in __exit__
    raise dj_exc_value.with_traceback(traceback) from exc_value
venv/lib/python3.12/site-packages/django/db/backends/base/base.py:279: in ensure_connection
    self.connect()
venv/lib/python3.12/site-packages/django/utils/asyncio.py:26: in inner
    return func(*args, **kwargs)
           ^^^^^^^^^^^^^^^^^^^^^
venv/lib/python3.12/site-packages/django/db/backends/base/base.py:256: in connect
    self.connection = self.get_new_connection(conn_params)
                      ^^^^^^^^^^^^^^^^^^^^^^^^^^^^^^^^^^^^
venv/lib/python3.12/site-packages/django/utils/asyncio.py:26: in inner
    return func(*args, **kwargs)
           ^^^^^^^^^^^^^^^^^^^^^
venv/lib/python3.12/site-packages/django/db/backends/postgresql/base.py:333: in get_new_connection
    connection = self.Database.connect(**conn_params)
                 ^^^^^^^^^^^^^^^^^^^^^^^^^^^^^^^^^^^^
venv/lib/python3.12/site-packages/psycopg/connection.py:130: in connect
    raise new_ex.with_traceback(None)
E   django.db.utils.OperationalError: connection failed: connection to server at "127.0.0.1", port 5432 failed: FATAL:  password authentication failed for user "postgres"
E   Multiple connection attempts failed. All failures were:
E   - host: 'localhost', port: 5432, hostaddr: '::1': connection failed: connection to server at "::1", port 5432 failed: FATAL:  password authentication failed for user "postgres"
E   - host: 'localhost', port: 5432, hostaddr: '127.0.0.1': connection failed: connection to server at "127.0.0.1", port 5432 failed: FATAL:  password authentication failed for user "postgres"</error></testcase><testcase classname="apps.monitoring.tests.test_views.TestMonitoringViews" name="test_server_metrics_requires_admin" time="0.009"><error message="failed on setup with &quot;django.db.utils.OperationalError: connection failed: connection to server at &quot;127.0.0.1&quot;, port 5432 failed: FATAL:  password authentication failed for user &quot;postgres&quot;&#10;Multiple connection attempts failed. All failures were:&#10;- host: 'localhost', port: 5432, hostaddr: '::1': connection failed: connection to server at &quot;::1&quot;, port 5432 failed: FATAL:  password authentication failed for user &quot;postgres&quot;&#10;- host: 'localhost', port: 5432, hostaddr: '127.0.0.1': connection failed: connection to server at &quot;127.0.0.1&quot;, port 5432 failed: FATAL:  password authentication failed for user &quot;postgres&quot;&quot;">venv/lib/python3.12/site-packages/django/db/backends/base/base.py:279: in ensure_connection
    self.connect()
venv/lib/python3.12/site-packages/django/utils/asyncio.py:26: in inner
    return func(*args, **kwargs)
           ^^^^^^^^^^^^^^^^^^^^^
venv/lib/python3.12/site-packages/django/db/backends/base/base.py:256: in connect
    self.connection = self.get_new_connection(conn_params)
                      ^^^^^^^^^^^^^^^^^^^^^^^^^^^^^^^^^^^^
venv/lib/python3.12/site-packages/django/utils/asyncio.py:26: in inner
    return func(*args, **kwargs)
           ^^^^^^^^^^^^^^^^^^^^^
venv/lib/python3.12/site-packages/django/db/backends/postgresql/base.py:333: in get_new_connection
    connection = self.Database.connect(**conn_params)
                 ^^^^^^^^^^^^^^^^^^^^^^^^^^^^^^^^^^^^
venv/lib/python3.12/site-packages/psycopg/connection.py:130: in connect
    raise new_ex.with_traceback(None)
E   psycopg.OperationalError: connection failed: connection to server at "127.0.0.1", port 5432 failed: FATAL:  password authentication failed for user "postgres"
E   Multiple connection attempts failed. All failures were:
E   - host: 'localhost', port: 5432, hostaddr: '::1': connection failed: connection to server at "::1", port 5432 failed: FATAL:  password authentication failed for user "postgres"
E   - host: 'localhost', port: 5432, hostaddr: '127.0.0.1': connection failed: connection to server at "127.0.0.1", port 5432 failed: FATAL:  password authentication failed for user "postgres"

The above exception was the direct cause of the following exception:
venv/lib/python3.12/site-packages/pytest_asyncio/plugin.py:728: in pytest_fixture_setup
    return (yield)
            ^^^^^
venv/lib/python3.12/site-packages/pytest_django/plugin.py:566: in _django_db_marker
    request.getfixturevalue("_django_db_helper")
conftest.py:53: in django_db_setup
    tenant, _ = TenantModel.objects.get_or_create(
venv/lib/python3.12/site-packages/django/db/models/manager.py:87: in manager_method
    return getattr(self.get_queryset(), name)(*args, **kwargs)
           ^^^^^^^^^^^^^^^^^^^^^^^^^^^^^^^^^^^^^^^^^^^^^^^^^^^
venv/lib/python3.12/site-packages/django/db/models/query.py:987: in get_or_create
    return self.get(**kwargs), False
           ^^^^^^^^^^^^^^^^^^
venv/lib/python3.12/site-packages/django/db/models/query.py:635: in get
    num = len(clone)
          ^^^^^^^^^^
venv/lib/python3.12/site-packages/django/db/models/query.py:372: in __len__
    self._fetch_all()
venv/lib/python3.12/site-packages/django/db/models/query.py:2000: in _fetch_all
    self._result_cache = list(self._iterable_class(self))
                         ^^^^^^^^^^^^^^^^^^^^^^^^^^^^^^^^
venv/lib/python3.12/site-packages/django/db/models/query.py:95: in __iter__
    results = compiler.execute_sql(
venv/lib/python3.12/site-packages/django/db/models/sql/compiler.py:1622: in execute_sql
    cursor = self.connection.cursor()
             ^^^^^^^^^^^^^^^^^^^^^^^^
venv/lib/python3.12/site-packages/django/utils/asyncio.py:26: in inner
    return func(*args, **kwargs)
           ^^^^^^^^^^^^^^^^^^^^^
venv/lib/python3.12/site-packages/django/db/backends/base/base.py:320: in cursor
    return self._cursor()
           ^^^^^^^^^^^^^^
venv/lib/python3.12/site-packages/django_tenants/postgresql_backend/base.py:144: in _cursor
    cursor = super()._cursor()
             ^^^^^^^^^^^^^^^^^
venv/lib/python3.12/site-packages/django/db/backends/base/base.py:296: in _cursor
    self.ensure_connection()
venv/lib/python3.12/site-packages/django/utils/asyncio.py:26: in inner
    return func(*args, **kwargs)
           ^^^^^^^^^^^^^^^^^^^^^
venv/lib/python3.12/site-packages/django/db/backends/base/base.py:278: in ensure_connection
    with self.wrap_database_errors:
venv/lib/python3.12/site-packages/django/db/utils.py:94: in __exit__
    raise dj_exc_value.with_traceback(traceback) from exc_value
venv/lib/python3.12/site-packages/django/db/backends/base/base.py:279: in ensure_connection
    self.connect()
venv/lib/python3.12/site-packages/django/utils/asyncio.py:26: in inner
    return func(*args, **kwargs)
           ^^^^^^^^^^^^^^^^^^^^^
venv/lib/python3.12/site-packages/django/db/backends/base/base.py:256: in connect
    self.connection = self.get_new_connection(conn_params)
                      ^^^^^^^^^^^^^^^^^^^^^^^^^^^^^^^^^^^^
venv/lib/python3.12/site-packages/django/utils/asyncio.py:26: in inner
    return func(*args, **kwargs)
           ^^^^^^^^^^^^^^^^^^^^^
venv/lib/python3.12/site-packages/django/db/backends/postgresql/base.py:333: in get_new_connection
    connection = self.Database.connect(**conn_params)
                 ^^^^^^^^^^^^^^^^^^^^^^^^^^^^^^^^^^^^
venv/lib/python3.12/site-packages/psycopg/connection.py:130: in connect
    raise new_ex.with_traceback(None)
E   django.db.utils.OperationalError: connection failed: connection to server at "127.0.0.1", port 5432 failed: FATAL:  password authentication failed for user "postgres"
E   Multiple connection attempts failed. All failures were:
E   - host: 'localhost', port: 5432, hostaddr: '::1': connection failed: connection to server at "::1", port 5432 failed: FATAL:  password authentication failed for user "postgres"
E   - host: 'localhost', port: 5432, hostaddr: '127.0.0.1': connection failed: connection to server at "127.0.0.1", port 5432 failed: FATAL:  password authentication failed for user "postgres"</error></testcase><testcase classname="apps.monitoring.tests.test_views.TestMonitoringViews" name="test_server_metrics_admin_access" time="0.005"><error message="failed on setup with &quot;django.db.utils.OperationalError: connection failed: connection to server at &quot;127.0.0.1&quot;, port 5432 failed: FATAL:  password authentication failed for user &quot;postgres&quot;&#10;Multiple connection attempts failed. All failures were:&#10;- host: 'localhost', port: 5432, hostaddr: '::1': connection failed: connection to server at &quot;::1&quot;, port 5432 failed: FATAL:  password authentication failed for user &quot;postgres&quot;&#10;- host: 'localhost', port: 5432, hostaddr: '127.0.0.1': connection failed: connection to server at &quot;127.0.0.1&quot;, port 5432 failed: FATAL:  password authentication failed for user &quot;postgres&quot;&quot;">venv/lib/python3.12/site-packages/django/db/backends/base/base.py:279: in ensure_connection
    self.connect()
venv/lib/python3.12/site-packages/django/utils/asyncio.py:26: in inner
    return func(*args, **kwargs)
           ^^^^^^^^^^^^^^^^^^^^^
venv/lib/python3.12/site-packages/django/db/backends/base/base.py:256: in connect
    self.connection = self.get_new_connection(conn_params)
                      ^^^^^^^^^^^^^^^^^^^^^^^^^^^^^^^^^^^^
venv/lib/python3.12/site-packages/django/utils/asyncio.py:26: in inner
    return func(*args, **kwargs)
           ^^^^^^^^^^^^^^^^^^^^^
venv/lib/python3.12/site-packages/django/db/backends/postgresql/base.py:333: in get_new_connection
    connection = self.Database.connect(**conn_params)
                 ^^^^^^^^^^^^^^^^^^^^^^^^^^^^^^^^^^^^
venv/lib/python3.12/site-packages/psycopg/connection.py:130: in connect
    raise new_ex.with_traceback(None)
E   psycopg.OperationalError: connection failed: connection to server at "127.0.0.1", port 5432 failed: FATAL:  password authentication failed for user "postgres"
E   Multiple connection attempts failed. All failures were:
E   - host: 'localhost', port: 5432, hostaddr: '::1': connection failed: connection to server at "::1", port 5432 failed: FATAL:  password authentication failed for user "postgres"
E   - host: 'localhost', port: 5432, hostaddr: '127.0.0.1': connection failed: connection to server at "127.0.0.1", port 5432 failed: FATAL:  password authentication failed for user "postgres"

The above exception was the direct cause of the following exception:
conftest.py:53: in django_db_setup
    tenant, _ = TenantModel.objects.get_or_create(
venv/lib/python3.12/site-packages/django/db/models/manager.py:87: in manager_method
    return getattr(self.get_queryset(), name)(*args, **kwargs)
           ^^^^^^^^^^^^^^^^^^^^^^^^^^^^^^^^^^^^^^^^^^^^^^^^^^^
venv/lib/python3.12/site-packages/django/db/models/query.py:987: in get_or_create
    return self.get(**kwargs), False
           ^^^^^^^^^^^^^^^^^^
venv/lib/python3.12/site-packages/django/db/models/query.py:635: in get
    num = len(clone)
          ^^^^^^^^^^
venv/lib/python3.12/site-packages/django/db/models/query.py:372: in __len__
    self._fetch_all()
venv/lib/python3.12/site-packages/django/db/models/query.py:2000: in _fetch_all
    self._result_cache = list(self._iterable_class(self))
                         ^^^^^^^^^^^^^^^^^^^^^^^^^^^^^^^^
venv/lib/python3.12/site-packages/django/db/models/query.py:95: in __iter__
    results = compiler.execute_sql(
venv/lib/python3.12/site-packages/django/db/models/sql/compiler.py:1622: in execute_sql
    cursor = self.connection.cursor()
             ^^^^^^^^^^^^^^^^^^^^^^^^
venv/lib/python3.12/site-packages/django/utils/asyncio.py:26: in inner
    return func(*args, **kwargs)
           ^^^^^^^^^^^^^^^^^^^^^
venv/lib/python3.12/site-packages/django/db/backends/base/base.py:320: in cursor
    return self._cursor()
           ^^^^^^^^^^^^^^
venv/lib/python3.12/site-packages/django_tenants/postgresql_backend/base.py:144: in _cursor
    cursor = super()._cursor()
             ^^^^^^^^^^^^^^^^^
venv/lib/python3.12/site-packages/django/db/backends/base/base.py:296: in _cursor
    self.ensure_connection()
venv/lib/python3.12/site-packages/django/utils/asyncio.py:26: in inner
    return func(*args, **kwargs)
           ^^^^^^^^^^^^^^^^^^^^^
venv/lib/python3.12/site-packages/django/db/backends/base/base.py:278: in ensure_connection
    with self.wrap_database_errors:
venv/lib/python3.12/site-packages/django/db/utils.py:94: in __exit__
    raise dj_exc_value.with_traceback(traceback) from exc_value
venv/lib/python3.12/site-packages/django/db/backends/base/base.py:279: in ensure_connection
    self.connect()
venv/lib/python3.12/site-packages/django/utils/asyncio.py:26: in inner
    return func(*args, **kwargs)
           ^^^^^^^^^^^^^^^^^^^^^
venv/lib/python3.12/site-packages/django/db/backends/base/base.py:256: in connect
    self.connection = self.get_new_connection(conn_params)
                      ^^^^^^^^^^^^^^^^^^^^^^^^^^^^^^^^^^^^
venv/lib/python3.12/site-packages/django/utils/asyncio.py:26: in inner
    return func(*args, **kwargs)
           ^^^^^^^^^^^^^^^^^^^^^
venv/lib/python3.12/site-packages/django/db/backends/postgresql/base.py:333: in get_new_connection
    connection = self.Database.connect(**conn_params)
                 ^^^^^^^^^^^^^^^^^^^^^^^^^^^^^^^^^^^^
venv/lib/python3.12/site-packages/psycopg/connection.py:130: in connect
    raise new_ex.with_traceback(None)
E   django.db.utils.OperationalError: connection failed: connection to server at "127.0.0.1", port 5432 failed: FATAL:  password authentication failed for user "postgres"
E   Multiple connection attempts failed. All failures were:
E   - host: 'localhost', port: 5432, hostaddr: '::1': connection failed: connection to server at "::1", port 5432 failed: FATAL:  password authentication failed for user "postgres"
E   - host: 'localhost', port: 5432, hostaddr: '127.0.0.1': connection failed: connection to server at "127.0.0.1", port 5432 failed: FATAL:  password authentication failed for user "postgres"</error></testcase><testcase classname="apps.monitoring.tests.test_views.TestMonitoringViews" name="test_db_metrics_requires_admin" time="0.008"><error message="failed on setup with &quot;django.db.utils.OperationalError: connection failed: connection to server at &quot;127.0.0.1&quot;, port 5432 failed: FATAL:  password authentication failed for user &quot;postgres&quot;&#10;Multiple connection attempts failed. All failures were:&#10;- host: 'localhost', port: 5432, hostaddr: '::1': connection failed: connection to server at &quot;::1&quot;, port 5432 failed: FATAL:  password authentication failed for user &quot;postgres&quot;&#10;- host: 'localhost', port: 5432, hostaddr: '127.0.0.1': connection failed: connection to server at &quot;127.0.0.1&quot;, port 5432 failed: FATAL:  password authentication failed for user &quot;postgres&quot;&quot;">venv/lib/python3.12/site-packages/django/db/backends/base/base.py:279: in ensure_connection
    self.connect()
venv/lib/python3.12/site-packages/django/utils/asyncio.py:26: in inner
    return func(*args, **kwargs)
           ^^^^^^^^^^^^^^^^^^^^^
venv/lib/python3.12/site-packages/django/db/backends/base/base.py:256: in connect
    self.connection = self.get_new_connection(conn_params)
                      ^^^^^^^^^^^^^^^^^^^^^^^^^^^^^^^^^^^^
venv/lib/python3.12/site-packages/django/utils/asyncio.py:26: in inner
    return func(*args, **kwargs)
           ^^^^^^^^^^^^^^^^^^^^^
venv/lib/python3.12/site-packages/django/db/backends/postgresql/base.py:333: in get_new_connection
    connection = self.Database.connect(**conn_params)
                 ^^^^^^^^^^^^^^^^^^^^^^^^^^^^^^^^^^^^
venv/lib/python3.12/site-packages/psycopg/connection.py:130: in connect
    raise new_ex.with_traceback(None)
E   psycopg.OperationalError: connection failed: connection to server at "127.0.0.1", port 5432 failed: FATAL:  password authentication failed for user "postgres"
E   Multiple connection attempts failed. All failures were:
E   - host: 'localhost', port: 5432, hostaddr: '::1': connection failed: connection to server at "::1", port 5432 failed: FATAL:  password authentication failed for user "postgres"
E   - host: 'localhost', port: 5432, hostaddr: '127.0.0.1': connection failed: connection to server at "127.0.0.1", port 5432 failed: FATAL:  password authentication failed for user "postgres"

The above exception was the direct cause of the following exception:
venv/lib/python3.12/site-packages/pytest_asyncio/plugin.py:728: in pytest_fixture_setup
    return (yield)
            ^^^^^
venv/lib/python3.12/site-packages/pytest_django/plugin.py:566: in _django_db_marker
    request.getfixturevalue("_django_db_helper")
conftest.py:53: in django_db_setup
    tenant, _ = TenantModel.objects.get_or_create(
venv/lib/python3.12/site-packages/django/db/models/manager.py:87: in manager_method
    return getattr(self.get_queryset(), name)(*args, **kwargs)
           ^^^^^^^^^^^^^^^^^^^^^^^^^^^^^^^^^^^^^^^^^^^^^^^^^^^
venv/lib/python3.12/site-packages/django/db/models/query.py:987: in get_or_create
    return self.get(**kwargs), False
           ^^^^^^^^^^^^^^^^^^
venv/lib/python3.12/site-packages/django/db/models/query.py:635: in get
    num = len(clone)
          ^^^^^^^^^^
venv/lib/python3.12/site-packages/django/db/models/query.py:372: in __len__
    self._fetch_all()
venv/lib/python3.12/site-packages/django/db/models/query.py:2000: in _fetch_all
    self._result_cache = list(self._iterable_class(self))
                         ^^^^^^^^^^^^^^^^^^^^^^^^^^^^^^^^
venv/lib/python3.12/site-packages/django/db/models/query.py:95: in __iter__
    results = compiler.execute_sql(
venv/lib/python3.12/site-packages/django/db/models/sql/compiler.py:1622: in execute_sql
    cursor = self.connection.cursor()
             ^^^^^^^^^^^^^^^^^^^^^^^^
venv/lib/python3.12/site-packages/django/utils/asyncio.py:26: in inner
    return func(*args, **kwargs)
           ^^^^^^^^^^^^^^^^^^^^^
venv/lib/python3.12/site-packages/django/db/backends/base/base.py:320: in cursor
    return self._cursor()
           ^^^^^^^^^^^^^^
venv/lib/python3.12/site-packages/django_tenants/postgresql_backend/base.py:144: in _cursor
    cursor = super()._cursor()
             ^^^^^^^^^^^^^^^^^
venv/lib/python3.12/site-packages/django/db/backends/base/base.py:296: in _cursor
    self.ensure_connection()
venv/lib/python3.12/site-packages/django/utils/asyncio.py:26: in inner
    return func(*args, **kwargs)
           ^^^^^^^^^^^^^^^^^^^^^
venv/lib/python3.12/site-packages/django/db/backends/base/base.py:278: in ensure_connection
    with self.wrap_database_errors:
venv/lib/python3.12/site-packages/django/db/utils.py:94: in __exit__
    raise dj_exc_value.with_traceback(traceback) from exc_value
venv/lib/python3.12/site-packages/django/db/backends/base/base.py:279: in ensure_connection
    self.connect()
venv/lib/python3.12/site-packages/django/utils/asyncio.py:26: in inner
    return func(*args, **kwargs)
           ^^^^^^^^^^^^^^^^^^^^^
venv/lib/python3.12/site-packages/django/db/backends/base/base.py:256: in connect
    self.connection = self.get_new_connection(conn_params)
                      ^^^^^^^^^^^^^^^^^^^^^^^^^^^^^^^^^^^^
venv/lib/python3.12/site-packages/django/utils/asyncio.py:26: in inner
    return func(*args, **kwargs)
           ^^^^^^^^^^^^^^^^^^^^^
venv/lib/python3.12/site-packages/django/db/backends/postgresql/base.py:333: in get_new_connection
    connection = self.Database.connect(**conn_params)
                 ^^^^^^^^^^^^^^^^^^^^^^^^^^^^^^^^^^^^
venv/lib/python3.12/site-packages/psycopg/connection.py:130: in connect
    raise new_ex.with_traceback(None)
E   django.db.utils.OperationalError: connection failed: connection to server at "127.0.0.1", port 5432 failed: FATAL:  password authentication failed for user "postgres"
E   Multiple connection attempts failed. All failures were:
E   - host: 'localhost', port: 5432, hostaddr: '::1': connection failed: connection to server at "::1", port 5432 failed: FATAL:  password authentication failed for user "postgres"
E   - host: 'localhost', port: 5432, hostaddr: '127.0.0.1': connection failed: connection to server at "127.0.0.1", port 5432 failed: FATAL:  password authentication failed for user "postgres"</error></testcase><testcase classname="apps.monitoring.tests.test_views.TestMonitoringViews" name="test_db_metrics_admin_access" time="0.004"><error message="failed on setup with &quot;django.db.utils.OperationalError: connection failed: connection to server at &quot;127.0.0.1&quot;, port 5432 failed: FATAL:  password authentication failed for user &quot;postgres&quot;&#10;Multiple connection attempts failed. All failures were:&#10;- host: 'localhost', port: 5432, hostaddr: '::1': connection failed: connection to server at &quot;::1&quot;, port 5432 failed: FATAL:  password authentication failed for user &quot;postgres&quot;&#10;- host: 'localhost', port: 5432, hostaddr: '127.0.0.1': connection failed: connection to server at &quot;127.0.0.1&quot;, port 5432 failed: FATAL:  password authentication failed for user &quot;postgres&quot;&quot;">venv/lib/python3.12/site-packages/django/db/backends/base/base.py:279: in ensure_connection
    self.connect()
venv/lib/python3.12/site-packages/django/utils/asyncio.py:26: in inner
    return func(*args, **kwargs)
           ^^^^^^^^^^^^^^^^^^^^^
venv/lib/python3.12/site-packages/django/db/backends/base/base.py:256: in connect
    self.connection = self.get_new_connection(conn_params)
                      ^^^^^^^^^^^^^^^^^^^^^^^^^^^^^^^^^^^^
venv/lib/python3.12/site-packages/django/utils/asyncio.py:26: in inner
    return func(*args, **kwargs)
           ^^^^^^^^^^^^^^^^^^^^^
venv/lib/python3.12/site-packages/django/db/backends/postgresql/base.py:333: in get_new_connection
    connection = self.Database.connect(**conn_params)
                 ^^^^^^^^^^^^^^^^^^^^^^^^^^^^^^^^^^^^
venv/lib/python3.12/site-packages/psycopg/connection.py:130: in connect
    raise new_ex.with_traceback(None)
E   psycopg.OperationalError: connection failed: connection to server at "127.0.0.1", port 5432 failed: FATAL:  password authentication failed for user "postgres"
E   Multiple connection attempts failed. All failures were:
E   - host: 'localhost', port: 5432, hostaddr: '::1': connection failed: connection to server at "::1", port 5432 failed: FATAL:  password authentication failed for user "postgres"
E   - host: 'localhost', port: 5432, hostaddr: '127.0.0.1': connection failed: connection to server at "127.0.0.1", port 5432 failed: FATAL:  password authentication failed for user "postgres"

The above exception was the direct cause of the following exception:
conftest.py:53: in django_db_setup
    tenant, _ = TenantModel.objects.get_or_create(
venv/lib/python3.12/site-packages/django/db/models/manager.py:87: in manager_method
    return getattr(self.get_queryset(), name)(*args, **kwargs)
           ^^^^^^^^^^^^^^^^^^^^^^^^^^^^^^^^^^^^^^^^^^^^^^^^^^^
venv/lib/python3.12/site-packages/django/db/models/query.py:987: in get_or_create
    return self.get(**kwargs), False
           ^^^^^^^^^^^^^^^^^^
venv/lib/python3.12/site-packages/django/db/models/query.py:635: in get
    num = len(clone)
          ^^^^^^^^^^
venv/lib/python3.12/site-packages/django/db/models/query.py:372: in __len__
    self._fetch_all()
venv/lib/python3.12/site-packages/django/db/models/query.py:2000: in _fetch_all
    self._result_cache = list(self._iterable_class(self))
                         ^^^^^^^^^^^^^^^^^^^^^^^^^^^^^^^^
venv/lib/python3.12/site-packages/django/db/models/query.py:95: in __iter__
    results = compiler.execute_sql(
venv/lib/python3.12/site-packages/django/db/models/sql/compiler.py:1622: in execute_sql
    cursor = self.connection.cursor()
             ^^^^^^^^^^^^^^^^^^^^^^^^
venv/lib/python3.12/site-packages/django/utils/asyncio.py:26: in inner
    return func(*args, **kwargs)
           ^^^^^^^^^^^^^^^^^^^^^
venv/lib/python3.12/site-packages/django/db/backends/base/base.py:320: in cursor
    return self._cursor()
           ^^^^^^^^^^^^^^
venv/lib/python3.12/site-packages/django_tenants/postgresql_backend/base.py:144: in _cursor
    cursor = super()._cursor()
             ^^^^^^^^^^^^^^^^^
venv/lib/python3.12/site-packages/django/db/backends/base/base.py:296: in _cursor
    self.ensure_connection()
venv/lib/python3.12/site-packages/django/utils/asyncio.py:26: in inner
    return func(*args, **kwargs)
           ^^^^^^^^^^^^^^^^^^^^^
venv/lib/python3.12/site-packages/django/db/backends/base/base.py:278: in ensure_connection
    with self.wrap_database_errors:
venv/lib/python3.12/site-packages/django/db/utils.py:94: in __exit__
    raise dj_exc_value.with_traceback(traceback) from exc_value
venv/lib/python3.12/site-packages/django/db/backends/base/base.py:279: in ensure_connection
    self.connect()
venv/lib/python3.12/site-packages/django/utils/asyncio.py:26: in inner
    return func(*args, **kwargs)
           ^^^^^^^^^^^^^^^^^^^^^
venv/lib/python3.12/site-packages/django/db/backends/base/base.py:256: in connect
    self.connection = self.get_new_connection(conn_params)
                      ^^^^^^^^^^^^^^^^^^^^^^^^^^^^^^^^^^^^
venv/lib/python3.12/site-packages/django/utils/asyncio.py:26: in inner
    return func(*args, **kwargs)
           ^^^^^^^^^^^^^^^^^^^^^
venv/lib/python3.12/site-packages/django/db/backends/postgresql/base.py:333: in get_new_connection
    connection = self.Database.connect(**conn_params)
                 ^^^^^^^^^^^^^^^^^^^^^^^^^^^^^^^^^^^^
venv/lib/python3.12/site-packages/psycopg/connection.py:130: in connect
    raise new_ex.with_traceback(None)
E   django.db.utils.OperationalError: connection failed: connection to server at "127.0.0.1", port 5432 failed: FATAL:  password authentication failed for user "postgres"
E   Multiple connection attempts failed. All failures were:
E   - host: 'localhost', port: 5432, hostaddr: '::1': connection failed: connection to server at "::1", port 5432 failed: FATAL:  password authentication failed for user "postgres"
E   - host: 'localhost', port: 5432, hostaddr: '127.0.0.1': connection failed: connection to server at "127.0.0.1", port 5432 failed: FATAL:  password authentication failed for user "postgres"</error></testcase><testcase classname="apps.tenants.tests.TenantsAppConfigTest" name="test_app_config_name" time="0.009"><error message="failed on setup with &quot;django.db.utils.OperationalError: connection failed: connection to server at &quot;127.0.0.1&quot;, port 5432 failed: FATAL:  password authentication failed for user &quot;postgres&quot;&#10;Multiple connection attempts failed. All failures were:&#10;- host: 'localhost', port: 5432, hostaddr: '::1': connection failed: connection to server at &quot;::1&quot;, port 5432 failed: FATAL:  password authentication failed for user &quot;postgres&quot;&#10;- host: 'localhost', port: 5432, hostaddr: '127.0.0.1': connection failed: connection to server at &quot;127.0.0.1&quot;, port 5432 failed: FATAL:  password authentication failed for user &quot;postgres&quot;&quot;">venv/lib/python3.12/site-packages/django/db/backends/base/base.py:279: in ensure_connection
    self.connect()
venv/lib/python3.12/site-packages/django/utils/asyncio.py:26: in inner
    return func(*args, **kwargs)
           ^^^^^^^^^^^^^^^^^^^^^
venv/lib/python3.12/site-packages/django/db/backends/base/base.py:256: in connect
    self.connection = self.get_new_connection(conn_params)
                      ^^^^^^^^^^^^^^^^^^^^^^^^^^^^^^^^^^^^
venv/lib/python3.12/site-packages/django/utils/asyncio.py:26: in inner
    return func(*args, **kwargs)
           ^^^^^^^^^^^^^^^^^^^^^
venv/lib/python3.12/site-packages/django/db/backends/postgresql/base.py:333: in get_new_connection
    connection = self.Database.connect(**conn_params)
                 ^^^^^^^^^^^^^^^^^^^^^^^^^^^^^^^^^^^^
venv/lib/python3.12/site-packages/psycopg/connection.py:130: in connect
    raise new_ex.with_traceback(None)
E   psycopg.OperationalError: connection failed: connection to server at "127.0.0.1", port 5432 failed: FATAL:  password authentication failed for user "postgres"
E   Multiple connection attempts failed. All failures were:
E   - host: 'localhost', port: 5432, hostaddr: '::1': connection failed: connection to server at "::1", port 5432 failed: FATAL:  password authentication failed for user "postgres"
E   - host: 'localhost', port: 5432, hostaddr: '127.0.0.1': connection failed: connection to server at "127.0.0.1", port 5432 failed: FATAL:  password authentication failed for user "postgres"

The above exception was the direct cause of the following exception:
venv/lib/python3.12/site-packages/pytest_asyncio/plugin.py:728: in pytest_fixture_setup
    return (yield)
            ^^^^^
venv/lib/python3.12/site-packages/pytest_django/plugin.py:598: in _django_setup_unittest
    request.getfixturevalue("django_db_setup")
conftest.py:53: in django_db_setup
    tenant, _ = TenantModel.objects.get_or_create(
venv/lib/python3.12/site-packages/django/db/models/manager.py:87: in manager_method
    return getattr(self.get_queryset(), name)(*args, **kwargs)
           ^^^^^^^^^^^^^^^^^^^^^^^^^^^^^^^^^^^^^^^^^^^^^^^^^^^
venv/lib/python3.12/site-packages/django/db/models/query.py:987: in get_or_create
    return self.get(**kwargs), False
           ^^^^^^^^^^^^^^^^^^
venv/lib/python3.12/site-packages/django/db/models/query.py:635: in get
    num = len(clone)
          ^^^^^^^^^^
venv/lib/python3.12/site-packages/django/db/models/query.py:372: in __len__
    self._fetch_all()
venv/lib/python3.12/site-packages/django/db/models/query.py:2000: in _fetch_all
    self._result_cache = list(self._iterable_class(self))
                         ^^^^^^^^^^^^^^^^^^^^^^^^^^^^^^^^
venv/lib/python3.12/site-packages/django/db/models/query.py:95: in __iter__
    results = compiler.execute_sql(
venv/lib/python3.12/site-packages/django/db/models/sql/compiler.py:1622: in execute_sql
    cursor = self.connection.cursor()
             ^^^^^^^^^^^^^^^^^^^^^^^^
venv/lib/python3.12/site-packages/django/utils/asyncio.py:26: in inner
    return func(*args, **kwargs)
           ^^^^^^^^^^^^^^^^^^^^^
venv/lib/python3.12/site-packages/django/db/backends/base/base.py:320: in cursor
    return self._cursor()
           ^^^^^^^^^^^^^^
venv/lib/python3.12/site-packages/django_tenants/postgresql_backend/base.py:144: in _cursor
    cursor = super()._cursor()
             ^^^^^^^^^^^^^^^^^
venv/lib/python3.12/site-packages/django/db/backends/base/base.py:296: in _cursor
    self.ensure_connection()
venv/lib/python3.12/site-packages/django/utils/asyncio.py:26: in inner
    return func(*args, **kwargs)
           ^^^^^^^^^^^^^^^^^^^^^
venv/lib/python3.12/site-packages/django/db/backends/base/base.py:278: in ensure_connection
    with self.wrap_database_errors:
venv/lib/python3.12/site-packages/django/db/utils.py:94: in __exit__
    raise dj_exc_value.with_traceback(traceback) from exc_value
venv/lib/python3.12/site-packages/django/db/backends/base/base.py:279: in ensure_connection
    self.connect()
venv/lib/python3.12/site-packages/django/utils/asyncio.py:26: in inner
    return func(*args, **kwargs)
           ^^^^^^^^^^^^^^^^^^^^^
venv/lib/python3.12/site-packages/django/db/backends/base/base.py:256: in connect
    self.connection = self.get_new_connection(conn_params)
                      ^^^^^^^^^^^^^^^^^^^^^^^^^^^^^^^^^^^^
venv/lib/python3.12/site-packages/django/utils/asyncio.py:26: in inner
    return func(*args, **kwargs)
           ^^^^^^^^^^^^^^^^^^^^^
venv/lib/python3.12/site-packages/django/db/backends/postgresql/base.py:333: in get_new_connection
    connection = self.Database.connect(**conn_params)
                 ^^^^^^^^^^^^^^^^^^^^^^^^^^^^^^^^^^^^
venv/lib/python3.12/site-packages/psycopg/connection.py:130: in connect
    raise new_ex.with_traceback(None)
E   django.db.utils.OperationalError: connection failed: connection to server at "127.0.0.1", port 5432 failed: FATAL:  password authentication failed for user "postgres"
E   Multiple connection attempts failed. All failures were:
E   - host: 'localhost', port: 5432, hostaddr: '::1': connection failed: connection to server at "::1", port 5432 failed: FATAL:  password authentication failed for user "postgres"
E   - host: 'localhost', port: 5432, hostaddr: '127.0.0.1': connection failed: connection to server at "127.0.0.1", port 5432 failed: FATAL:  password authentication failed for user "postgres"</error></testcase><testcase classname="apps.tenants.tests.TenantsAppConfigTest" name="test_app_is_in_installed_apps" time="0.005"><error message="failed on setup with &quot;django.db.utils.OperationalError: connection failed: connection to server at &quot;127.0.0.1&quot;, port 5432 failed: FATAL:  password authentication failed for user &quot;postgres&quot;&#10;Multiple connection attempts failed. All failures were:&#10;- host: 'localhost', port: 5432, hostaddr: '::1': connection failed: connection to server at &quot;::1&quot;, port 5432 failed: FATAL:  password authentication failed for user &quot;postgres&quot;&#10;- host: 'localhost', port: 5432, hostaddr: '127.0.0.1': connection failed: connection to server at &quot;127.0.0.1&quot;, port 5432 failed: FATAL:  password authentication failed for user &quot;postgres&quot;&quot;">venv/lib/python3.12/site-packages/django/db/backends/base/base.py:279: in ensure_connection
    self.connect()
venv/lib/python3.12/site-packages/django/utils/asyncio.py:26: in inner
    return func(*args, **kwargs)
           ^^^^^^^^^^^^^^^^^^^^^
venv/lib/python3.12/site-packages/django/db/backends/base/base.py:256: in connect
    self.connection = self.get_new_connection(conn_params)
                      ^^^^^^^^^^^^^^^^^^^^^^^^^^^^^^^^^^^^
venv/lib/python3.12/site-packages/django/utils/asyncio.py:26: in inner
    return func(*args, **kwargs)
           ^^^^^^^^^^^^^^^^^^^^^
venv/lib/python3.12/site-packages/django/db/backends/postgresql/base.py:333: in get_new_connection
    connection = self.Database.connect(**conn_params)
                 ^^^^^^^^^^^^^^^^^^^^^^^^^^^^^^^^^^^^
venv/lib/python3.12/site-packages/psycopg/connection.py:130: in connect
    raise new_ex.with_traceback(None)
E   psycopg.OperationalError: connection failed: connection to server at "127.0.0.1", port 5432 failed: FATAL:  password authentication failed for user "postgres"
E   Multiple connection attempts failed. All failures were:
E   - host: 'localhost', port: 5432, hostaddr: '::1': connection failed: connection to server at "::1", port 5432 failed: FATAL:  password authentication failed for user "postgres"
E   - host: 'localhost', port: 5432, hostaddr: '127.0.0.1': connection failed: connection to server at "127.0.0.1", port 5432 failed: FATAL:  password authentication failed for user "postgres"

The above exception was the direct cause of the following exception:
venv/lib/python3.12/site-packages/pytest_django/plugin.py:598: in _django_setup_unittest
    request.getfixturevalue("django_db_setup")
conftest.py:53: in django_db_setup
    tenant, _ = TenantModel.objects.get_or_create(
venv/lib/python3.12/site-packages/django/db/models/manager.py:87: in manager_method
    return getattr(self.get_queryset(), name)(*args, **kwargs)
           ^^^^^^^^^^^^^^^^^^^^^^^^^^^^^^^^^^^^^^^^^^^^^^^^^^^
venv/lib/python3.12/site-packages/django/db/models/query.py:987: in get_or_create
    return self.get(**kwargs), False
           ^^^^^^^^^^^^^^^^^^
venv/lib/python3.12/site-packages/django/db/models/query.py:635: in get
    num = len(clone)
          ^^^^^^^^^^
venv/lib/python3.12/site-packages/django/db/models/query.py:372: in __len__
    self._fetch_all()
venv/lib/python3.12/site-packages/django/db/models/query.py:2000: in _fetch_all
    self._result_cache = list(self._iterable_class(self))
                         ^^^^^^^^^^^^^^^^^^^^^^^^^^^^^^^^
venv/lib/python3.12/site-packages/django/db/models/query.py:95: in __iter__
    results = compiler.execute_sql(
venv/lib/python3.12/site-packages/django/db/models/sql/compiler.py:1622: in execute_sql
    cursor = self.connection.cursor()
             ^^^^^^^^^^^^^^^^^^^^^^^^
venv/lib/python3.12/site-packages/django/utils/asyncio.py:26: in inner
    return func(*args, **kwargs)
           ^^^^^^^^^^^^^^^^^^^^^
venv/lib/python3.12/site-packages/django/db/backends/base/base.py:320: in cursor
    return self._cursor()
           ^^^^^^^^^^^^^^
venv/lib/python3.12/site-packages/django_tenants/postgresql_backend/base.py:144: in _cursor
    cursor = super()._cursor()
             ^^^^^^^^^^^^^^^^^
venv/lib/python3.12/site-packages/django/db/backends/base/base.py:296: in _cursor
    self.ensure_connection()
venv/lib/python3.12/site-packages/django/utils/asyncio.py:26: in inner
    return func(*args, **kwargs)
           ^^^^^^^^^^^^^^^^^^^^^
venv/lib/python3.12/site-packages/django/db/backends/base/base.py:278: in ensure_connection
    with self.wrap_database_errors:
venv/lib/python3.12/site-packages/django/db/utils.py:94: in __exit__
    raise dj_exc_value.with_traceback(traceback) from exc_value
venv/lib/python3.12/site-packages/django/db/backends/base/base.py:279: in ensure_connection
    self.connect()
venv/lib/python3.12/site-packages/django/utils/asyncio.py:26: in inner
    return func(*args, **kwargs)
           ^^^^^^^^^^^^^^^^^^^^^
venv/lib/python3.12/site-packages/django/db/backends/base/base.py:256: in connect
    self.connection = self.get_new_connection(conn_params)
                      ^^^^^^^^^^^^^^^^^^^^^^^^^^^^^^^^^^^^
venv/lib/python3.12/site-packages/django/utils/asyncio.py:26: in inner
    return func(*args, **kwargs)
           ^^^^^^^^^^^^^^^^^^^^^
venv/lib/python3.12/site-packages/django/db/backends/postgresql/base.py:333: in get_new_connection
    connection = self.Database.connect(**conn_params)
                 ^^^^^^^^^^^^^^^^^^^^^^^^^^^^^^^^^^^^
venv/lib/python3.12/site-packages/psycopg/connection.py:130: in connect
    raise new_ex.with_traceback(None)
E   django.db.utils.OperationalError: connection failed: connection to server at "127.0.0.1", port 5432 failed: FATAL:  password authentication failed for user "postgres"
E   Multiple connection attempts failed. All failures were:
E   - host: 'localhost', port: 5432, hostaddr: '::1': connection failed: connection to server at "::1", port 5432 failed: FATAL:  password authentication failed for user "postgres"
E   - host: 'localhost', port: 5432, hostaddr: '127.0.0.1': connection failed: connection to server at "127.0.0.1", port 5432 failed: FATAL:  password authentication failed for user "postgres"</error></testcase><testcase classname="apps.core.tests.test_middleware.TestMiddleware" name="test_middleware_processes_request" time="0.020" /><testcase classname="apps.core.tests.test_views.TestMiddleware" name="test_health_check_path_skips_tenant_resolution" time="0.021" /><testcase classname="apps.core.tests.test_views.TestMiddleware" name="test_non_health_check_path_calls_super" time="0.053" /><testcase classname="apps.core.tests.test_views.TestMiddleware" name="test_health_check_path_constant" time="0.022" /></testsuite></testsuites>
